Archive member included to satisfy reference by file (symbol)

/home/guanhuai/st/stm32cubeclt_1.16.0/GNU-tools-for-STM32/bin/../lib/gcc/arm-none-eabi/12.3.1/thumb/v7e-m/nofp/libgcc.a(_aeabi_uldivmod.o)
                              CMakeFiles/Project2_PWM.elf.dir/Drivers/STM32F4xx_HAL_Driver/Src/stm32f4xx_hal_rcc.c.obj (__aeabi_uldivmod)
/home/guanhuai/st/stm32cubeclt_1.16.0/GNU-tools-for-STM32/bin/../lib/gcc/arm-none-eabi/12.3.1/thumb/v7e-m/nofp/libgcc.a(_udivmoddi4.o)
                              /home/guanhuai/st/stm32cubeclt_1.16.0/GNU-tools-for-STM32/bin/../lib/gcc/arm-none-eabi/12.3.1/thumb/v7e-m/nofp/libgcc.a(_aeabi_uldivmod.o) (__udivmoddi4)
/home/guanhuai/st/stm32cubeclt_1.16.0/GNU-tools-for-STM32/bin/../lib/gcc/arm-none-eabi/12.3.1/thumb/v7e-m/nofp/libgcc.a(_dvmd_tls.o)
                              /home/guanhuai/st/stm32cubeclt_1.16.0/GNU-tools-for-STM32/bin/../lib/gcc/arm-none-eabi/12.3.1/thumb/v7e-m/nofp/libgcc.a(_aeabi_uldivmod.o) (__aeabi_ldiv0)
/home/guanhuai/st/stm32cubeclt_1.16.0/GNU-tools-for-STM32/bin/../lib/gcc/arm-none-eabi/12.3.1/../../../../arm-none-eabi/lib/thumb/v7e-m/nofp/libg.a(libc_a-exit.o)
                              /home/guanhuai/st/stm32cubeclt_1.16.0/GNU-tools-for-STM32/bin/../lib/gcc/arm-none-eabi/12.3.1/../../../../arm-none-eabi/lib/thumb/v7e-m/nofp/crt0.o (exit)
/home/guanhuai/st/stm32cubeclt_1.16.0/GNU-tools-for-STM32/bin/../lib/gcc/arm-none-eabi/12.3.1/../../../../arm-none-eabi/lib/thumb/v7e-m/nofp/libg.a(libc_a-findfp.o)
                              /home/guanhuai/st/stm32cubeclt_1.16.0/GNU-tools-for-STM32/bin/../lib/gcc/arm-none-eabi/12.3.1/../../../../arm-none-eabi/lib/thumb/v7e-m/nofp/libg.a(libc_a-exit.o) (__stdio_exit_handler)
/home/guanhuai/st/stm32cubeclt_1.16.0/GNU-tools-for-STM32/bin/../lib/gcc/arm-none-eabi/12.3.1/../../../../arm-none-eabi/lib/thumb/v7e-m/nofp/libg.a(libc_a-fwalk.o)
                              /home/guanhuai/st/stm32cubeclt_1.16.0/GNU-tools-for-STM32/bin/../lib/gcc/arm-none-eabi/12.3.1/../../../../arm-none-eabi/lib/thumb/v7e-m/nofp/libg.a(libc_a-findfp.o) (_fwalk_sglue)
/home/guanhuai/st/stm32cubeclt_1.16.0/GNU-tools-for-STM32/bin/../lib/gcc/arm-none-eabi/12.3.1/../../../../arm-none-eabi/lib/thumb/v7e-m/nofp/libg.a(libc_a-sprintf.o)
                              CMakeFiles/Project2_PWM.elf.dir/Core/Src/callback.c.obj (sprintf)
/home/guanhuai/st/stm32cubeclt_1.16.0/GNU-tools-for-STM32/bin/../lib/gcc/arm-none-eabi/12.3.1/../../../../arm-none-eabi/lib/thumb/v7e-m/nofp/libg.a(libc_a-stdio.o)
                              /home/guanhuai/st/stm32cubeclt_1.16.0/GNU-tools-for-STM32/bin/../lib/gcc/arm-none-eabi/12.3.1/../../../../arm-none-eabi/lib/thumb/v7e-m/nofp/libg.a(libc_a-findfp.o) (__sread)
/home/guanhuai/st/stm32cubeclt_1.16.0/GNU-tools-for-STM32/bin/../lib/gcc/arm-none-eabi/12.3.1/../../../../arm-none-eabi/lib/thumb/v7e-m/nofp/libg.a(libc_a-memset.o)
                              /home/guanhuai/st/stm32cubeclt_1.16.0/GNU-tools-for-STM32/bin/../lib/gcc/arm-none-eabi/12.3.1/../../../../arm-none-eabi/lib/thumb/v7e-m/nofp/crt0.o (memset)
/home/guanhuai/st/stm32cubeclt_1.16.0/GNU-tools-for-STM32/bin/../lib/gcc/arm-none-eabi/12.3.1/../../../../arm-none-eabi/lib/thumb/v7e-m/nofp/libg.a(libc_a-closer.o)
                              /home/guanhuai/st/stm32cubeclt_1.16.0/GNU-tools-for-STM32/bin/../lib/gcc/arm-none-eabi/12.3.1/../../../../arm-none-eabi/lib/thumb/v7e-m/nofp/libg.a(libc_a-stdio.o) (_close_r)
/home/guanhuai/st/stm32cubeclt_1.16.0/GNU-tools-for-STM32/bin/../lib/gcc/arm-none-eabi/12.3.1/../../../../arm-none-eabi/lib/thumb/v7e-m/nofp/libg.a(libc_a-reent.o)
                              /home/guanhuai/st/stm32cubeclt_1.16.0/GNU-tools-for-STM32/bin/../lib/gcc/arm-none-eabi/12.3.1/../../../../arm-none-eabi/lib/thumb/v7e-m/nofp/libg.a(libc_a-closer.o) (errno)
/home/guanhuai/st/stm32cubeclt_1.16.0/GNU-tools-for-STM32/bin/../lib/gcc/arm-none-eabi/12.3.1/../../../../arm-none-eabi/lib/thumb/v7e-m/nofp/libg.a(libc_a-impure.o)
                              /home/guanhuai/st/stm32cubeclt_1.16.0/GNU-tools-for-STM32/bin/../lib/gcc/arm-none-eabi/12.3.1/../../../../arm-none-eabi/lib/thumb/v7e-m/nofp/libg.a(libc_a-sprintf.o) (_impure_ptr)
/home/guanhuai/st/stm32cubeclt_1.16.0/GNU-tools-for-STM32/bin/../lib/gcc/arm-none-eabi/12.3.1/../../../../arm-none-eabi/lib/thumb/v7e-m/nofp/libg.a(libc_a-lseekr.o)
                              /home/guanhuai/st/stm32cubeclt_1.16.0/GNU-tools-for-STM32/bin/../lib/gcc/arm-none-eabi/12.3.1/../../../../arm-none-eabi/lib/thumb/v7e-m/nofp/libg.a(libc_a-stdio.o) (_lseek_r)
/home/guanhuai/st/stm32cubeclt_1.16.0/GNU-tools-for-STM32/bin/../lib/gcc/arm-none-eabi/12.3.1/../../../../arm-none-eabi/lib/thumb/v7e-m/nofp/libg.a(libc_a-readr.o)
                              /home/guanhuai/st/stm32cubeclt_1.16.0/GNU-tools-for-STM32/bin/../lib/gcc/arm-none-eabi/12.3.1/../../../../arm-none-eabi/lib/thumb/v7e-m/nofp/libg.a(libc_a-stdio.o) (_read_r)
[...]
Memory Configuration

Name             Origin             Length             Attributes
CCMRAM           0x10000000         0x00010000         xrw
RAM              0x20000000         0x00030000         xrw
FLASH            0x08000000         0x00200000         xr
*default*        0x00000000         0xffffffff

Linker script and memory map

LOAD /home/guanhuai/st/stm32cubeclt_1.16.0/GNU-tools-for-STM32/bin/../lib/gcc/arm-none-eabi/12.3.1/thumb/v7e-m/nofp/crti.o
LOAD /home/guanhuai/st/stm32cubeclt_1.16.0/GNU-tools-for-STM32/bin/../lib/gcc/arm-none-eabi/12.3.1/thumb/v7e-m/nofp/crtbegin.o
LOAD /home/guanhuai/st/stm32cubeclt_1.16.0/GNU-tools-for-STM32/bin/../lib/gcc/arm-none-eabi/12.3.1/../../../../arm-none-eabi/lib/thumb/v7e-m/nofp/crt0.o
LOAD CMakeFiles/Project2_PWM.elf.dir/Core/Src/callback.c.obj
LOAD CMakeFiles/Project2_PWM.elf.dir/Core/Src/gpio.c.obj
LOAD CMakeFiles/Project2_PWM.elf.dir/Core/Src/main.c.obj
LOAD CMakeFiles/Project2_PWM.elf.dir/Core/Src/stm32f4xx_hal_msp.c.obj
LOAD CMakeFiles/Project2_PWM.elf.dir/Core/Src/stm32f4xx_it.c.obj
LOAD CMakeFiles/Project2_PWM.elf.dir/Core/Src/syscalls.c.obj
LOAD CMakeFiles/Project2_PWM.elf.dir/Core/Src/sysmem.c.obj
LOAD CMakeFiles/Project2_PWM.elf.dir/Core/Src/system_stm32f4xx.c.obj
LOAD CMakeFiles/Project2_PWM.elf.dir/Core/Src/tim.c.obj
LOAD CMakeFiles/Project2_PWM.elf.dir/Core/Src/usart.c.obj
LOAD CMakeFiles/Project2_PWM.elf.dir/Core/Startup/startup_stm32f427iihx.s.obj
LOAD CMakeFiles/Project2_PWM.elf.dir/Drivers/STM32F4xx_HAL_Driver/Src/stm32f4xx_hal.c.obj
LOAD CMakeFiles/Project2_PWM.elf.dir/Drivers/STM32F4xx_HAL_Driver/Src/stm32f4xx_hal_cortex.c.obj
LOAD CMakeFiles/Project2_PWM.elf.dir/Drivers/STM32F4xx_HAL_Driver/Src/stm32f4xx_hal_dma.c.obj
LOAD CMakeFiles/Project2_PWM.elf.dir/Drivers/STM32F4xx_HAL_Driver/Src/stm32f4xx_hal_dma_ex.c.obj
LOAD CMakeFiles/Project2_PWM.elf.dir/Drivers/STM32F4xx_HAL_Driver/Src/stm32f4xx_hal_exti.c.obj
LOAD CMakeFiles/Project2_PWM.elf.dir/Drivers/STM32F4xx_HAL_Driver/Src/stm32f4xx_hal_flash.c.obj
LOAD CMakeFiles/Project2_PWM.elf.dir/Drivers/STM32F4xx_HAL_Driver/Src/stm32f4xx_hal_flash_ex.c.obj
LOAD CMakeFiles/Project2_PWM.elf.dir/Drivers/STM32F4xx_HAL_Driver/Src/stm32f4xx_hal_flash_ramfunc.c.obj
LOAD CMakeFiles/Project2_PWM.elf.dir/Drivers/STM32F4xx_HAL_Driver/Src/stm32f4xx_hal_gpio.c.obj
LOAD CMakeFiles/Project2_PWM.elf.dir/Drivers/STM32F4xx_HAL_Driver/Src/stm32f4xx_hal_pwr.c.obj
LOAD CMakeFiles/Project2_PWM.elf.dir/Drivers/STM32F4xx_HAL_Driver/Src/stm32f4xx_hal_pwr_ex.c.obj
LOAD CMakeFiles/Project2_PWM.elf.dir/Drivers/STM32F4xx_HAL_Driver/Src/stm32f4xx_hal_rcc.c.obj
LOAD CMakeFiles/Project2_PWM.elf.dir/Drivers/STM32F4xx_HAL_Driver/Src/stm32f4xx_hal_rcc_ex.c.obj
LOAD CMakeFiles/Project2_PWM.elf.dir/Drivers/STM32F4xx_HAL_Driver/Src/stm32f4xx_hal_tim.c.obj
LOAD CMakeFiles/Project2_PWM.elf.dir/Drivers/STM32F4xx_HAL_Driver/Src/stm32f4xx_hal_tim_ex.c.obj
LOAD CMakeFiles/Project2_PWM.elf.dir/Drivers/STM32F4xx_HAL_Driver/Src/stm32f4xx_hal_uart.c.obj
START GROUP
LOAD /home/guanhuai/st/stm32cubeclt_1.16.0/GNU-tools-for-STM32/bin/../lib/gcc/arm-none-eabi/12.3.1/thumb/v7e-m/nofp/libgcc.a
LOAD /home/guanhuai/st/stm32cubeclt_1.16.0/GNU-tools-for-STM32/bin/../lib/gcc/arm-none-eabi/12.3.1/../../../../arm-none-eabi/lib/thumb/v7e-m/nofp/libg.a
LOAD /home/guanhuai/st/stm32cubeclt_1.16.0/GNU-tools-for-STM32/bin/../lib/gcc/arm-none-eabi/12.3.1/../../../../arm-none-eabi/lib/thumb/v7e-m/nofp/libc.a
END GROUP
LOAD /home/guanhuai/st/stm32cubeclt_1.16.0/GNU-tools-for-STM32/bin/../lib/gcc/arm-none-eabi/12.3.1/thumb/v7e-m/nofp/crtend.o
LOAD /home/guanhuai/st/stm32cubeclt_1.16.0/GNU-tools-for-STM32/bin/../lib/gcc/arm-none-eabi/12.3.1/thumb/v7e-m/nofp/crtn.o
                0x20030000                        _estack = (ORIGIN (RAM) + LENGTH (RAM))
                0x00000200                        _Min_Heap_Size = 0x200
                0x00000400                        _Min_Stack_Size = 0x400

.isr_vector     0x08000000      0x1ac
                0x08000000                        . = ALIGN (0x4)
 *(.isr_vector)
 .isr_vector    0x08000000      0x1ac CMakeFiles/Project2_PWM.elf.dir/Core/Startup/startup_stm32f427iihx.s.obj
                0x08000000                g_pfnVectors
                0x080001ac                        . = ALIGN (0x4)

.text           0x080001b0     0x7a70
                0x080001b0                        . = ALIGN (0x4)
 *(.text)
 .text          0x080001b0       0x40 /home/guanhuai/st/stm32cubeclt_1.16.0/GNU-tools-for-STM32/bin/../lib/gcc/arm-none-eabi/12.3.1/thumb/v7e-m/nofp/crtbegin.o
 .text          0x080001f0       0x30 /home/guanhuai/st/stm32cubeclt_1.16.0/GNU-tools-for-STM32/bin/../lib/gcc/arm-none-eabi/12.3.1/thumb/v7e-m/nofp/libgcc.a(_aeabi_uldivmod.o)
                0x080001f0                __aeabi_uldivmod
 .text          0x08000220      0x2bc /home/guanhuai/st/stm32cubeclt_1.16.0/GNU-tools-for-STM32/bin/../lib/gcc/arm-none-eabi/12.3.1/thumb/v7e-m/nofp/libgcc.a(_udivmoddi4.o)
                0x08000220                __udivmoddi4
 .text          0x080004dc        0x4 /home/guanhuai/st/stm32cubeclt_1.16.0/GNU-tools-for-STM32/bin/../lib/gcc/arm-none-eabi/12.3.1/thumb/v7e-m/nofp/libgcc.a(_dvmd_tls.o)
                0x080004dc                __aeabi_ldiv0
                0x080004dc                __aeabi_idiv0
 .text          0x080004e0       0x10 /home/guanhuai/st/stm32cubeclt_1.16.0/GNU-tools-for-STM32/bin/../lib/gcc/arm-none-eabi/12.3.1/../../../../arm-none-eabi/lib/thumb/v7e-m/nofp/libg.a(libc_a-strlen.o)
                0x080004e0                strlen
 .text          0x080004f0       0xa0 /home/guanhuai/st/stm32cubeclt_1.16.0/GNU-tools-for-STM32/bin/../lib/gcc/arm-none-eabi/12.3.1/../../../../arm-none-eabi/lib/thumb/v7e-m/nofp/libg.a(libc_a-memchr.o)
                0x080004f0                memchr
 .text          0x08000590      0x378 /home/guanhuai/st/stm32cubeclt_1.16.0/GNU-tools-for-STM32/bin/../lib/gcc/arm-none-eabi/12.3.1/thumb/v7e-m/nofp/libgcc.a(_arm_addsubdf3.o)
                0x08000590                __aeabi_drsub
                0x08000598                __aeabi_dsub
                0x08000598                __subdf3
                0x0800059c                __adddf3
                0x0800059c                __aeabi_dadd
                0x08000814                __aeabi_ui2d
                0x08000814                __floatunsidf
                0x08000834                __floatsidf
                0x08000834                __aeabi_i2d
                0x08000858                __extendsfdf2
                0x08000858                __aeabi_f2d
                0x0800089c                __aeabi_ul2d
                0x0800089c                __floatundidf
                0x080008ac                __floatdidf
                0x080008ac                __aeabi_l2d
 .text          0x08000908      0x424 /home/guanhuai/st/stm32cubeclt_1.16.0/GNU-tools-for-STM32/bin/../lib/gcc/arm-none-eabi/12.3.1/thumb/v7e-m/nofp/libgcc.a(_arm_muldivdf3.o)
                0x08000908                __aeabi_dmul
                0x08000908                __muldf3
                0x08000b5c                __aeabi_ddiv
                0x08000b5c                __divdf3
 .text          0x08000d2c      0x110 /home/guanhuai/st/stm32cubeclt_1.16.0/GNU-tools-for-STM32/bin/../lib/gcc/arm-none-eabi/12.3.1/thumb/v7e-m/nofp/libgcc.a(_arm_cmpdf2.o)
                0x08000d2c                __gtdf2
                0x08000d2c                __gedf2
                0x08000d34                __ltdf2
                0x08000d34                __ledf2
                0x08000d3c                __cmpdf2
                0x08000d3c                __eqdf2
                0x08000d3c                __nedf2
                0x08000db8                __aeabi_cdrcmple
                0x08000dc8                __aeabi_cdcmple
                0x08000dc8                __aeabi_cdcmpeq
                0x08000dd8                __aeabi_dcmpeq
                0x08000dec                __aeabi_dcmplt
                0x08000e00                __aeabi_dcmple
                0x08000e14                __aeabi_dcmpge
                0x08000e28                __aeabi_dcmpgt
 .text          0x08000e3c       0x2c /home/guanhuai/st/stm32cubeclt_1.16.0/GNU-tools-for-STM32/bin/../lib/gcc/arm-none-eabi/12.3.1/thumb/v7e-m/nofp/libgcc.a(_arm_unorddf2.o)
                0x08000e3c                __aeabi_dcmpun
                0x08000e3c                __unorddf2
 .text          0x08000e68       0x50 /home/guanhuai/st/stm32cubeclt_1.16.0/GNU-tools-for-STM32/bin/../lib/gcc/arm-none-eabi/12.3.1/thumb/v7e-m/nofp/libgcc.a(_arm_fixdfsi.o)
                0x08000e68                __fixdfsi
                0x08000e68                __aeabi_d2iz
 *(.text*)
 .text.HAL_UART_RxCpltCallback
                0x08000eb8       0x4c CMakeFiles/Project2_PWM.elf.dir/Core/Src/callback.c.obj
                0x08000eb8                HAL_UART_RxCpltCallback
 .text.MX_GPIO_Init
                0x08000f04       0xe4 CMakeFiles/Project2_PWM.elf.dir/Core/Src/gpio.c.obj
                0x08000f04                MX_GPIO_Init
 .text.Error_Handler
                0x08000fe8        0x4 CMakeFiles/Project2_PWM.elf.dir/Core/Src/main.c.obj
                0x08000fe8                Error_Handler
 .text.SystemClock_Config
                0x08000fec       0xb0 CMakeFiles/Project2_PWM.elf.dir/Core/Src/main.c.obj
                0x08000fec                SystemClock_Config
 .text.main     0x0800109c       0x4c CMakeFiles/Project2_PWM.elf.dir/Core/Src/main.c.obj
                0x0800109c                main
 .text.HAL_MspInit
                0x080010e8       0x38 CMakeFiles/Project2_PWM.elf.dir/Core/Src/stm32f4xx_hal_msp.c.obj
                0x080010e8                HAL_MspInit
 .text.NMI_Handler
                0x08001120        0x2 CMakeFiles/Project2_PWM.elf.dir/Core/Src/stm32f4xx_it.c.obj
                0x08001120                NMI_Handler
 .text.HardFault_Handler
                0x08001122        0x2 CMakeFiles/Project2_PWM.elf.dir/Core/Src/stm32f4xx_it.c.obj
                0x08001122                HardFault_Handler
 .text.MemManage_Handler
                0x08001124        0x2 CMakeFiles/Project2_PWM.elf.dir/Core/Src/stm32f4xx_it.c.obj
                0x08001124                MemManage_Handler
 .text.BusFault_Handler
                0x08001126        0x2 CMakeFiles/Project2_PWM.elf.dir/Core/Src/stm32f4xx_it.c.obj
                0x08001126                BusFault_Handler
 .text.UsageFault_Handler
                0x08001128        0x2 CMakeFiles/Project2_PWM.elf.dir/Core/Src/stm32f4xx_it.c.obj
                0x08001128                UsageFault_Handler
 .text.SVC_Handler
                0x0800112a        0x2 CMakeFiles/Project2_PWM.elf.dir/Core/Src/stm32f4xx_it.c.obj
                0x0800112a                SVC_Handler
 .text.DebugMon_Handler
                0x0800112c        0x2 CMakeFiles/Project2_PWM.elf.dir/Core/Src/stm32f4xx_it.c.obj
                0x0800112c                DebugMon_Handler
 .text.PendSV_Handler
                0x0800112e        0x2 CMakeFiles/Project2_PWM.elf.dir/Core/Src/stm32f4xx_it.c.obj
                0x0800112e                PendSV_Handler
 .text.SysTick_Handler
                0x08001130        0x8 CMakeFiles/Project2_PWM.elf.dir/Core/Src/stm32f4xx_it.c.obj
                0x08001130                SysTick_Handler
 .text.EXTI2_IRQHandler
                0x08001138        0xa CMakeFiles/Project2_PWM.elf.dir/Core/Src/stm32f4xx_it.c.obj
                0x08001138                EXTI2_IRQHandler
 *fill*         0x08001142        0x2 
 .text.TIM1_UP_TIM10_IRQHandler
                0x08001144       0x10 CMakeFiles/Project2_PWM.elf.dir/Core/Src/stm32f4xx_it.c.obj
                0x08001144                TIM1_UP_TIM10_IRQHandler
 .text.TIM6_DAC_IRQHandler
                0x08001154       0x10 CMakeFiles/Project2_PWM.elf.dir/Core/Src/stm32f4xx_it.c.obj
                0x08001154                TIM6_DAC_IRQHandler
 .text.USART6_IRQHandler
                0x08001164       0x10 CMakeFiles/Project2_PWM.elf.dir/Core/Src/stm32f4xx_it.c.obj
                0x08001164                USART6_IRQHandler
 .text._getpid  0x08001174        0x4 CMakeFiles/Project2_PWM.elf.dir/Core/Src/syscalls.c.obj
                0x08001174                _getpid
 .text._kill    0x08001178       0x10 CMakeFiles/Project2_PWM.elf.dir/Core/Src/syscalls.c.obj
                0x08001178                _kill
 .text._exit    0x08001188        0xc CMakeFiles/Project2_PWM.elf.dir/Core/Src/syscalls.c.obj
                0x08001188                _exit
 .text._read    0x08001194       0x20 CMakeFiles/Project2_PWM.elf.dir/Core/Src/syscalls.c.obj
                0x08001194                _read
 .text._write   0x080011b4       0x1c CMakeFiles/Project2_PWM.elf.dir/Core/Src/syscalls.c.obj
                0x080011b4                _write
 .text._close   0x080011d0        0x6 CMakeFiles/Project2_PWM.elf.dir/Core/Src/syscalls.c.obj
                0x080011d0                _close
 .text._fstat   0x080011d6        0xa CMakeFiles/Project2_PWM.elf.dir/Core/Src/syscalls.c.obj
                0x080011d6                _fstat
 .text._isatty  0x080011e0        0x4 CMakeFiles/Project2_PWM.elf.dir/Core/Src/syscalls.c.obj
                0x080011e0                _isatty
 .text._lseek   0x080011e4        0x4 CMakeFiles/Project2_PWM.elf.dir/Core/Src/syscalls.c.obj
                0x080011e4                _lseek
 .text._sbrk    0x080011e8       0x48 CMakeFiles/Project2_PWM.elf.dir/Core/Src/sysmem.c.obj
                0x080011e8                _sbrk
 .text.SystemInit
                0x08001230        0x2 CMakeFiles/Project2_PWM.elf.dir/Core/Src/system_stm32f4xx.c.obj
                0x08001230                SystemInit
 *fill*         0x08001232        0x2 
 .text.MX_TIM6_Init
                0x08001234       0x50 CMakeFiles/Project2_PWM.elf.dir/Core/Src/tim.c.obj
                0x08001234                MX_TIM6_Init
 .text.HAL_TIM_Base_MspInit
                0x08001284       0x74 CMakeFiles/Project2_PWM.elf.dir/Core/Src/tim.c.obj
                0x08001284                HAL_TIM_Base_MspInit
 .text.HAL_TIM_MspPostInit
                0x080012f8       0x5c CMakeFiles/Project2_PWM.elf.dir/Core/Src/tim.c.obj
                0x080012f8                HAL_TIM_MspPostInit
 .text.MX_TIM1_Init
                0x08001354       0xf0 CMakeFiles/Project2_PWM.elf.dir/Core/Src/tim.c.obj
                0x08001354                MX_TIM1_Init
 .text.MX_USART6_UART_Init
                0x08001444       0x34 CMakeFiles/Project2_PWM.elf.dir/Core/Src/usart.c.obj
                0x08001444                MX_USART6_UART_Init
 .text.HAL_UART_MspInit
                0x08001478       0x80 CMakeFiles/Project2_PWM.elf.dir/Core/Src/usart.c.obj
                0x08001478                HAL_UART_MspInit
 .text.Reset_Handler
                0x080014f8       0x50 CMakeFiles/Project2_PWM.elf.dir/Core/Startup/startup_stm32f427iihx.s.obj
                0x080014f8                Reset_Handler
 .text.Default_Handler
                0x08001548        0x2 CMakeFiles/Project2_PWM.elf.dir/Core/Startup/startup_stm32f427iihx.s.obj
                0x08001548                RTC_Alarm_IRQHandler
                0x08001548                HASH_RNG_IRQHandler
                0x08001548                TIM8_CC_IRQHandler
                0x08001548                UART8_IRQHandler
                0x08001548                SPI4_IRQHandler
                0x08001548                TIM1_CC_IRQHandler
                0x08001548                DMA2_Stream5_IRQHandler
                0x08001548                DMA1_Stream5_IRQHandler
                0x08001548                PVD_IRQHandler
                0x08001548                SDIO_IRQHandler
                0x08001548                TAMP_STAMP_IRQHandler
                0x08001548                CAN2_RX1_IRQHandler
                0x08001548                EXTI3_IRQHandler
                0x08001548                TIM8_TRG_COM_TIM14_IRQHandler
                0x08001548                TIM8_UP_TIM13_IRQHandler
                0x08001548                I2C3_ER_IRQHandler
                0x08001548                EXTI0_IRQHandler
                0x08001548                I2C2_EV_IRQHandler
                0x08001548                DMA1_Stream2_IRQHandler
                0x08001548                CAN1_RX0_IRQHandler
                0x08001548                FPU_IRQHandler
                0x08001548                OTG_HS_WKUP_IRQHandler
                0x08001548                CAN2_SCE_IRQHandler
                0x08001548                DMA2_Stream2_IRQHandler
                0x08001548                SPI1_IRQHandler
                0x08001548                TIM1_BRK_TIM9_IRQHandler
                0x08001548                DCMI_IRQHandler
                0x08001548                CAN2_RX0_IRQHandler
                0x08001548                DMA2_Stream3_IRQHandler
                0x08001548                USART3_IRQHandler
                0x08001548                CAN1_RX1_IRQHandler
                0x08001548                UART5_IRQHandler
                0x08001548                DMA2_Stream0_IRQHandler
                0x08001548                TIM4_IRQHandler
                0x08001548                I2C1_EV_IRQHandler
                0x08001548                DMA1_Stream6_IRQHandler
                0x08001548                DMA1_Stream1_IRQHandler
                0x08001548                UART4_IRQHandler
                0x08001548                TIM3_IRQHandler
                0x08001548                RCC_IRQHandler
                0x08001548                TIM8_BRK_TIM12_IRQHandler
                0x08001548                Default_Handler
                0x08001548                EXTI15_10_IRQHandler
                0x08001548                ADC_IRQHandler
                0x08001548                DMA1_Stream7_IRQHandler
                0x08001548                SPI5_IRQHandler
                0x08001548                TIM7_IRQHandler
                0x08001548                CAN2_TX_IRQHandler
                0x08001548                TIM5_IRQHandler
                0x08001548                DMA2_Stream7_IRQHandler
                0x08001548                I2C3_EV_IRQHandler
                0x08001548                EXTI9_5_IRQHandler
                0x08001548                RTC_WKUP_IRQHandler
                0x08001548                ETH_WKUP_IRQHandler
                0x08001548                SPI2_IRQHandler
                0x08001548                OTG_HS_EP1_IN_IRQHandler
                0x08001548                DMA1_Stream0_IRQHandler
                0x08001548                CAN1_TX_IRQHandler
                0x08001548                EXTI4_IRQHandler
                0x08001548                ETH_IRQHandler
                0x08001548                OTG_HS_EP1_OUT_IRQHandler
                0x08001548                WWDG_IRQHandler
                0x08001548                SPI6_IRQHandler
                0x08001548                TIM2_IRQHandler
                0x08001548                OTG_FS_WKUP_IRQHandler
                0x08001548                TIM1_TRG_COM_TIM11_IRQHandler
                0x08001548                OTG_HS_IRQHandler
                0x08001548                DMA2D_IRQHandler
                0x08001548                EXTI1_IRQHandler
                0x08001548                UART7_IRQHandler
                0x08001548                USART2_IRQHandler
                0x08001548                I2C2_ER_IRQHandler
                0x08001548                DMA2_Stream1_IRQHandler
                0x08001548                CAN1_SCE_IRQHandler
                0x08001548                FLASH_IRQHandler
                0x08001548                DMA2_Stream4_IRQHandler
                0x08001548                USART1_IRQHandler
                0x08001548                OTG_FS_IRQHandler
                0x08001548                SPI3_IRQHandler
                0x08001548                DMA1_Stream4_IRQHandler
                0x08001548                I2C1_ER_IRQHandler
                0x08001548                FMC_IRQHandler
                0x08001548                DMA2_Stream6_IRQHandler
                0x08001548                SAI1_IRQHandler
                0x08001548                DMA1_Stream3_IRQHandler
 *fill*         0x0800154a        0x2 
 .text.HAL_InitTick
                0x0800154c       0x4c CMakeFiles/Project2_PWM.elf.dir/Drivers/STM32F4xx_HAL_Driver/Src/stm32f4xx_hal.c.obj
                0x0800154c                HAL_InitTick
 .text.HAL_Init
                0x08001598       0x34 CMakeFiles/Project2_PWM.elf.dir/Drivers/STM32F4xx_HAL_Driver/Src/stm32f4xx_hal.c.obj
                0x08001598                HAL_Init
 .text.HAL_IncTick
                0x080015cc       0x18 CMakeFiles/Project2_PWM.elf.dir/Drivers/STM32F4xx_HAL_Driver/Src/stm32f4xx_hal.c.obj
                0x080015cc                HAL_IncTick
 .text.HAL_GetTick
                0x080015e4        0xc CMakeFiles/Project2_PWM.elf.dir/Drivers/STM32F4xx_HAL_Driver/Src/stm32f4xx_hal.c.obj
                0x080015e4                HAL_GetTick
 .text.__NVIC_EnableIRQ
                0x080015f0       0x1c CMakeFiles/Project2_PWM.elf.dir/Drivers/STM32F4xx_HAL_Driver/Src/stm32f4xx_hal_cortex.c.obj
 .text.__NVIC_SetPriority
                0x0800160c       0x28 CMakeFiles/Project2_PWM.elf.dir/Drivers/STM32F4xx_HAL_Driver/Src/stm32f4xx_hal_cortex.c.obj
 .text.NVIC_EncodePriority
                0x08001634       0x3e CMakeFiles/Project2_PWM.elf.dir/Drivers/STM32F4xx_HAL_Driver/Src/stm32f4xx_hal_cortex.c.obj
 *fill*         0x08001672        0x2 
 .text.HAL_NVIC_SetPriorityGrouping
                0x08001674       0x24 CMakeFiles/Project2_PWM.elf.dir/Drivers/STM32F4xx_HAL_Driver/Src/stm32f4xx_hal_cortex.c.obj
                0x08001674                HAL_NVIC_SetPriorityGrouping
 .text.HAL_NVIC_SetPriority
                0x08001698       0x20 CMakeFiles/Project2_PWM.elf.dir/Drivers/STM32F4xx_HAL_Driver/Src/stm32f4xx_hal_cortex.c.obj
                0x08001698                HAL_NVIC_SetPriority
 .text.HAL_NVIC_EnableIRQ
                0x080016b8        0x8 CMakeFiles/Project2_PWM.elf.dir/Drivers/STM32F4xx_HAL_Driver/Src/stm32f4xx_hal_cortex.c.obj
                0x080016b8                HAL_NVIC_EnableIRQ
 .text.HAL_SYSTICK_Config
                0x080016c0       0x28 CMakeFiles/Project2_PWM.elf.dir/Drivers/STM32F4xx_HAL_Driver/Src/stm32f4xx_hal_cortex.c.obj
                0x080016c0                HAL_SYSTICK_Config
 .text.HAL_DMA_Abort
                0x080016e8       0x94 CMakeFiles/Project2_PWM.elf.dir/Drivers/STM32F4xx_HAL_Driver/Src/stm32f4xx_hal_dma.c.obj
                0x080016e8                HAL_DMA_Abort
 .text.HAL_DMA_Abort_IT
                0x0800177c       0x26 CMakeFiles/Project2_PWM.elf.dir/Drivers/STM32F4xx_HAL_Driver/Src/stm32f4xx_hal_dma.c.obj
                0x0800177c                HAL_DMA_Abort_IT
 *fill*         0x080017a2        0x2 
 .text.HAL_GPIO_Init
                0x080017a4      0x20c CMakeFiles/Project2_PWM.elf.dir/Drivers/STM32F4xx_HAL_Driver/Src/stm32f4xx_hal_gpio.c.obj
                0x080017a4                HAL_GPIO_Init
 .text.HAL_GPIO_WritePin
                0x080019b0        0xc CMakeFiles/Project2_PWM.elf.dir/Drivers/STM32F4xx_HAL_Driver/Src/stm32f4xx_hal_gpio.c.obj
                0x080019b0                HAL_GPIO_WritePin
 .text.HAL_GPIO_EXTI_Callback
                0x080019bc        0x2 CMakeFiles/Project2_PWM.elf.dir/Drivers/STM32F4xx_HAL_Driver/Src/stm32f4xx_hal_gpio.c.obj
                0x080019bc                HAL_GPIO_EXTI_Callback
 *fill*         0x080019be        0x2 
 .text.HAL_GPIO_EXTI_IRQHandler
                0x080019c0       0x1c CMakeFiles/Project2_PWM.elf.dir/Drivers/STM32F4xx_HAL_Driver/Src/stm32f4xx_hal_gpio.c.obj
                0x080019c0                HAL_GPIO_EXTI_IRQHandler
 .text.HAL_PWREx_EnableOverDrive
                0x080019dc       0x7c CMakeFiles/Project2_PWM.elf.dir/Drivers/STM32F4xx_HAL_Driver/Src/stm32f4xx_hal_pwr_ex.c.obj
                0x080019dc                HAL_PWREx_EnableOverDrive
 .text.HAL_RCC_OscConfig
                0x08001a58      0x3f8 CMakeFiles/Project2_PWM.elf.dir/Drivers/STM32F4xx_HAL_Driver/Src/stm32f4xx_hal_rcc.c.obj
                0x08001a58                HAL_RCC_OscConfig
 .text.HAL_RCC_GetSysClockFreq
                0x08001e50       0xa8 CMakeFiles/Project2_PWM.elf.dir/Drivers/STM32F4xx_HAL_Driver/Src/stm32f4xx_hal_rcc.c.obj
                0x08001e50                HAL_RCC_GetSysClockFreq
 .text.HAL_RCC_ClockConfig
                0x08001ef8      0x160 CMakeFiles/Project2_PWM.elf.dir/Drivers/STM32F4xx_HAL_Driver/Src/stm32f4xx_hal_rcc.c.obj
                0x08001ef8                HAL_RCC_ClockConfig
 .text.HAL_RCC_GetHCLKFreq
                0x08002058        0xc CMakeFiles/Project2_PWM.elf.dir/Drivers/STM32F4xx_HAL_Driver/Src/stm32f4xx_hal_rcc.c.obj
                0x08002058                HAL_RCC_GetHCLKFreq
 .text.HAL_RCC_GetPCLK1Freq
                0x08002064       0x20 CMakeFiles/Project2_PWM.elf.dir/Drivers/STM32F4xx_HAL_Driver/Src/stm32f4xx_hal_rcc.c.obj
                0x08002064                HAL_RCC_GetPCLK1Freq
 .text.HAL_RCC_GetPCLK2Freq
                0x08002084       0x20 CMakeFiles/Project2_PWM.elf.dir/Drivers/STM32F4xx_HAL_Driver/Src/stm32f4xx_hal_rcc.c.obj
                0x08002084                HAL_RCC_GetPCLK2Freq
 .text.TIM_OC1_SetConfig
                0x080020a4       0x70 CMakeFiles/Project2_PWM.elf.dir/Drivers/STM32F4xx_HAL_Driver/Src/stm32f4xx_hal_tim.c.obj
 .text.TIM_OC3_SetConfig
                0x08002114       0x70 CMakeFiles/Project2_PWM.elf.dir/Drivers/STM32F4xx_HAL_Driver/Src/stm32f4xx_hal_tim.c.obj
 .text.TIM_OC4_SetConfig
                0x08002184       0x50 CMakeFiles/Project2_PWM.elf.dir/Drivers/STM32F4xx_HAL_Driver/Src/stm32f4xx_hal_tim.c.obj
 .text.TIM_TI1_ConfigInputStage
                0x080021d4       0x24 CMakeFiles/Project2_PWM.elf.dir/Drivers/STM32F4xx_HAL_Driver/Src/stm32f4xx_hal_tim.c.obj
 .text.TIM_TI2_ConfigInputStage
                0x080021f8       0x26 CMakeFiles/Project2_PWM.elf.dir/Drivers/STM32F4xx_HAL_Driver/Src/stm32f4xx_hal_tim.c.obj
 .text.TIM_ITRx_SetConfig
                0x0800221e       0x10 CMakeFiles/Project2_PWM.elf.dir/Drivers/STM32F4xx_HAL_Driver/Src/stm32f4xx_hal_tim.c.obj
 *fill*         0x0800222e        0x2 
 .text.HAL_TIM_Base_Start_IT
                0x08002230       0x88 CMakeFiles/Project2_PWM.elf.dir/Drivers/STM32F4xx_HAL_Driver/Src/stm32f4xx_hal_tim.c.obj
                0x08002230                HAL_TIM_Base_Start_IT
 .text.HAL_TIM_PWM_MspInit
                0x080022b8        0x2 CMakeFiles/Project2_PWM.elf.dir/Drivers/STM32F4xx_HAL_Driver/Src/stm32f4xx_hal_tim.c.obj
                0x080022b8                HAL_TIM_PWM_MspInit
 .text.HAL_TIM_PeriodElapsedCallback
                0x080022ba        0x2 CMakeFiles/Project2_PWM.elf.dir/Drivers/STM32F4xx_HAL_Driver/Src/stm32f4xx_hal_tim.c.obj
                0x080022ba                HAL_TIM_PeriodElapsedCallback
 .text.HAL_TIM_OC_DelayElapsedCallback
                0x080022bc        0x2 CMakeFiles/Project2_PWM.elf.dir/Drivers/STM32F4xx_HAL_Driver/Src/stm32f4xx_hal_tim.c.obj
                0x080022bc                HAL_TIM_OC_DelayElapsedCallback
 .text.HAL_TIM_IC_CaptureCallback
                0x080022be        0x2 CMakeFiles/Project2_PWM.elf.dir/Drivers/STM32F4xx_HAL_Driver/Src/stm32f4xx_hal_tim.c.obj
                0x080022be                HAL_TIM_IC_CaptureCallback
 .text.HAL_TIM_PWM_PulseFinishedCallback
                0x080022c0        0x2 CMakeFiles/Project2_PWM.elf.dir/Drivers/STM32F4xx_HAL_Driver/Src/stm32f4xx_hal_tim.c.obj
                0x080022c0                HAL_TIM_PWM_PulseFinishedCallback
 .text.HAL_TIM_TriggerCallback
                0x080022c2        0x2 CMakeFiles/Project2_PWM.elf.dir/Drivers/STM32F4xx_HAL_Driver/Src/stm32f4xx_hal_tim.c.obj
                0x080022c2                HAL_TIM_TriggerCallback
 .text.HAL_TIM_IRQHandler
                0x080022c4      0x15e CMakeFiles/Project2_PWM.elf.dir/Drivers/STM32F4xx_HAL_Driver/Src/stm32f4xx_hal_tim.c.obj
                0x080022c4                HAL_TIM_IRQHandler
 *fill*         0x08002422        0x2 
 .text.TIM_Base_SetConfig
                0x08002424       0xd8 CMakeFiles/Project2_PWM.elf.dir/Drivers/STM32F4xx_HAL_Driver/Src/stm32f4xx_hal_tim.c.obj
                0x08002424                TIM_Base_SetConfig
 .text.HAL_TIM_Base_Init
                0x080024fc       0x58 CMakeFiles/Project2_PWM.elf.dir/Drivers/STM32F4xx_HAL_Driver/Src/stm32f4xx_hal_tim.c.obj
                0x080024fc                HAL_TIM_Base_Init
 .text.HAL_TIM_PWM_Init
                0x08002554       0x58 CMakeFiles/Project2_PWM.elf.dir/Drivers/STM32F4xx_HAL_Driver/Src/stm32f4xx_hal_tim.c.obj
                0x08002554                HAL_TIM_PWM_Init
 .text.TIM_OC2_SetConfig
                0x080025ac       0x70 CMakeFiles/Project2_PWM.elf.dir/Drivers/STM32F4xx_HAL_Driver/Src/stm32f4xx_hal_tim.c.obj
                0x080025ac                TIM_OC2_SetConfig
 .text.HAL_TIM_PWM_ConfigChannel
                0x0800261c       0xdc CMakeFiles/Project2_PWM.elf.dir/Drivers/STM32F4xx_HAL_Driver/Src/stm32f4xx_hal_tim.c.obj
                0x0800261c                HAL_TIM_PWM_ConfigChannel
 .text.TIM_ETR_SetConfig
                0x080026f8       0x18 CMakeFiles/Project2_PWM.elf.dir/Drivers/STM32F4xx_HAL_Driver/Src/stm32f4xx_hal_tim.c.obj
                0x080026f8                TIM_ETR_SetConfig
 .text.HAL_TIM_ConfigClockSource
                0x08002710       0xfe CMakeFiles/Project2_PWM.elf.dir/Drivers/STM32F4xx_HAL_Driver/Src/stm32f4xx_hal_tim.c.obj
                0x08002710                HAL_TIM_ConfigClockSource
 .text.TIM_CCxChannelCmd
                0x0800280e       0x1e CMakeFiles/Project2_PWM.elf.dir/Drivers/STM32F4xx_HAL_Driver/Src/stm32f4xx_hal_tim.c.obj
                0x0800280e                TIM_CCxChannelCmd
 .text.HAL_TIM_PWM_Start_IT
                0x0800282c      0x174 CMakeFiles/Project2_PWM.elf.dir/Drivers/STM32F4xx_HAL_Driver/Src/stm32f4xx_hal_tim.c.obj
                0x0800282c                HAL_TIM_PWM_Start_IT
 .text.HAL_TIMEx_MasterConfigSynchronization
                0x080029a0       0x8c CMakeFiles/Project2_PWM.elf.dir/Drivers/STM32F4xx_HAL_Driver/Src/stm32f4xx_hal_tim_ex.c.obj
                0x080029a0                HAL_TIMEx_MasterConfigSynchronization
 .text.HAL_TIMEx_ConfigBreakDeadTime
                0x08002a2c       0x52 CMakeFiles/Project2_PWM.elf.dir/Drivers/STM32F4xx_HAL_Driver/Src/stm32f4xx_hal_tim_ex.c.obj
                0x08002a2c                HAL_TIMEx_ConfigBreakDeadTime
 .text.HAL_TIMEx_CommutCallback
                0x08002a7e        0x2 CMakeFiles/Project2_PWM.elf.dir/Drivers/STM32F4xx_HAL_Driver/Src/stm32f4xx_hal_tim_ex.c.obj
                0x08002a7e                HAL_TIMEx_CommutCallback
 .text.HAL_TIMEx_BreakCallback
                0x08002a80        0x2 CMakeFiles/Project2_PWM.elf.dir/Drivers/STM32F4xx_HAL_Driver/Src/stm32f4xx_hal_tim_ex.c.obj
                0x08002a80                HAL_TIMEx_BreakCallback
 .text.UART_EndRxTransfer
                0x08002a82       0x5c CMakeFiles/Project2_PWM.elf.dir/Drivers/STM32F4xx_HAL_Driver/Src/stm32f4xx_hal_uart.c.obj
 .text.UART_Transmit_IT
                0x08002ade       0x60 CMakeFiles/Project2_PWM.elf.dir/Drivers/STM32F4xx_HAL_Driver/Src/stm32f4xx_hal_uart.c.obj
 *fill*         0x08002b3e        0x2 
 .text.UART_SetConfig
                0x08002b40      0x110 CMakeFiles/Project2_PWM.elf.dir/Drivers/STM32F4xx_HAL_Driver/Src/stm32f4xx_hal_uart.c.obj
 .text.UART_WaitOnFlagUntilTimeout
                0x08002c50       0x86 CMakeFiles/Project2_PWM.elf.dir/Drivers/STM32F4xx_HAL_Driver/Src/stm32f4xx_hal_uart.c.obj
 .text.HAL_UART_Init
                0x08002cd6       0x60 CMakeFiles/Project2_PWM.elf.dir/Drivers/STM32F4xx_HAL_Driver/Src/stm32f4xx_hal_uart.c.obj
                0x08002cd6                HAL_UART_Init
 .text.HAL_UART_Transmit
                0x08002d36       0xcc CMakeFiles/Project2_PWM.elf.dir/Drivers/STM32F4xx_HAL_Driver/Src/stm32f4xx_hal_uart.c.obj
                0x08002d36                HAL_UART_Transmit
 .text.HAL_UART_TxCpltCallback
                0x08002e02        0x2 CMakeFiles/Project2_PWM.elf.dir/Drivers/STM32F4xx_HAL_Driver/Src/stm32f4xx_hal_uart.c.obj
                0x08002e02                HAL_UART_TxCpltCallback
 .text.UART_EndTransmit_IT
                0x08002e04       0x1a CMakeFiles/Project2_PWM.elf.dir/Drivers/STM32F4xx_HAL_Driver/Src/stm32f4xx_hal_uart.c.obj
 .text.HAL_UART_ErrorCallback
                0x08002e1e        0x2 CMakeFiles/Project2_PWM.elf.dir/Drivers/STM32F4xx_HAL_Driver/Src/stm32f4xx_hal_uart.c.obj
                0x08002e1e                HAL_UART_ErrorCallback
 .text.UART_DMAAbortOnError
                0x08002e20       0x10 CMakeFiles/Project2_PWM.elf.dir/Drivers/STM32F4xx_HAL_Driver/Src/stm32f4xx_hal_uart.c.obj
 .text.HAL_UARTEx_RxEventCallback
                0x08002e30        0x2 CMakeFiles/Project2_PWM.elf.dir/Drivers/STM32F4xx_HAL_Driver/Src/stm32f4xx_hal_uart.c.obj
                0x08002e30                HAL_UARTEx_RxEventCallback
 .text.UART_Receive_IT
                0x08002e32       0xe6 CMakeFiles/Project2_PWM.elf.dir/Drivers/STM32F4xx_HAL_Driver/Src/stm32f4xx_hal_uart.c.obj
 .text.HAL_UART_IRQHandler
                0x08002f18      0x284 CMakeFiles/Project2_PWM.elf.dir/Drivers/STM32F4xx_HAL_Driver/Src/stm32f4xx_hal_uart.c.obj
                0x08002f18                HAL_UART_IRQHandler
 .text.UART_Start_Receive_IT
                0x0800319c       0x36 CMakeFiles/Project2_PWM.elf.dir/Drivers/STM32F4xx_HAL_Driver/Src/stm32f4xx_hal_uart.c.obj
                0x0800319c                UART_Start_Receive_IT
 .text.HAL_UART_Receive_IT
                0x080031d2       0x26 CMakeFiles/Project2_PWM.elf.dir/Drivers/STM32F4xx_HAL_Driver/Src/stm32f4xx_hal_uart.c.obj
                0x080031d2                HAL_UART_Receive_IT
 .text.std      0x080031f8       0x6c /home/guanhuai/st/stm32cubeclt_1.16.0/GNU-tools-for-STM32/bin/../lib/gcc/arm-none-eabi/12.3.1/../../../../arm-none-eabi/lib/thumb/v7e-m/nofp/libg.a(libc_a-findfp.o)
 .text.stdio_exit_handler
                0x08003264       0x18 /home/guanhuai/st/stm32cubeclt_1.16.0/GNU-tools-for-STM32/bin/../lib/gcc/arm-none-eabi/12.3.1/../../../../arm-none-eabi/lib/thumb/v7e-m/nofp/libg.a(libc_a-findfp.o)
 .text.cleanup_stdio
                0x0800327c       0x40 /home/guanhuai/st/stm32cubeclt_1.16.0/GNU-tools-for-STM32/bin/../lib/gcc/arm-none-eabi/12.3.1/../../../../arm-none-eabi/lib/thumb/v7e-m/nofp/libg.a(libc_a-findfp.o)
 .text.global_stdio_init.part.0
                0x080032bc       0x3c /home/guanhuai/st/stm32cubeclt_1.16.0/GNU-tools-for-STM32/bin/../lib/gcc/arm-none-eabi/12.3.1/../../../../arm-none-eabi/lib/thumb/v7e-m/nofp/libg.a(libc_a-findfp.o)
 .text.__sfp_lock_acquire
                0x080032f8        0xc /home/guanhuai/st/stm32cubeclt_1.16.0/GNU-tools-for-STM32/bin/../lib/gcc/arm-none-eabi/12.3.1/../../../../arm-none-eabi/lib/thumb/v7e-m/nofp/libg.a(libc_a-findfp.o)
                0x080032f8                __sfp_lock_acquire
 .text.__sfp_lock_release
                0x08003304        0xc /home/guanhuai/st/stm32cubeclt_1.16.0/GNU-tools-for-STM32/bin/../lib/gcc/arm-none-eabi/12.3.1/../../../../arm-none-eabi/lib/thumb/v7e-m/nofp/libg.a(libc_a-findfp.o)
                0x08003304                __sfp_lock_release
 .text.__sinit  0x08003310       0x30 /home/guanhuai/st/stm32cubeclt_1.16.0/GNU-tools-for-STM32/bin/../lib/gcc/arm-none-eabi/12.3.1/../../../../arm-none-eabi/lib/thumb/v7e-m/nofp/libg.a(libc_a-findfp.o)
                0x08003310                __sinit
 .text._fwalk_sglue
                0x08003340       0x3c /home/guanhuai/st/stm32cubeclt_1.16.0/GNU-tools-for-STM32/bin/../lib/gcc/arm-none-eabi/12.3.1/../../../../arm-none-eabi/lib/thumb/v7e-m/nofp/libg.a(libc_a-fwalk.o)
                0x08003340                _fwalk_sglue
 .text.sprintf  0x0800337c       0x40 /home/guanhuai/st/stm32cubeclt_1.16.0/GNU-tools-for-STM32/bin/../lib/gcc/arm-none-eabi/12.3.1/../../../../arm-none-eabi/lib/thumb/v7e-m/nofp/libg.a(libc_a-sprintf.o)
                0x0800337c                sprintf
 .text.__sread  0x080033bc       0x22 /home/guanhuai/st/stm32cubeclt_1.16.0/GNU-tools-for-STM32/bin/../lib/gcc/arm-none-eabi/12.3.1/../../../../arm-none-eabi/lib/thumb/v7e-m/nofp/libg.a(libc_a-stdio.o)
                0x080033bc                __sread
 .text.__swrite
                0x080033de       0x38 /home/guanhuai/st/stm32cubeclt_1.16.0/GNU-tools-for-STM32/bin/../lib/gcc/arm-none-eabi/12.3.1/../../../../arm-none-eabi/lib/thumb/v7e-m/nofp/libg.a(libc_a-stdio.o)
                0x080033de                __swrite
 .text.__sseek  0x08003416       0x24 /home/guanhuai/st/stm32cubeclt_1.16.0/GNU-tools-for-STM32/bin/../lib/gcc/arm-none-eabi/12.3.1/../../../../arm-none-eabi/lib/thumb/v7e-m/nofp/libg.a(libc_a-stdio.o)
                0x08003416                __sseek
 .text.__sclose
                0x0800343a        0x8 /home/guanhuai/st/stm32cubeclt_1.16.0/GNU-tools-for-STM32/bin/../lib/gcc/arm-none-eabi/12.3.1/../../../../arm-none-eabi/lib/thumb/v7e-m/nofp/libg.a(libc_a-stdio.o)
                0x0800343a                __sclose
 .text.memset   0x08003442       0x10 /home/guanhuai/st/stm32cubeclt_1.16.0/GNU-tools-for-STM32/bin/../lib/gcc/arm-none-eabi/12.3.1/../../../../arm-none-eabi/lib/thumb/v7e-m/nofp/libg.a(libc_a-memset.o)
                0x08003442                memset
 *fill*         0x08003452        0x2 
 .text._close_r
                0x08003454       0x20 /home/guanhuai/st/stm32cubeclt_1.16.0/GNU-tools-for-STM32/bin/../lib/gcc/arm-none-eabi/12.3.1/../../../../arm-none-eabi/lib/thumb/v7e-m/nofp/libg.a(libc_a-closer.o)
                0x08003454                _close_r
 .text._lseek_r
                0x08003474       0x24 /home/guanhuai/st/stm32cubeclt_1.16.0/GNU-tools-for-STM32/bin/../lib/gcc/arm-none-eabi/12.3.1/../../../../arm-none-eabi/lib/thumb/v7e-m/nofp/libg.a(libc_a-lseekr.o)
                0x08003474                _lseek_r
 .text._read_r  0x08003498       0x24 /home/guanhuai/st/stm32cubeclt_1.16.0/GNU-tools-for-STM32/bin/../lib/gcc/arm-none-eabi/12.3.1/../../../../arm-none-eabi/lib/thumb/v7e-m/nofp/libg.a(libc_a-readr.o)
                0x08003498                _read_r
 .text._write_r
                0x080034bc       0x24 /home/guanhuai/st/stm32cubeclt_1.16.0/GNU-tools-for-STM32/bin/../lib/gcc/arm-none-eabi/12.3.1/../../../../arm-none-eabi/lib/thumb/v7e-m/nofp/libg.a(libc_a-writer.o)
                0x080034bc                _write_r
 .text.__errno  0x080034e0        0xc /home/guanhuai/st/stm32cubeclt_1.16.0/GNU-tools-for-STM32/bin/../lib/gcc/arm-none-eabi/12.3.1/../../../../arm-none-eabi/lib/thumb/v7e-m/nofp/libg.a(libc_a-errno.o)
                0x080034e0                __errno
 .text.__libc_init_array
                0x080034ec       0x48 /home/guanhuai/st/stm32cubeclt_1.16.0/GNU-tools-for-STM32/bin/../lib/gcc/arm-none-eabi/12.3.1/../../../../arm-none-eabi/lib/thumb/v7e-m/nofp/libg.a(libc_a-init.o)
                0x080034ec                __libc_init_array
 .text.__retarget_lock_init_recursive
                0x08003534        0x2 /home/guanhuai/st/stm32cubeclt_1.16.0/GNU-tools-for-STM32/bin/../lib/gcc/arm-none-eabi/12.3.1/../../../../arm-none-eabi/lib/thumb/v7e-m/nofp/libg.a(libc_a-lock.o)
                0x08003534                __retarget_lock_init_recursive
 .text.__retarget_lock_close_recursive
                0x08003536        0x2 /home/guanhuai/st/stm32cubeclt_1.16.0/GNU-tools-for-STM32/bin/../lib/gcc/arm-none-eabi/12.3.1/../../../../arm-none-eabi/lib/thumb/v7e-m/nofp/libg.a(libc_a-lock.o)
                0x08003536                __retarget_lock_close_recursive
 .text.__retarget_lock_acquire_recursive
                0x08003538        0x2 /home/guanhuai/st/stm32cubeclt_1.16.0/GNU-tools-for-STM32/bin/../lib/gcc/arm-none-eabi/12.3.1/../../../../arm-none-eabi/lib/thumb/v7e-m/nofp/libg.a(libc_a-lock.o)
                0x08003538                __retarget_lock_acquire_recursive
 .text.__retarget_lock_release_recursive
                0x0800353a        0x2 /home/guanhuai/st/stm32cubeclt_1.16.0/GNU-tools-for-STM32/bin/../lib/gcc/arm-none-eabi/12.3.1/../../../../arm-none-eabi/lib/thumb/v7e-m/nofp/libg.a(libc_a-lock.o)
                0x0800353a                __retarget_lock_release_recursive
 .text.startup.register_fini
                0x0800353c       0x14 /home/guanhuai/st/stm32cubeclt_1.16.0/GNU-tools-for-STM32/bin/../lib/gcc/arm-none-eabi/12.3.1/../../../../arm-none-eabi/lib/thumb/v7e-m/nofp/libg.a(libc_a-__call_atexit.o)
 .text.atexit   0x08003550        0xc /home/guanhuai/st/stm32cubeclt_1.16.0/GNU-tools-for-STM32/bin/../lib/gcc/arm-none-eabi/12.3.1/../../../../arm-none-eabi/lib/thumb/v7e-m/nofp/libg.a(libc_a-atexit.o)
                0x08003550                atexit
 .text._malloc_trim_r
                0x0800355c       0xac /home/guanhuai/st/stm32cubeclt_1.16.0/GNU-tools-for-STM32/bin/../lib/gcc/arm-none-eabi/12.3.1/../../../../arm-none-eabi/lib/thumb/v7e-m/nofp/libg.a(libc_a-freer.o)
                0x0800355c                _malloc_trim_r
 .text._free_r  0x08003608      0x180 /home/guanhuai/st/stm32cubeclt_1.16.0/GNU-tools-for-STM32/bin/../lib/gcc/arm-none-eabi/12.3.1/../../../../arm-none-eabi/lib/thumb/v7e-m/nofp/libg.a(libc_a-freer.o)
                0x08003608                _free_r
 .text._malloc_r
                0x08003788      0x474 /home/guanhuai/st/stm32cubeclt_1.16.0/GNU-tools-for-STM32/bin/../lib/gcc/arm-none-eabi/12.3.1/../../../../arm-none-eabi/lib/thumb/v7e-m/nofp/libg.a(libc_a-mallocr.o)
                0x08003788                _malloc_r
 .text.__malloc_lock
                0x08003bfc        0xc /home/guanhuai/st/stm32cubeclt_1.16.0/GNU-tools-for-STM32/bin/../lib/gcc/arm-none-eabi/12.3.1/../../../../arm-none-eabi/lib/thumb/v7e-m/nofp/libg.a(libc_a-mlock.o)
                0x08003bfc                __malloc_lock
 .text.__malloc_unlock
                0x08003c08        0xc /home/guanhuai/st/stm32cubeclt_1.16.0/GNU-tools-for-STM32/bin/../lib/gcc/arm-none-eabi/12.3.1/../../../../arm-none-eabi/lib/thumb/v7e-m/nofp/libg.a(libc_a-mlock.o)
                0x08003c08                __malloc_unlock
 .text._svfprintf_r
                0x08003c14     0x1388 /home/guanhuai/st/stm32cubeclt_1.16.0/GNU-tools-for-STM32/bin/../lib/gcc/arm-none-eabi/12.3.1/../../../../arm-none-eabi/lib/thumb/v7e-m/nofp/libg.a(libc_a-svfprintf.o)
                0x08003c14                _svfprintf_r
 .text._fclose_r
                0x08004f9c       0xaa /home/guanhuai/st/stm32cubeclt_1.16.0/GNU-tools-for-STM32/bin/../lib/gcc/arm-none-eabi/12.3.1/../../../../arm-none-eabi/lib/thumb/v7e-m/nofp/libg.a(libc_a-fclose.o)
                0x08004f9c                _fclose_r
 *fill*         0x08005046        0x2 
 .text.__sflush_r
                0x08005048      0x108 /home/guanhuai/st/stm32cubeclt_1.16.0/GNU-tools-for-STM32/bin/../lib/gcc/arm-none-eabi/12.3.1/../../../../arm-none-eabi/lib/thumb/v7e-m/nofp/libg.a(libc_a-fflush.o)
                0x08005048                __sflush_r
 .text._fflush_r
                0x08005150       0x4a /home/guanhuai/st/stm32cubeclt_1.16.0/GNU-tools-for-STM32/bin/../lib/gcc/arm-none-eabi/12.3.1/../../../../arm-none-eabi/lib/thumb/v7e-m/nofp/libg.a(libc_a-fflush.o)
                0x08005150                _fflush_r
 .text.strncpy  0x0800519a       0x26 /home/guanhuai/st/stm32cubeclt_1.16.0/GNU-tools-for-STM32/bin/../lib/gcc/arm-none-eabi/12.3.1/../../../../arm-none-eabi/lib/thumb/v7e-m/nofp/libg.a(libc_a-strncpy.o)
                0x0800519a                strncpy
 .text._localeconv_r
                0x080051c0        0x8 /home/guanhuai/st/stm32cubeclt_1.16.0/GNU-tools-for-STM32/bin/../lib/gcc/arm-none-eabi/12.3.1/../../../../arm-none-eabi/lib/thumb/v7e-m/nofp/libg.a(libc_a-localeconv.o)
                0x080051c0                _localeconv_r
 .text._sbrk_r  0x080051c8       0x20 /home/guanhuai/st/stm32cubeclt_1.16.0/GNU-tools-for-STM32/bin/../lib/gcc/arm-none-eabi/12.3.1/../../../../arm-none-eabi/lib/thumb/v7e-m/nofp/libg.a(libc_a-sbrkr.o)
                0x080051c8                _sbrk_r
 .text.__libc_fini_array
                0x080051e8       0x28 /home/guanhuai/st/stm32cubeclt_1.16.0/GNU-tools-for-STM32/bin/../lib/gcc/arm-none-eabi/12.3.1/../../../../arm-none-eabi/lib/thumb/v7e-m/nofp/libg.a(libc_a-fini.o)
                0x080051e8                __libc_fini_array
 .text.sysconf  0x08005210       0x18 /home/guanhuai/st/stm32cubeclt_1.16.0/GNU-tools-for-STM32/bin/../lib/gcc/arm-none-eabi/12.3.1/../../../../arm-none-eabi/lib/thumb/v7e-m/nofp/libg.a(libc_a-sysconf.o)
                0x08005210                sysconf
 .text.frexp    0x08005228       0x68 /home/guanhuai/st/stm32cubeclt_1.16.0/GNU-tools-for-STM32/bin/../lib/gcc/arm-none-eabi/12.3.1/../../../../arm-none-eabi/lib/thumb/v7e-m/nofp/libg.a(libm_a-s_frexp.o)
                0x08005228                frexp
 .text.__register_exitproc
                0x08005290       0x80 /home/guanhuai/st/stm32cubeclt_1.16.0/GNU-tools-for-STM32/bin/../lib/gcc/arm-none-eabi/12.3.1/../../../../arm-none-eabi/lib/thumb/v7e-m/nofp/libg.a(libc_a-__atexit.o)
                0x08005290                __register_exitproc
 .text.quorem   0x08005310      0x110 /home/guanhuai/st/stm32cubeclt_1.16.0/GNU-tools-for-STM32/bin/../lib/gcc/arm-none-eabi/12.3.1/../../../../arm-none-eabi/lib/thumb/v7e-m/nofp/libg.a(libc_a-dtoa.o)
 .text._dtoa_r  0x08005420      0xb58 /home/guanhuai/st/stm32cubeclt_1.16.0/GNU-tools-for-STM32/bin/../lib/gcc/arm-none-eabi/12.3.1/../../../../arm-none-eabi/lib/thumb/v7e-m/nofp/libg.a(libc_a-dtoa.o)
                0x08005420                _dtoa_r
 .text._Balloc  0x08005f78       0x4a /home/guanhuai/st/stm32cubeclt_1.16.0/GNU-tools-for-STM32/bin/../lib/gcc/arm-none-eabi/12.3.1/../../../../arm-none-eabi/lib/thumb/v7e-m/nofp/libg.a(libc_a-mprec.o)
                0x08005f78                _Balloc
 .text._Bfree   0x08005fc2       0x12 /home/guanhuai/st/stm32cubeclt_1.16.0/GNU-tools-for-STM32/bin/../lib/gcc/arm-none-eabi/12.3.1/../../../../arm-none-eabi/lib/thumb/v7e-m/nofp/libg.a(libc_a-mprec.o)
                0x08005fc2                _Bfree
 .text.__multadd
                0x08005fd4       0x8c /home/guanhuai/st/stm32cubeclt_1.16.0/GNU-tools-for-STM32/bin/../lib/gcc/arm-none-eabi/12.3.1/../../../../arm-none-eabi/lib/thumb/v7e-m/nofp/libg.a(libc_a-mprec.o)
                0x08005fd4                __multadd
 .text.__hi0bits
                0x08006060       0x3e /home/guanhuai/st/stm32cubeclt_1.16.0/GNU-tools-for-STM32/bin/../lib/gcc/arm-none-eabi/12.3.1/../../../../arm-none-eabi/lib/thumb/v7e-m/nofp/libg.a(libc_a-mprec.o)
                0x08006060                __hi0bits
 .text.__lo0bits
                0x0800609e       0x5a /home/guanhuai/st/stm32cubeclt_1.16.0/GNU-tools-for-STM32/bin/../lib/gcc/arm-none-eabi/12.3.1/../../../../arm-none-eabi/lib/thumb/v7e-m/nofp/libg.a(libc_a-mprec.o)
                0x0800609e                __lo0bits
 .text.__i2b    0x080060f8       0x2c /home/guanhuai/st/stm32cubeclt_1.16.0/GNU-tools-for-STM32/bin/../lib/gcc/arm-none-eabi/12.3.1/../../../../arm-none-eabi/lib/thumb/v7e-m/nofp/libg.a(libc_a-mprec.o)
                0x080060f8                __i2b
 .text.__multiply
                0x08006124      0x154 /home/guanhuai/st/stm32cubeclt_1.16.0/GNU-tools-for-STM32/bin/../lib/gcc/arm-none-eabi/12.3.1/../../../../arm-none-eabi/lib/thumb/v7e-m/nofp/libg.a(libc_a-mprec.o)
                0x08006124                __multiply
 .text.__pow5mult
                0x08006278       0x80 /home/guanhuai/st/stm32cubeclt_1.16.0/GNU-tools-for-STM32/bin/../lib/gcc/arm-none-eabi/12.3.1/../../../../arm-none-eabi/lib/thumb/v7e-m/nofp/libg.a(libc_a-mprec.o)
                0x08006278                __pow5mult
 .text.__lshift
                0x080062f8       0xd8 /home/guanhuai/st/stm32cubeclt_1.16.0/GNU-tools-for-STM32/bin/../lib/gcc/arm-none-eabi/12.3.1/../../../../arm-none-eabi/lib/thumb/v7e-m/nofp/libg.a(libc_a-mprec.o)
                0x080062f8                __lshift
 .text.__mcmp   0x080063d0       0x36 /home/guanhuai/st/stm32cubeclt_1.16.0/GNU-tools-for-STM32/bin/../lib/gcc/arm-none-eabi/12.3.1/../../../../arm-none-eabi/lib/thumb/v7e-m/nofp/libg.a(libc_a-mprec.o)
                0x080063d0                __mcmp
 *fill*         0x08006406        0x2 
 .text.__mdiff  0x08006408      0x124 /home/guanhuai/st/stm32cubeclt_1.16.0/GNU-tools-for-STM32/bin/../lib/gcc/arm-none-eabi/12.3.1/../../../../arm-none-eabi/lib/thumb/v7e-m/nofp/libg.a(libc_a-mprec.o)
                0x08006408                __mdiff
 .text.__d2b    0x0800652c       0xb0 /home/guanhuai/st/stm32cubeclt_1.16.0/GNU-tools-for-STM32/bin/../lib/gcc/arm-none-eabi/12.3.1/../../../../arm-none-eabi/lib/thumb/v7e-m/nofp/libg.a(libc_a-mprec.o)
                0x0800652c                __d2b
 .text.__ssprint_r
                0x080065dc       0xfa /home/guanhuai/st/stm32cubeclt_1.16.0/GNU-tools-for-STM32/bin/../lib/gcc/arm-none-eabi/12.3.1/../../../../arm-none-eabi/lib/thumb/v7e-m/nofp/libg.a(libc_a-svfiprintf.o)
                0x080065dc                __ssprint_r
 .text.memmove  0x080066d6       0x34 /home/guanhuai/st/stm32cubeclt_1.16.0/GNU-tools-for-STM32/bin/../lib/gcc/arm-none-eabi/12.3.1/../../../../arm-none-eabi/lib/thumb/v7e-m/nofp/libg.a(libc_a-memmove.o)
                0x080066d6                memmove
 *fill*         0x0800670a        0x2 
 .text.__locale_mb_cur_max
                0x0800670c        0xc /home/guanhuai/st/stm32cubeclt_1.16.0/GNU-tools-for-STM32/bin/../lib/gcc/arm-none-eabi/12.3.1/../../../../arm-none-eabi/lib/thumb/v7e-m/nofp/libg.a(libc_a-locale.o)
                0x0800670c                __locale_mb_cur_max
 .text.memcpy   0x08006718       0x1c /home/guanhuai/st/stm32cubeclt_1.16.0/GNU-tools-for-STM32/bin/../lib/gcc/arm-none-eabi/12.3.1/../../../../arm-none-eabi/lib/thumb/v7e-m/nofp/libg.a(libc_a-memcpy-stub.o)
                0x08006718                memcpy
 .text.__assert_func
                0x08006734       0x3c /home/guanhuai/st/stm32cubeclt_1.16.0/GNU-tools-for-STM32/bin/../lib/gcc/arm-none-eabi/12.3.1/../../../../arm-none-eabi/lib/thumb/v7e-m/nofp/libg.a(libc_a-assert.o)
                0x08006734                __assert_func
 .text._calloc_r
                0x08006770       0x6a /home/guanhuai/st/stm32cubeclt_1.16.0/GNU-tools-for-STM32/bin/../lib/gcc/arm-none-eabi/12.3.1/../../../../arm-none-eabi/lib/thumb/v7e-m/nofp/libg.a(libc_a-callocr.o)
                0x08006770                _calloc_r
 .text.__ascii_mbtowc
                0x080067da       0x24 /home/guanhuai/st/stm32cubeclt_1.16.0/GNU-tools-for-STM32/bin/../lib/gcc/arm-none-eabi/12.3.1/../../../../arm-none-eabi/lib/thumb/v7e-m/nofp/libg.a(libc_a-mbtowc_r.o)
                0x080067da                __ascii_mbtowc
 *fill*         0x080067fe        0x2 
 .text._realloc_r
                0x08006800      0x350 /home/guanhuai/st/stm32cubeclt_1.16.0/GNU-tools-for-STM32/bin/../lib/gcc/arm-none-eabi/12.3.1/../../../../arm-none-eabi/lib/thumb/v7e-m/nofp/libg.a(libc_a-reallocr.o)
                0x08006800                _realloc_r
 .text.__ascii_wctomb
                0x08006b50       0x1a /home/guanhuai/st/stm32cubeclt_1.16.0/GNU-tools-for-STM32/bin/../lib/gcc/arm-none-eabi/12.3.1/../../../../arm-none-eabi/lib/thumb/v7e-m/nofp/libg.a(libc_a-wctomb_r.o)
                0x08006b50                __ascii_wctomb
 *fill*         0x08006b6a        0x2 
 .text.fiprintf
                0x08006b6c       0x24 /home/guanhuai/st/stm32cubeclt_1.16.0/GNU-tools-for-STM32/bin/../lib/gcc/arm-none-eabi/12.3.1/../../../../arm-none-eabi/lib/thumb/v7e-m/nofp/libg.a(libc_a-fiprintf.o)
                0x08006b6c                fiprintf
 .text.__sprint_r
                0x08006b90       0x64 /home/guanhuai/st/stm32cubeclt_1.16.0/GNU-tools-for-STM32/bin/../lib/gcc/arm-none-eabi/12.3.1/../../../../arm-none-eabi/lib/thumb/v7e-m/nofp/libg.a(libc_a-vfiprintf.o)
                0x08006b90                __sprint_r
 .text._vfiprintf_r
                0x08006bf4      0x918 /home/guanhuai/st/stm32cubeclt_1.16.0/GNU-tools-for-STM32/bin/../lib/gcc/arm-none-eabi/12.3.1/../../../../arm-none-eabi/lib/thumb/v7e-m/nofp/libg.a(libc_a-vfiprintf.o)
                0x08006bf4                _vfiprintf_r
 .text.__sbprintf
                0x0800750c       0x80 /home/guanhuai/st/stm32cubeclt_1.16.0/GNU-tools-for-STM32/bin/../lib/gcc/arm-none-eabi/12.3.1/../../../../arm-none-eabi/lib/thumb/v7e-m/nofp/libg.a(libc_a-vfiprintf.o)
 .text.__sfvwrite_r
                0x0800758c      0x298 /home/guanhuai/st/stm32cubeclt_1.16.0/GNU-tools-for-STM32/bin/../lib/gcc/arm-none-eabi/12.3.1/../../../../arm-none-eabi/lib/thumb/v7e-m/nofp/libg.a(libc_a-fvwrite.o)
                0x0800758c                __sfvwrite_r
 .text.__swsetup_r
                0x08007824       0xac /home/guanhuai/st/stm32cubeclt_1.16.0/GNU-tools-for-STM32/bin/../lib/gcc/arm-none-eabi/12.3.1/../../../../arm-none-eabi/lib/thumb/v7e-m/nofp/libg.a(libc_a-wsetup.o)
                0x08007824                __swsetup_r
 .text.__fputwc
                0x080078d0       0x82 /home/guanhuai/st/stm32cubeclt_1.16.0/GNU-tools-for-STM32/bin/../lib/gcc/arm-none-eabi/12.3.1/../../../../arm-none-eabi/lib/thumb/v7e-m/nofp/libg.a(libc_a-fputwc.o)
                0x080078d0                __fputwc
 .text._fputwc_r
                0x08007952       0x52 /home/guanhuai/st/stm32cubeclt_1.16.0/GNU-tools-for-STM32/bin/../lib/gcc/arm-none-eabi/12.3.1/../../../../arm-none-eabi/lib/thumb/v7e-m/nofp/libg.a(libc_a-fputwc.o)
                0x08007952                _fputwc_r
 .text.abort    0x080079a4        0xe /home/guanhuai/st/stm32cubeclt_1.16.0/GNU-tools-for-STM32/bin/../lib/gcc/arm-none-eabi/12.3.1/../../../../arm-none-eabi/lib/thumb/v7e-m/nofp/libg.a(libc_a-abort.o)
                0x080079a4                abort
 *fill*         0x080079b2        0x2 
 .text._wcrtomb_r
                0x080079b4       0x2c /home/guanhuai/st/stm32cubeclt_1.16.0/GNU-tools-for-STM32/bin/../lib/gcc/arm-none-eabi/12.3.1/../../../../arm-none-eabi/lib/thumb/v7e-m/nofp/libg.a(libc_a-wcrtomb.o)
                0x080079b4                _wcrtomb_r
 .text.__swhatbuf_r
                0x080079e0       0x50 /home/guanhuai/st/stm32cubeclt_1.16.0/GNU-tools-for-STM32/bin/../lib/gcc/arm-none-eabi/12.3.1/../../../../arm-none-eabi/lib/thumb/v7e-m/nofp/libg.a(libc_a-makebuf.o)
                0x080079e0                __swhatbuf_r
 .text.__smakebuf_r
                0x08007a30       0x78 /home/guanhuai/st/stm32cubeclt_1.16.0/GNU-tools-for-STM32/bin/../lib/gcc/arm-none-eabi/12.3.1/../../../../arm-none-eabi/lib/thumb/v7e-m/nofp/libg.a(libc_a-makebuf.o)
                0x08007a30                __smakebuf_r
 .text.__swbuf_r
                0x08007aa8       0x92 /home/guanhuai/st/stm32cubeclt_1.16.0/GNU-tools-for-STM32/bin/../lib/gcc/arm-none-eabi/12.3.1/../../../../arm-none-eabi/lib/thumb/v7e-m/nofp/libg.a(libc_a-wbuf.o)
                0x08007aa8                __swbuf_r
 .text._raise_r
                0x08007b3a       0x52 /home/guanhuai/st/stm32cubeclt_1.16.0/GNU-tools-for-STM32/bin/../lib/gcc/arm-none-eabi/12.3.1/../../../../arm-none-eabi/lib/thumb/v7e-m/nofp/libg.a(libc_a-signal.o)
                0x08007b3a                _raise_r
 .text.raise    0x08007b8c       0x10 /home/guanhuai/st/stm32cubeclt_1.16.0/GNU-tools-for-STM32/bin/../lib/gcc/arm-none-eabi/12.3.1/../../../../arm-none-eabi/lib/thumb/v7e-m/nofp/libg.a(libc_a-signal.o)
                0x08007b8c                raise
 .text._fstat_r
                0x08007b9c       0x24 /home/guanhuai/st/stm32cubeclt_1.16.0/GNU-tools-for-STM32/bin/../lib/gcc/arm-none-eabi/12.3.1/../../../../arm-none-eabi/lib/thumb/v7e-m/nofp/libg.a(libc_a-fstatr.o)
                0x08007b9c                _fstat_r
 .text._isatty_r
                0x08007bc0       0x20 /home/guanhuai/st/stm32cubeclt_1.16.0/GNU-tools-for-STM32/bin/../lib/gcc/arm-none-eabi/12.3.1/../../../../arm-none-eabi/lib/thumb/v7e-m/nofp/libg.a(libc_a-isattyr.o)
                0x08007bc0                _isatty_r
 .text._kill_r  0x08007be0       0x24 /home/guanhuai/st/stm32cubeclt_1.16.0/GNU-tools-for-STM32/bin/../lib/gcc/arm-none-eabi/12.3.1/../../../../arm-none-eabi/lib/thumb/v7e-m/nofp/libg.a(libc_a-signalr.o)
                0x08007be0                _kill_r
 .text._getpid_r
                0x08007c04        0x4 /home/guanhuai/st/stm32cubeclt_1.16.0/GNU-tools-for-STM32/bin/../lib/gcc/arm-none-eabi/12.3.1/../../../../arm-none-eabi/lib/thumb/v7e-m/nofp/libg.a(libc_a-signalr.o)
                0x08007c04                _getpid_r
 *(.glue_7)
 .glue_7        0x08007c08        0x0 linker stubs
 *(.glue_7t)
 .glue_7t       0x08007c08        0x0 linker stubs
 *(.eh_frame)
 .eh_frame      0x08007c08        0x0 /home/guanhuai/st/stm32cubeclt_1.16.0/GNU-tools-for-STM32/bin/../lib/gcc/arm-none-eabi/12.3.1/thumb/v7e-m/nofp/crtbegin.o
 *(.init)
 .init          0x08007c08        0x4 /home/guanhuai/st/stm32cubeclt_1.16.0/GNU-tools-for-STM32/bin/../lib/gcc/arm-none-eabi/12.3.1/thumb/v7e-m/nofp/crti.o
                0x08007c08                _init
 .init          0x08007c0c        0x8 /home/guanhuai/st/stm32cubeclt_1.16.0/GNU-tools-for-STM32/bin/../lib/gcc/arm-none-eabi/12.3.1/thumb/v7e-m/nofp/crtn.o
 *(.fini)
 .fini          0x08007c14        0x4 /home/guanhuai/st/stm32cubeclt_1.16.0/GNU-tools-for-STM32/bin/../lib/gcc/arm-none-eabi/12.3.1/thumb/v7e-m/nofp/crti.o
                0x08007c14                _fini
 .fini          0x08007c18        0x8 /home/guanhuai/st/stm32cubeclt_1.16.0/GNU-tools-for-STM32/bin/../lib/gcc/arm-none-eabi/12.3.1/thumb/v7e-m/nofp/crtn.o
                0x08007c20                        . = ALIGN (0x4)
                0x08007c20                        _etext = .

.vfp11_veneer   0x08007c20        0x0
 .vfp11_veneer  0x08007c20        0x0 linker stubs

.v4_bx          0x08007c20        0x0
 .v4_bx         0x08007c20        0x0 linker stubs

.iplt           0x08007c20        0x0
 .iplt          0x08007c20        0x0 /home/guanhuai/st/stm32cubeclt_1.16.0/GNU-tools-for-STM32/bin/../lib/gcc/arm-none-eabi/12.3.1/thumb/v7e-m/nofp/crtbegin.o

.rodata         0x08007c20      0x3b0
                0x08007c20                        . = ALIGN (0x4)
 *(.rodata)
 *(.rodata*)
 .rodata.HAL_UART_RxCpltCallback.str1.4
                0x08007c20        0xe CMakeFiles/Project2_PWM.elf.dir/Core/Src/callback.c.obj
 *fill*         0x08007c2e        0x2 
 .rodata.APBPrescTable
                0x08007c30        0x8 CMakeFiles/Project2_PWM.elf.dir/Core/Src/system_stm32f4xx.c.obj
                0x08007c30                APBPrescTable
 .rodata.AHBPrescTable
                0x08007c38       0x10 CMakeFiles/Project2_PWM.elf.dir/Core/Src/system_stm32f4xx.c.obj
                0x08007c38                AHBPrescTable
 .rodata._svfprintf_r.str1.1
                0x08007c48       0x34 /home/guanhuai/st/stm32cubeclt_1.16.0/GNU-tools-for-STM32/bin/../lib/gcc/arm-none-eabi/12.3.1/../../../../arm-none-eabi/lib/thumb/v7e-m/nofp/libg.a(libc_a-svfprintf.o)
 .rodata.zeroes.0
                0x08007c7c       0x10 /home/guanhuai/st/stm32cubeclt_1.16.0/GNU-tools-for-STM32/bin/../lib/gcc/arm-none-eabi/12.3.1/../../../../arm-none-eabi/lib/thumb/v7e-m/nofp/libg.a(libc_a-svfprintf.o)
 .rodata.blanks.1
                0x08007c8c       0x10 /home/guanhuai/st/stm32cubeclt_1.16.0/GNU-tools-for-STM32/bin/../lib/gcc/arm-none-eabi/12.3.1/../../../../arm-none-eabi/lib/thumb/v7e-m/nofp/libg.a(libc_a-svfprintf.o)
 .rodata._dtoa_r.str1.1
                0x08007c9c       0x76 /home/guanhuai/st/stm32cubeclt_1.16.0/GNU-tools-for-STM32/bin/../lib/gcc/arm-none-eabi/12.3.1/../../../../arm-none-eabi/lib/thumb/v7e-m/nofp/libg.a(libc_a-dtoa.o)
                                 0x78 (size before relaxing)
 .rodata.__multadd.str1.1
                0x08007d12       0x59 /home/guanhuai/st/stm32cubeclt_1.16.0/GNU-tools-for-STM32/bin/../lib/gcc/arm-none-eabi/12.3.1/../../../../arm-none-eabi/lib/thumb/v7e-m/nofp/libg.a(libc_a-mprec.o)
                                 0x6a (size before relaxing)
 *fill*         0x08007d6b        0x1 
 .rodata.p05.0  0x08007d6c        0xc /home/guanhuai/st/stm32cubeclt_1.16.0/GNU-tools-for-STM32/bin/../lib/gcc/arm-none-eabi/12.3.1/../../../../arm-none-eabi/lib/thumb/v7e-m/nofp/libg.a(libc_a-mprec.o)
 .rodata.__mprec_bigtens
                0x08007d78       0x28 /home/guanhuai/st/stm32cubeclt_1.16.0/GNU-tools-for-STM32/bin/../lib/gcc/arm-none-eabi/12.3.1/../../../../arm-none-eabi/lib/thumb/v7e-m/nofp/libg.a(libc_a-mprec.o)
                0x08007d78                __mprec_bigtens
 .rodata.__mprec_tens
                0x08007da0       0xc8 /home/guanhuai/st/stm32cubeclt_1.16.0/GNU-tools-for-STM32/bin/../lib/gcc/arm-none-eabi/12.3.1/../../../../arm-none-eabi/lib/thumb/v7e-m/nofp/libg.a(libc_a-mprec.o)
                0x08007da0                __mprec_tens
 .rodata._setlocale_r.str1.1
                0x08007e68        0x8 /home/guanhuai/st/stm32cubeclt_1.16.0/GNU-tools-for-STM32/bin/../lib/gcc/arm-none-eabi/12.3.1/../../../../arm-none-eabi/lib/thumb/v7e-m/nofp/libg.a(libc_a-locale.o)
                                  0x9 (size before relaxing)
 .rodata.str1.1
                0x08007e70        0x2 /home/guanhuai/st/stm32cubeclt_1.16.0/GNU-tools-for-STM32/bin/../lib/gcc/arm-none-eabi/12.3.1/../../../../arm-none-eabi/lib/thumb/v7e-m/nofp/libg.a(libc_a-locale.o)
 .rodata.__assert_func.str1.1
                0x08007e72       0x3c /home/guanhuai/st/stm32cubeclt_1.16.0/GNU-tools-for-STM32/bin/../lib/gcc/arm-none-eabi/12.3.1/../../../../arm-none-eabi/lib/thumb/v7e-m/nofp/libg.a(libc_a-assert.o)
                                 0x3d (size before relaxing)
 .rodata._ctype_
                0x08007eae      0x101 /home/guanhuai/st/stm32cubeclt_1.16.0/GNU-tools-for-STM32/bin/../lib/gcc/arm-none-eabi/12.3.1/../../../../arm-none-eabi/lib/thumb/v7e-m/nofp/libg.a(libc_a-ctype_.o)
                0x08007eae                _ctype_
 .rodata._vfiprintf_r.str1.1
                0x08007faf       0x22 /home/guanhuai/st/stm32cubeclt_1.16.0/GNU-tools-for-STM32/bin/../lib/gcc/arm-none-eabi/12.3.1/../../../../arm-none-eabi/lib/thumb/v7e-m/nofp/libg.a(libc_a-vfiprintf.o)
 .rodata.zeroes.0
                0x08007faf       0x10 /home/guanhuai/st/stm32cubeclt_1.16.0/GNU-tools-for-STM32/bin/../lib/gcc/arm-none-eabi/12.3.1/../../../../arm-none-eabi/lib/thumb/v7e-m/nofp/libg.a(libc_a-vfiprintf.o)
 .rodata.blanks.1
                0x08007fbf       0x10 /home/guanhuai/st/stm32cubeclt_1.16.0/GNU-tools-for-STM32/bin/../lib/gcc/arm-none-eabi/12.3.1/../../../../arm-none-eabi/lib/thumb/v7e-m/nofp/libg.a(libc_a-vfiprintf.o)
                0x08007fd4                        . = ALIGN (0x4)
 *fill*         0x08007fcf        0x1 

.ARM.extab      0x08007fd0        0x0
                0x08007fd0                        . = ALIGN (0x4)
 *(.ARM.extab* .gnu.linkonce.armextab.*)
                0x08007fd0                        . = ALIGN (0x4)

.ARM            0x08007fd0        0x8
                0x08007fd0                        . = ALIGN (0x4)
                0x08007fd0                        __exidx_start = .
 *(.ARM.exidx*)
 .ARM.exidx     0x08007fd0        0x8 /home/guanhuai/st/stm32cubeclt_1.16.0/GNU-tools-for-STM32/bin/../lib/gcc/arm-none-eabi/12.3.1/thumb/v7e-m/nofp/libgcc.a(_udivmoddi4.o)
 .ARM.exidx     0x08007fd8        0x0 /home/guanhuai/st/stm32cubeclt_1.16.0/GNU-tools-for-STM32/bin/../lib/gcc/arm-none-eabi/12.3.1/../../../../arm-none-eabi/lib/thumb/v7e-m/nofp/libg.a(libc_a-strlen.o)
                                  0x8 (size before relaxing)
 .ARM.exidx     0x08007fd8        0x0 /home/guanhuai/st/stm32cubeclt_1.16.0/GNU-tools-for-STM32/bin/../lib/gcc/arm-none-eabi/12.3.1/../../../../arm-none-eabi/lib/thumb/v7e-m/nofp/libg.a(libc_a-memchr.o)
                                  0x8 (size before relaxing)
                0x08007fd8                        __exidx_end = .
                0x08007fd8                        . = ALIGN (0x4)

.preinit_array  0x08007fd8        0x0
                0x08007fd8                        . = ALIGN (0x4)
                0x08007fd8                        PROVIDE (__preinit_array_start = .)
 *(.preinit_array*)
                0x08007fd8                        PROVIDE (__preinit_array_end = .)
                0x08007fd8                        . = ALIGN (0x4)

.init_array     0x08007fd8        0x8
                0x08007fd8                        . = ALIGN (0x4)
                0x08007fd8                        PROVIDE (__init_array_start = .)
 *(SORT_BY_NAME(.init_array.*))
 .init_array.00000
                0x08007fd8        0x4 /home/guanhuai/st/stm32cubeclt_1.16.0/GNU-tools-for-STM32/bin/../lib/gcc/arm-none-eabi/12.3.1/../../../../arm-none-eabi/lib/thumb/v7e-m/nofp/libg.a(libc_a-__call_atexit.o)
 *(.init_array*)
 .init_array    0x08007fdc        0x4 /home/guanhuai/st/stm32cubeclt_1.16.0/GNU-tools-for-STM32/bin/../lib/gcc/arm-none-eabi/12.3.1/thumb/v7e-m/nofp/crtbegin.o
                0x08007fe0                        PROVIDE (__init_array_end = .)
                0x08007fe0                        . = ALIGN (0x4)

.fini_array     0x08007fe0        0x4
                0x08007fe0                        . = ALIGN (0x4)
                0x08007fe0                        PROVIDE (__fini_array_start = .)
 *(SORT_BY_NAME(.fini_array.*))
 *(.fini_array*)
 .fini_array    0x08007fe0        0x4 /home/guanhuai/st/stm32cubeclt_1.16.0/GNU-tools-for-STM32/bin/../lib/gcc/arm-none-eabi/12.3.1/thumb/v7e-m/nofp/crtbegin.o
                0x08007fe4                        PROVIDE (__fini_array_end = .)
                0x08007fe4                        . = ALIGN (0x4)
                0x08007fe4                        _sidata = LOADADDR (.data)

.rel.dyn        0x08007fe4        0x0
 .rel.iplt      0x08007fe4        0x0 /home/guanhuai/st/stm32cubeclt_1.16.0/GNU-tools-for-STM32/bin/../lib/gcc/arm-none-eabi/12.3.1/thumb/v7e-m/nofp/crtbegin.o

.data           0x20000000      0x6c0 load address 0x08007fe4
                0x20000000                        . = ALIGN (0x4)
                0x20000000                        _sdata = .
 *(.data)
 *(.data*)
 .data.SystemCoreClock
                0x20000000        0x4 CMakeFiles/Project2_PWM.elf.dir/Core/Src/system_stm32f4xx.c.obj
                0x20000000                SystemCoreClock
 .data.uwTickFreq
                0x20000004        0x1 CMakeFiles/Project2_PWM.elf.dir/Drivers/STM32F4xx_HAL_Driver/Src/stm32f4xx_hal.c.obj
                0x20000004                uwTickFreq
 *fill*         0x20000005        0x3 
 .data.uwTickPrio
                0x20000008        0x4 CMakeFiles/Project2_PWM.elf.dir/Drivers/STM32F4xx_HAL_Driver/Src/stm32f4xx_hal.c.obj
                0x20000008                uwTickPrio
 .data.__sglue  0x2000000c        0xc /home/guanhuai/st/stm32cubeclt_1.16.0/GNU-tools-for-STM32/bin/../lib/gcc/arm-none-eabi/12.3.1/../../../../arm-none-eabi/lib/thumb/v7e-m/nofp/libg.a(libc_a-findfp.o)
                0x2000000c                __sglue
 .data._impure_ptr
                0x20000018        0x4 /home/guanhuai/st/stm32cubeclt_1.16.0/GNU-tools-for-STM32/bin/../lib/gcc/arm-none-eabi/12.3.1/../../../../arm-none-eabi/lib/thumb/v7e-m/nofp/libg.a(libc_a-impure.o)
                0x20000018                _impure_ptr
 *fill*         0x2000001c        0x4 
 .data._impure_data
                0x20000020      0x120 /home/guanhuai/st/stm32cubeclt_1.16.0/GNU-tools-for-STM32/bin/../lib/gcc/arm-none-eabi/12.3.1/../../../../arm-none-eabi/lib/thumb/v7e-m/nofp/libg.a(libc_a-impure.o)
                0x20000020                _impure_data
 .data.__atexit_recursive_mutex
                0x20000140        0x4 /home/guanhuai/st/stm32cubeclt_1.16.0/GNU-tools-for-STM32/bin/../lib/gcc/arm-none-eabi/12.3.1/../../../../arm-none-eabi/lib/thumb/v7e-m/nofp/libg.a(libc_a-__call_atexit.o)
                0x20000140                __atexit_recursive_mutex
 .data.__malloc_sbrk_base
                0x20000144        0x4 /home/guanhuai/st/stm32cubeclt_1.16.0/GNU-tools-for-STM32/bin/../lib/gcc/arm-none-eabi/12.3.1/../../../../arm-none-eabi/lib/thumb/v7e-m/nofp/libg.a(libc_a-mallocr.o)
                0x20000144                __malloc_sbrk_base
 .data.__malloc_trim_threshold
                0x20000148        0x4 /home/guanhuai/st/stm32cubeclt_1.16.0/GNU-tools-for-STM32/bin/../lib/gcc/arm-none-eabi/12.3.1/../../../../arm-none-eabi/lib/thumb/v7e-m/nofp/libg.a(libc_a-mallocr.o)
                0x20000148                __malloc_trim_threshold
 .data.__malloc_av_
                0x2000014c      0x408 /home/guanhuai/st/stm32cubeclt_1.16.0/GNU-tools-for-STM32/bin/../lib/gcc/arm-none-eabi/12.3.1/../../../../arm-none-eabi/lib/thumb/v7e-m/nofp/libg.a(libc_a-mallocr.o)
                0x2000014c                __malloc_av_
 .data.__global_locale
                0x20000554      0x16c /home/guanhuai/st/stm32cubeclt_1.16.0/GNU-tools-for-STM32/bin/../lib/gcc/arm-none-eabi/12.3.1/../../../../arm-none-eabi/lib/thumb/v7e-m/nofp/libg.a(libc_a-locale.o)
                0x20000554                __global_locale
 *(.RamFunc)
 *(.RamFunc*)
                0x200006c0                        . = ALIGN (0x4)
                0x200006c0                        _edata = .
                0x080086a4                        _siccmram = LOADADDR (.ccmram)

.igot.plt       0x200006c0        0x0 load address 0x080086a4
 .igot.plt      0x200006c0        0x0 /home/guanhuai/st/stm32cubeclt_1.16.0/GNU-tools-for-STM32/bin/../lib/gcc/arm-none-eabi/12.3.1/thumb/v7e-m/nofp/crtbegin.o

.ccmram         0x10000000        0x0 load address 0x080086a4
                0x10000000                        . = ALIGN (0x4)
                0x10000000                        _sccmram = .
 *(.ccmram)
 *(.ccmram*)
                0x10000000                        . = ALIGN (0x4)
                0x10000000                        _eccmram = .
                0x10000000                        . = ALIGN (0x4)

.bss            0x200006c0      0x40c
                0x200006c0                        _sbss = .
                0x200006c0                        __bss_start__ = _sbss
 *(.bss)
 .bss           0x200006c0       0x1c /home/guanhuai/st/stm32cubeclt_1.16.0/GNU-tools-for-STM32/bin/../lib/gcc/arm-none-eabi/12.3.1/thumb/v7e-m/nofp/crtbegin.o
 *(.bss*)
 .bss.rx_buffer
                0x200006dc        0x1 CMakeFiles/Project2_PWM.elf.dir/Core/Src/main.c.obj
                0x200006dc                rx_buffer
 *fill*         0x200006dd        0x3 
 .bss.__sbrk_heap_end
                0x200006e0        0x4 CMakeFiles/Project2_PWM.elf.dir/Core/Src/sysmem.c.obj
 .bss.htim6     0x200006e4       0x48 CMakeFiles/Project2_PWM.elf.dir/Core/Src/tim.c.obj
                0x200006e4                htim6
 .bss.htim1     0x2000072c       0x48 CMakeFiles/Project2_PWM.elf.dir/Core/Src/tim.c.obj
                0x2000072c                htim1
 .bss.huart6    0x20000774       0x48 CMakeFiles/Project2_PWM.elf.dir/Core/Src/usart.c.obj
                0x20000774                huart6
 .bss.uwTick    0x200007bc        0x4 CMakeFiles/Project2_PWM.elf.dir/Drivers/STM32F4xx_HAL_Driver/Src/stm32f4xx_hal.c.obj
                0x200007bc                uwTick
 .bss.__sf      0x200007c0      0x138 /home/guanhuai/st/stm32cubeclt_1.16.0/GNU-tools-for-STM32/bin/../lib/gcc/arm-none-eabi/12.3.1/../../../../arm-none-eabi/lib/thumb/v7e-m/nofp/libg.a(libc_a-findfp.o)
                0x200007c0                __sf
 .bss.__stdio_exit_handler
                0x200008f8        0x4 /home/guanhuai/st/stm32cubeclt_1.16.0/GNU-tools-for-STM32/bin/../lib/gcc/arm-none-eabi/12.3.1/../../../../arm-none-eabi/lib/thumb/v7e-m/nofp/libg.a(libc_a-findfp.o)
                0x200008f8                __stdio_exit_handler
 .bss.errno     0x200008fc        0x4 /home/guanhuai/st/stm32cubeclt_1.16.0/GNU-tools-for-STM32/bin/../lib/gcc/arm-none-eabi/12.3.1/../../../../arm-none-eabi/lib/thumb/v7e-m/nofp/libg.a(libc_a-reent.o)
                0x200008fc                errno
 .bss.__lock___malloc_recursive_mutex
                0x20000900        0x1 /home/guanhuai/st/stm32cubeclt_1.16.0/GNU-tools-for-STM32/bin/../lib/gcc/arm-none-eabi/12.3.1/../../../../arm-none-eabi/lib/thumb/v7e-m/nofp/libg.a(libc_a-lock.o)
                0x20000900                __lock___malloc_recursive_mutex
 .bss.__lock___atexit_recursive_mutex
                0x20000901        0x1 /home/guanhuai/st/stm32cubeclt_1.16.0/GNU-tools-for-STM32/bin/../lib/gcc/arm-none-eabi/12.3.1/../../../../arm-none-eabi/lib/thumb/v7e-m/nofp/libg.a(libc_a-lock.o)
                0x20000901                __lock___atexit_recursive_mutex
 .bss.__lock___sfp_recursive_mutex
                0x20000902        0x1 /home/guanhuai/st/stm32cubeclt_1.16.0/GNU-tools-for-STM32/bin/../lib/gcc/arm-none-eabi/12.3.1/../../../../arm-none-eabi/lib/thumb/v7e-m/nofp/libg.a(libc_a-lock.o)
                0x20000902                __lock___sfp_recursive_mutex
 *fill*         0x20000903        0x1 
 .bss.__atexit  0x20000904        0x4 /home/guanhuai/st/stm32cubeclt_1.16.0/GNU-tools-for-STM32/bin/../lib/gcc/arm-none-eabi/12.3.1/../../../../arm-none-eabi/lib/thumb/v7e-m/nofp/libg.a(libc_a-__call_atexit.o)
                0x20000904                __atexit
 .bss.__malloc_current_mallinfo
                0x20000908       0x28 /home/guanhuai/st/stm32cubeclt_1.16.0/GNU-tools-for-STM32/bin/../lib/gcc/arm-none-eabi/12.3.1/../../../../arm-none-eabi/lib/thumb/v7e-m/nofp/libg.a(libc_a-mallocr.o)
                0x20000908                __malloc_current_mallinfo
 .bss.__malloc_max_total_mem
                0x20000930        0x4 /home/guanhuai/st/stm32cubeclt_1.16.0/GNU-tools-for-STM32/bin/../lib/gcc/arm-none-eabi/12.3.1/../../../../arm-none-eabi/lib/thumb/v7e-m/nofp/libg.a(libc_a-mallocr.o)
                0x20000930                __malloc_max_total_mem
 .bss.__malloc_max_sbrked_mem
                0x20000934        0x4 /home/guanhuai/st/stm32cubeclt_1.16.0/GNU-tools-for-STM32/bin/../lib/gcc/arm-none-eabi/12.3.1/../../../../arm-none-eabi/lib/thumb/v7e-m/nofp/libg.a(libc_a-mallocr.o)
                0x20000934                __malloc_max_sbrked_mem
 .bss.__malloc_top_pad
                0x20000938        0x4 /home/guanhuai/st/stm32cubeclt_1.16.0/GNU-tools-for-STM32/bin/../lib/gcc/arm-none-eabi/12.3.1/../../../../arm-none-eabi/lib/thumb/v7e-m/nofp/libg.a(libc_a-mallocr.o)
                0x20000938                __malloc_top_pad
 .bss.__atexit0
                0x2000093c      0x190 /home/guanhuai/st/stm32cubeclt_1.16.0/GNU-tools-for-STM32/bin/../lib/gcc/arm-none-eabi/12.3.1/../../../../arm-none-eabi/lib/thumb/v7e-m/nofp/libg.a(libc_a-__atexit.o)
                0x2000093c                __atexit0
 *(COMMON)
                0x20000acc                        . = ALIGN (0x4)
                0x20000acc                        _ebss = .
                0x20000acc                        __bss_end__ = _ebss

._user_heap_stack
                0x20000acc      0x604
                0x20000ad0                        . = ALIGN (0x8)
 *fill*         0x20000acc        0x4 
                [!provide]                        PROVIDE (end = .)
                0x20000ad0                        PROVIDE (_end = .)
                0x20000cd0                        . = (. + _Min_Heap_Size)
 *fill*         0x20000ad0      0x200 
                0x200010d0                        . = (. + _Min_Stack_Size)
 *fill*         0x20000cd0      0x400 
                0x200010d0                        . = ALIGN (0x8)

/DISCARD/
 libc.a(*)
 libm.a(*)
 libgcc.a(*)

.ARM.attributes
                0x00000000       0x2a
 *(.ARM.attributes)
 .ARM.attributes
                0x00000000       0x1e /home/guanhuai/st/stm32cubeclt_1.16.0/GNU-tools-for-STM32/bin/../lib/gcc/arm-none-eabi/12.3.1/thumb/v7e-m/nofp/crti.o
 .ARM.attributes
                0x0000001e       0x2e /home/guanhuai/st/stm32cubeclt_1.16.0/GNU-tools-for-STM32/bin/../lib/gcc/arm-none-eabi/12.3.1/thumb/v7e-m/nofp/crtbegin.o
 .ARM.attributes
                0x0000004c       0x2e CMakeFiles/Project2_PWM.elf.dir/Core/Src/callback.c.obj
 .ARM.attributes
                0x0000007a       0x2e CMakeFiles/Project2_PWM.elf.dir/Core/Src/gpio.c.obj
 .ARM.attributes
                0x000000a8       0x2e CMakeFiles/Project2_PWM.elf.dir/Core/Src/main.c.obj
 .ARM.attributes
                0x000000d6       0x2e CMakeFiles/Project2_PWM.elf.dir/Core/Src/stm32f4xx_hal_msp.c.obj
 .ARM.attributes
                0x00000104       0x2e CMakeFiles/Project2_PWM.elf.dir/Core/Src/stm32f4xx_it.c.obj
 .ARM.attributes
                0x00000132       0x2e CMakeFiles/Project2_PWM.elf.dir/Core/Src/syscalls.c.obj
 .ARM.attributes
                0x00000160       0x2e CMakeFiles/Project2_PWM.elf.dir/Core/Src/sysmem.c.obj
 .ARM.attributes
                0x0000018e       0x2e CMakeFiles/Project2_PWM.elf.dir/Core/Src/system_stm32f4xx.c.obj
 .ARM.attributes
                0x000001bc       0x2e CMakeFiles/Project2_PWM.elf.dir/Core/Src/tim.c.obj
 .ARM.attributes
                0x000001ea       0x2e CMakeFiles/Project2_PWM.elf.dir/Core/Src/usart.c.obj
 .ARM.attributes
                0x00000218       0x21 CMakeFiles/Project2_PWM.elf.dir/Core/Startup/startup_stm32f427iihx.s.obj
 .ARM.attributes
                0x00000239       0x2e CMakeFiles/Project2_PWM.elf.dir/Drivers/STM32F4xx_HAL_Driver/Src/stm32f4xx_hal.c.obj
 .ARM.attributes
                0x00000267       0x2e CMakeFiles/Project2_PWM.elf.dir/Drivers/STM32F4xx_HAL_Driver/Src/stm32f4xx_hal_cortex.c.obj
 .ARM.attributes
                0x00000295       0x2e CMakeFiles/Project2_PWM.elf.dir/Drivers/STM32F4xx_HAL_Driver/Src/stm32f4xx_hal_dma.c.obj
 .ARM.attributes
                0x000002c3       0x2e CMakeFiles/Project2_PWM.elf.dir/Drivers/STM32F4xx_HAL_Driver/Src/stm32f4xx_hal_gpio.c.obj
 .ARM.attributes
                0x000002f1       0x2e CMakeFiles/Project2_PWM.elf.dir/Drivers/STM32F4xx_HAL_Driver/Src/stm32f4xx_hal_pwr_ex.c.obj
 .ARM.attributes
                0x0000031f       0x2e CMakeFiles/Project2_PWM.elf.dir/Drivers/STM32F4xx_HAL_Driver/Src/stm32f4xx_hal_rcc.c.obj
 .ARM.attributes
                0x0000034d       0x2e CMakeFiles/Project2_PWM.elf.dir/Drivers/STM32F4xx_HAL_Driver/Src/stm32f4xx_hal_tim.c.obj
 .ARM.attributes
                0x0000037b       0x2e CMakeFiles/Project2_PWM.elf.dir/Drivers/STM32F4xx_HAL_Driver/Src/stm32f4xx_hal_tim_ex.c.obj
 .ARM.attributes
                0x000003a9       0x2e CMakeFiles/Project2_PWM.elf.dir/Drivers/STM32F4xx_HAL_Driver/Src/stm32f4xx_hal_uart.c.obj
 .ARM.attributes
                0x000003d7       0x1e /home/guanhuai/st/stm32cubeclt_1.16.0/GNU-tools-for-STM32/bin/../lib/gcc/arm-none-eabi/12.3.1/thumb/v7e-m/nofp/libgcc.a(_aeabi_uldivmod.o)
 .ARM.attributes
                0x000003f5       0x2e /home/guanhuai/st/stm32cubeclt_1.16.0/GNU-tools-for-STM32/bin/../lib/gcc/arm-none-eabi/12.3.1/thumb/v7e-m/nofp/libgcc.a(_udivmoddi4.o)
 .ARM.attributes
                0x00000423       0x1e /home/guanhuai/st/stm32cubeclt_1.16.0/GNU-tools-for-STM32/bin/../lib/gcc/arm-none-eabi/12.3.1/thumb/v7e-m/nofp/libgcc.a(_dvmd_tls.o)
 .ARM.attributes
                0x00000441       0x2e /home/guanhuai/st/stm32cubeclt_1.16.0/GNU-tools-for-STM32/bin/../lib/gcc/arm-none-eabi/12.3.1/../../../../arm-none-eabi/lib/thumb/v7e-m/nofp/libg.a(libc_a-findfp.o)
 .ARM.attributes
                0x0000046f       0x2e /home/guanhuai/st/stm32cubeclt_1.16.0/GNU-tools-for-STM32/bin/../lib/gcc/arm-none-eabi/12.3.1/../../../../arm-none-eabi/lib/thumb/v7e-m/nofp/libg.a(libc_a-fwalk.o)
 .ARM.attributes
                0x0000049d       0x2e /home/guanhuai/st/stm32cubeclt_1.16.0/GNU-tools-for-STM32/bin/../lib/gcc/arm-none-eabi/12.3.1/../../../../arm-none-eabi/lib/thumb/v7e-m/nofp/libg.a(libc_a-sprintf.o)
 .ARM.attributes
                0x000004cb       0x2e /home/guanhuai/st/stm32cubeclt_1.16.0/GNU-tools-for-STM32/bin/../lib/gcc/arm-none-eabi/12.3.1/../../../../arm-none-eabi/lib/thumb/v7e-m/nofp/libg.a(libc_a-stdio.o)
 .ARM.attributes
                0x000004f9       0x2e /home/guanhuai/st/stm32cubeclt_1.16.0/GNU-tools-for-STM32/bin/../lib/gcc/arm-none-eabi/12.3.1/../../../../arm-none-eabi/lib/thumb/v7e-m/nofp/libg.a(libc_a-memset.o)
 .ARM.attributes
                0x00000527       0x2e /home/guanhuai/st/stm32cubeclt_1.16.0/GNU-tools-for-STM32/bin/../lib/gcc/arm-none-eabi/12.3.1/../../../../arm-none-eabi/lib/thumb/v7e-m/nofp/libg.a(libc_a-closer.o)
 .ARM.attributes
                0x00000555       0x2e /home/guanhuai/st/stm32cubeclt_1.16.0/GNU-tools-for-STM32/bin/../lib/gcc/arm-none-eabi/12.3.1/../../../../arm-none-eabi/lib/thumb/v7e-m/nofp/libg.a(libc_a-reent.o)
 .ARM.attributes
                0x00000583       0x2e /home/guanhuai/st/stm32cubeclt_1.16.0/GNU-tools-for-STM32/bin/../lib/gcc/arm-none-eabi/12.3.1/../../../../arm-none-eabi/lib/thumb/v7e-m/nofp/libg.a(libc_a-impure.o)
 .ARM.attributes
                0x000005b1       0x2e /home/guanhuai/st/stm32cubeclt_1.16.0/GNU-tools-for-STM32/bin/../lib/gcc/arm-none-eabi/12.3.1/../../../../arm-none-eabi/lib/thumb/v7e-m/nofp/libg.a(libc_a-lseekr.o)
 .ARM.attributes
                0x000005df       0x2e /home/guanhuai/st/stm32cubeclt_1.16.0/GNU-tools-for-STM32/bin/../lib/gcc/arm-none-eabi/12.3.1/../../../../arm-none-eabi/lib/thumb/v7e-m/nofp/libg.a(libc_a-readr.o)
 .ARM.attributes
                0x0000060d       0x2e /home/guanhuai/st/stm32cubeclt_1.16.0/GNU-tools-for-STM32/bin/../lib/gcc/arm-none-eabi/12.3.1/../../../../arm-none-eabi/lib/thumb/v7e-m/nofp/libg.a(libc_a-writer.o)
 .ARM.attributes
                0x0000063b       0x2e /home/guanhuai/st/stm32cubeclt_1.16.0/GNU-tools-for-STM32/bin/../lib/gcc/arm-none-eabi/12.3.1/../../../../arm-none-eabi/lib/thumb/v7e-m/nofp/libg.a(libc_a-errno.o)
 .ARM.attributes
                0x00000669       0x2e /home/guanhuai/st/stm32cubeclt_1.16.0/GNU-tools-for-STM32/bin/../lib/gcc/arm-none-eabi/12.3.1/../../../../arm-none-eabi/lib/thumb/v7e-m/nofp/libg.a(libc_a-init.o)
 .ARM.attributes
                0x00000697       0x2e /home/guanhuai/st/stm32cubeclt_1.16.0/GNU-tools-for-STM32/bin/../lib/gcc/arm-none-eabi/12.3.1/../../../../arm-none-eabi/lib/thumb/v7e-m/nofp/libg.a(libc_a-lock.o)
 .ARM.attributes
                0x000006c5       0x17 /home/guanhuai/st/stm32cubeclt_1.16.0/GNU-tools-for-STM32/bin/../lib/gcc/arm-none-eabi/12.3.1/../../../../arm-none-eabi/lib/thumb/v7e-m/nofp/libg.a(libc_a-strlen.o)
 .ARM.attributes
                0x000006dc       0x2e /home/guanhuai/st/stm32cubeclt_1.16.0/GNU-tools-for-STM32/bin/../lib/gcc/arm-none-eabi/12.3.1/../../../../arm-none-eabi/lib/thumb/v7e-m/nofp/libg.a(libc_a-__call_atexit.o)
 .ARM.attributes
                0x0000070a       0x2e /home/guanhuai/st/stm32cubeclt_1.16.0/GNU-tools-for-STM32/bin/../lib/gcc/arm-none-eabi/12.3.1/../../../../arm-none-eabi/lib/thumb/v7e-m/nofp/libg.a(libc_a-atexit.o)
 .ARM.attributes
                0x00000738       0x2e /home/guanhuai/st/stm32cubeclt_1.16.0/GNU-tools-for-STM32/bin/../lib/gcc/arm-none-eabi/12.3.1/../../../../arm-none-eabi/lib/thumb/v7e-m/nofp/libg.a(libc_a-freer.o)
 .ARM.attributes
                0x00000766       0x2e /home/guanhuai/st/stm32cubeclt_1.16.0/GNU-tools-for-STM32/bin/../lib/gcc/arm-none-eabi/12.3.1/../../../../arm-none-eabi/lib/thumb/v7e-m/nofp/libg.a(libc_a-mallocr.o)
 .ARM.attributes
                0x00000794       0x2e /home/guanhuai/st/stm32cubeclt_1.16.0/GNU-tools-for-STM32/bin/../lib/gcc/arm-none-eabi/12.3.1/../../../../arm-none-eabi/lib/thumb/v7e-m/nofp/libg.a(libc_a-mlock.o)
 .ARM.attributes
                0x000007c2       0x2e /home/guanhuai/st/stm32cubeclt_1.16.0/GNU-tools-for-STM32/bin/../lib/gcc/arm-none-eabi/12.3.1/../../../../arm-none-eabi/lib/thumb/v7e-m/nofp/libg.a(libc_a-svfprintf.o)
 .ARM.attributes
                0x000007f0       0x2e /home/guanhuai/st/stm32cubeclt_1.16.0/GNU-tools-for-STM32/bin/../lib/gcc/arm-none-eabi/12.3.1/../../../../arm-none-eabi/lib/thumb/v7e-m/nofp/libg.a(libc_a-fclose.o)
 .ARM.attributes
                0x0000081e       0x2e /home/guanhuai/st/stm32cubeclt_1.16.0/GNU-tools-for-STM32/bin/../lib/gcc/arm-none-eabi/12.3.1/../../../../arm-none-eabi/lib/thumb/v7e-m/nofp/libg.a(libc_a-fflush.o)
 .ARM.attributes
                0x0000084c       0x2e /home/guanhuai/st/stm32cubeclt_1.16.0/GNU-tools-for-STM32/bin/../lib/gcc/arm-none-eabi/12.3.1/../../../../arm-none-eabi/lib/thumb/v7e-m/nofp/libg.a(libc_a-strncpy.o)
 .ARM.attributes
                0x0000087a       0x2e /home/guanhuai/st/stm32cubeclt_1.16.0/GNU-tools-for-STM32/bin/../lib/gcc/arm-none-eabi/12.3.1/../../../../arm-none-eabi/lib/thumb/v7e-m/nofp/libg.a(libc_a-localeconv.o)
 .ARM.attributes
                0x000008a8       0x2e /home/guanhuai/st/stm32cubeclt_1.16.0/GNU-tools-for-STM32/bin/../lib/gcc/arm-none-eabi/12.3.1/../../../../arm-none-eabi/lib/thumb/v7e-m/nofp/libg.a(libc_a-sbrkr.o)
 .ARM.attributes
                0x000008d6       0x2e /home/guanhuai/st/stm32cubeclt_1.16.0/GNU-tools-for-STM32/bin/../lib/gcc/arm-none-eabi/12.3.1/../../../../arm-none-eabi/lib/thumb/v7e-m/nofp/libg.a(libc_a-fini.o)
 .ARM.attributes
                0x00000904       0x2e /home/guanhuai/st/stm32cubeclt_1.16.0/GNU-tools-for-STM32/bin/../lib/gcc/arm-none-eabi/12.3.1/../../../../arm-none-eabi/lib/thumb/v7e-m/nofp/libg.a(libc_a-sysconf.o)
 .ARM.attributes
                0x00000932       0x1c /home/guanhuai/st/stm32cubeclt_1.16.0/GNU-tools-for-STM32/bin/../lib/gcc/arm-none-eabi/12.3.1/../../../../arm-none-eabi/lib/thumb/v7e-m/nofp/libg.a(libc_a-memchr.o)
 .ARM.attributes
                0x0000094e       0x2e /home/guanhuai/st/stm32cubeclt_1.16.0/GNU-tools-for-STM32/bin/../lib/gcc/arm-none-eabi/12.3.1/../../../../arm-none-eabi/lib/thumb/v7e-m/nofp/libg.a(libm_a-s_frexp.o)
 .ARM.attributes
                0x0000097c       0x2e /home/guanhuai/st/stm32cubeclt_1.16.0/GNU-tools-for-STM32/bin/../lib/gcc/arm-none-eabi/12.3.1/../../../../arm-none-eabi/lib/thumb/v7e-m/nofp/libg.a(libc_a-__atexit.o)
 .ARM.attributes
                0x000009aa       0x2e /home/guanhuai/st/stm32cubeclt_1.16.0/GNU-tools-for-STM32/bin/../lib/gcc/arm-none-eabi/12.3.1/../../../../arm-none-eabi/lib/thumb/v7e-m/nofp/libg.a(libc_a-dtoa.o)
 .ARM.attributes
                0x000009d8       0x2e /home/guanhuai/st/stm32cubeclt_1.16.0/GNU-tools-for-STM32/bin/../lib/gcc/arm-none-eabi/12.3.1/../../../../arm-none-eabi/lib/thumb/v7e-m/nofp/libg.a(libc_a-mprec.o)
 .ARM.attributes
                0x00000a06       0x2e /home/guanhuai/st/stm32cubeclt_1.16.0/GNU-tools-for-STM32/bin/../lib/gcc/arm-none-eabi/12.3.1/../../../../arm-none-eabi/lib/thumb/v7e-m/nofp/libg.a(libc_a-svfiprintf.o)
 .ARM.attributes
                0x00000a34       0x2e /home/guanhuai/st/stm32cubeclt_1.16.0/GNU-tools-for-STM32/bin/../lib/gcc/arm-none-eabi/12.3.1/../../../../arm-none-eabi/lib/thumb/v7e-m/nofp/libg.a(libc_a-memmove.o)
 .ARM.attributes
                0x00000a62       0x2e /home/guanhuai/st/stm32cubeclt_1.16.0/GNU-tools-for-STM32/bin/../lib/gcc/arm-none-eabi/12.3.1/../../../../arm-none-eabi/lib/thumb/v7e-m/nofp/libg.a(libc_a-locale.o)
 .ARM.attributes
                0x00000a90       0x2e /home/guanhuai/st/stm32cubeclt_1.16.0/GNU-tools-for-STM32/bin/../lib/gcc/arm-none-eabi/12.3.1/../../../../arm-none-eabi/lib/thumb/v7e-m/nofp/libg.a(libc_a-memcpy-stub.o)
 .ARM.attributes
                0x00000abe       0x2e /home/guanhuai/st/stm32cubeclt_1.16.0/GNU-tools-for-STM32/bin/../lib/gcc/arm-none-eabi/12.3.1/../../../../arm-none-eabi/lib/thumb/v7e-m/nofp/libg.a(libc_a-assert.o)
 .ARM.attributes
                0x00000aec       0x2e /home/guanhuai/st/stm32cubeclt_1.16.0/GNU-tools-for-STM32/bin/../lib/gcc/arm-none-eabi/12.3.1/../../../../arm-none-eabi/lib/thumb/v7e-m/nofp/libg.a(libc_a-callocr.o)
 .ARM.attributes
                0x00000b1a       0x2e /home/guanhuai/st/stm32cubeclt_1.16.0/GNU-tools-for-STM32/bin/../lib/gcc/arm-none-eabi/12.3.1/../../../../arm-none-eabi/lib/thumb/v7e-m/nofp/libg.a(libc_a-mbtowc_r.o)
 .ARM.attributes
                0x00000b48       0x2e /home/guanhuai/st/stm32cubeclt_1.16.0/GNU-tools-for-STM32/bin/../lib/gcc/arm-none-eabi/12.3.1/../../../../arm-none-eabi/lib/thumb/v7e-m/nofp/libg.a(libc_a-reallocr.o)
 .ARM.attributes
                0x00000b76       0x2e /home/guanhuai/st/stm32cubeclt_1.16.0/GNU-tools-for-STM32/bin/../lib/gcc/arm-none-eabi/12.3.1/../../../../arm-none-eabi/lib/thumb/v7e-m/nofp/libg.a(libc_a-wctomb_r.o)
 .ARM.attributes
                0x00000ba4       0x2e /home/guanhuai/st/stm32cubeclt_1.16.0/GNU-tools-for-STM32/bin/../lib/gcc/arm-none-eabi/12.3.1/../../../../arm-none-eabi/lib/thumb/v7e-m/nofp/libg.a(libc_a-ctype_.o)
 .ARM.attributes
                0x00000bd2       0x2e /home/guanhuai/st/stm32cubeclt_1.16.0/GNU-tools-for-STM32/bin/../lib/gcc/arm-none-eabi/12.3.1/../../../../arm-none-eabi/lib/thumb/v7e-m/nofp/libg.a(libc_a-fiprintf.o)
 .ARM.attributes
                0x00000c00       0x2e /home/guanhuai/st/stm32cubeclt_1.16.0/GNU-tools-for-STM32/bin/../lib/gcc/arm-none-eabi/12.3.1/../../../../arm-none-eabi/lib/thumb/v7e-m/nofp/libg.a(libc_a-vfiprintf.o)
 .ARM.attributes
                0x00000c2e       0x2e /home/guanhuai/st/stm32cubeclt_1.16.0/GNU-tools-for-STM32/bin/../lib/gcc/arm-none-eabi/12.3.1/../../../../arm-none-eabi/lib/thumb/v7e-m/nofp/libg.a(libc_a-fvwrite.o)
 .ARM.attributes
                0x00000c5c       0x2e /home/guanhuai/st/stm32cubeclt_1.16.0/GNU-tools-for-STM32/bin/../lib/gcc/arm-none-eabi/12.3.1/../../../../arm-none-eabi/lib/thumb/v7e-m/nofp/libg.a(libc_a-wsetup.o)
 .ARM.attributes
                0x00000c8a       0x2e /home/guanhuai/st/stm32cubeclt_1.16.0/GNU-tools-for-STM32/bin/../lib/gcc/arm-none-eabi/12.3.1/../../../../arm-none-eabi/lib/thumb/v7e-m/nofp/libg.a(libc_a-fputwc.o)
 .ARM.attributes
                0x00000cb8       0x2e /home/guanhuai/st/stm32cubeclt_1.16.0/GNU-tools-for-STM32/bin/../lib/gcc/arm-none-eabi/12.3.1/../../../../arm-none-eabi/lib/thumb/v7e-m/nofp/libg.a(libc_a-abort.o)
 .ARM.attributes
                0x00000ce6       0x2e /home/guanhuai/st/stm32cubeclt_1.16.0/GNU-tools-for-STM32/bin/../lib/gcc/arm-none-eabi/12.3.1/../../../../arm-none-eabi/lib/thumb/v7e-m/nofp/libg.a(libc_a-wcrtomb.o)
 .ARM.attributes
                0x00000d14       0x2e /home/guanhuai/st/stm32cubeclt_1.16.0/GNU-tools-for-STM32/bin/../lib/gcc/arm-none-eabi/12.3.1/../../../../arm-none-eabi/lib/thumb/v7e-m/nofp/libg.a(libc_a-makebuf.o)
 .ARM.attributes
                0x00000d42       0x2e /home/guanhuai/st/stm32cubeclt_1.16.0/GNU-tools-for-STM32/bin/../lib/gcc/arm-none-eabi/12.3.1/../../../../arm-none-eabi/lib/thumb/v7e-m/nofp/libg.a(libc_a-wbuf.o)
 .ARM.attributes
                0x00000d70       0x2e /home/guanhuai/st/stm32cubeclt_1.16.0/GNU-tools-for-STM32/bin/../lib/gcc/arm-none-eabi/12.3.1/../../../../arm-none-eabi/lib/thumb/v7e-m/nofp/libg.a(libc_a-signal.o)
 .ARM.attributes
                0x00000d9e       0x2e /home/guanhuai/st/stm32cubeclt_1.16.0/GNU-tools-for-STM32/bin/../lib/gcc/arm-none-eabi/12.3.1/../../../../arm-none-eabi/lib/thumb/v7e-m/nofp/libg.a(libc_a-fstatr.o)
 .ARM.attributes
                0x00000dcc       0x2e /home/guanhuai/st/stm32cubeclt_1.16.0/GNU-tools-for-STM32/bin/../lib/gcc/arm-none-eabi/12.3.1/../../../../arm-none-eabi/lib/thumb/v7e-m/nofp/libg.a(libc_a-isattyr.o)
 .ARM.attributes
                0x00000dfa       0x2e /home/guanhuai/st/stm32cubeclt_1.16.0/GNU-tools-for-STM32/bin/../lib/gcc/arm-none-eabi/12.3.1/../../../../arm-none-eabi/lib/thumb/v7e-m/nofp/libg.a(libc_a-signalr.o)
 .ARM.attributes
                0x00000e28       0x1e /home/guanhuai/st/stm32cubeclt_1.16.0/GNU-tools-for-STM32/bin/../lib/gcc/arm-none-eabi/12.3.1/thumb/v7e-m/nofp/libgcc.a(_arm_addsubdf3.o)
 .ARM.attributes
                0x00000e46       0x1e /home/guanhuai/st/stm32cubeclt_1.16.0/GNU-tools-for-STM32/bin/../lib/gcc/arm-none-eabi/12.3.1/thumb/v7e-m/nofp/libgcc.a(_arm_muldivdf3.o)
 .ARM.attributes
                0x00000e64       0x1e /home/guanhuai/st/stm32cubeclt_1.16.0/GNU-tools-for-STM32/bin/../lib/gcc/arm-none-eabi/12.3.1/thumb/v7e-m/nofp/libgcc.a(_arm_cmpdf2.o)
 .ARM.attributes
                0x00000e82       0x1e /home/guanhuai/st/stm32cubeclt_1.16.0/GNU-tools-for-STM32/bin/../lib/gcc/arm-none-eabi/12.3.1/thumb/v7e-m/nofp/libgcc.a(_arm_unorddf2.o)
 .ARM.attributes
                0x00000ea0       0x1e /home/guanhuai/st/stm32cubeclt_1.16.0/GNU-tools-for-STM32/bin/../lib/gcc/arm-none-eabi/12.3.1/thumb/v7e-m/nofp/libgcc.a(_arm_fixdfsi.o)
 .ARM.attributes
                0x00000ebe       0x1e /home/guanhuai/st/stm32cubeclt_1.16.0/GNU-tools-for-STM32/bin/../lib/gcc/arm-none-eabi/12.3.1/thumb/v7e-m/nofp/crtn.o
OUTPUT(Project2_PWM.elf elf32-littlearm)
LOAD linker stubs
LOAD /home/guanhuai/st/stm32cubeclt_1.16.0/GNU-tools-for-STM32/bin/../lib/gcc/arm-none-eabi/12.3.1/../../../../arm-none-eabi/lib/thumb/v7e-m/nofp/libc.a
LOAD /home/guanhuai/st/stm32cubeclt_1.16.0/GNU-tools-for-STM32/bin/../lib/gcc/arm-none-eabi/12.3.1/../../../../arm-none-eabi/lib/thumb/v7e-m/nofp/libm.a
LOAD /home/guanhuai/st/stm32cubeclt_1.16.0/GNU-tools-for-STM32/bin/../lib/gcc/arm-none-eabi/12.3.1/thumb/v7e-m/nofp/libgcc.a

.debug_info     0x00000000    0x2fa3b
 .debug_info    0x00000000      0x724 CMakeFiles/Project2_PWM.elf.dir/Core/Src/callback.c.obj
 .debug_info    0x00000724      0x762 CMakeFiles/Project2_PWM.elf.dir/Core/Src/gpio.c.obj
 .debug_info    0x00000e86      0xec0 CMakeFiles/Project2_PWM.elf.dir/Core/Src/main.c.obj
 .debug_info    0x00001d46      0x27d CMakeFiles/Project2_PWM.elf.dir/Core/Src/stm32f4xx_hal_msp.c.obj
 .debug_info    0x00001fc3      0xa10 CMakeFiles/Project2_PWM.elf.dir/Core/Src/stm32f4xx_it.c.obj
 .debug_info    0x000029d3      0x783 CMakeFiles/Project2_PWM.elf.dir/Core/Src/syscalls.c.obj
 .debug_info    0x00003156      0x171 CMakeFiles/Project2_PWM.elf.dir/Core/Src/sysmem.c.obj
 .debug_info    0x000032c7      0x34c CMakeFiles/Project2_PWM.elf.dir/Core/Src/system_stm32f4xx.c.obj
 .debug_info    0x00003613     0x11bb CMakeFiles/Project2_PWM.elf.dir/Core/Src/tim.c.obj
 .debug_info    0x000047ce      0xc75 CMakeFiles/Project2_PWM.elf.dir/Core/Src/usart.c.obj
 .debug_info    0x00005443       0x30 CMakeFiles/Project2_PWM.elf.dir/Core/Startup/startup_stm32f427iihx.s.obj
 .debug_info    0x00005473      0xa4c CMakeFiles/Project2_PWM.elf.dir/Drivers/STM32F4xx_HAL_Driver/Src/stm32f4xx_hal.c.obj
 .debug_info    0x00005ebf      0xfe5 CMakeFiles/Project2_PWM.elf.dir/Drivers/STM32F4xx_HAL_Driver/Src/stm32f4xx_hal_cortex.c.obj
 .debug_info    0x00006ea4      0xad9 CMakeFiles/Project2_PWM.elf.dir/Drivers/STM32F4xx_HAL_Driver/Src/stm32f4xx_hal_dma.c.obj
 .debug_info    0x0000797d      0x71c CMakeFiles/Project2_PWM.elf.dir/Drivers/STM32F4xx_HAL_Driver/Src/stm32f4xx_hal_gpio.c.obj
 .debug_info    0x00008099      0x78a CMakeFiles/Project2_PWM.elf.dir/Drivers/STM32F4xx_HAL_Driver/Src/stm32f4xx_hal_pwr_ex.c.obj