Archive member included to satisfy reference by file (symbol)

/home/guanhuai/st/stm32cubeclt_1.16.0/GNU-tools-for-STM32/bin/../lib/gcc/arm-none-eabi/12.3.1/thumb/v7e-m/nofp/libgcc.a(_aeabi_uldivmod.o)
                              CMakeFiles/Project1.elf.dir/Drivers/STM32F4xx_HAL_Driver/Src/stm32f4xx_hal_rcc.c.obj (__aeabi_uldivmod)
/home/guanhuai/st/stm32cubeclt_1.16.0/GNU-tools-for-STM32/bin/../lib/gcc/arm-none-eabi/12.3.1/thumb/v7e-m/nofp/libgcc.a(_udivmoddi4.o)
                              /home/guanhuai/st/stm32cubeclt_1.16.0/GNU-tools-for-STM32/bin/../lib/gcc/arm-none-eabi/12.3.1/thumb/v7e-m/nofp/libgcc.a(_aeabi_uldivmod.o) (__udivmoddi4)
/home/guanhuai/st/stm32cubeclt_1.16.0/GNU-tools-for-STM32/bin/../lib/gcc/arm-none-eabi/12.3.1/thumb/v7e-m/nofp/libgcc.a(_dvmd_tls.o)
                              /home/guanhuai/st/stm32cubeclt_1.16.0/GNU-tools-for-STM32/bin/../lib/gcc/arm-none-eabi/12.3.1/thumb/v7e-m/nofp/libgcc.a(_aeabi_uldivmod.o) (__aeabi_ldiv0)
/home/guanhuai/st/stm32cubeclt_1.16.0/GNU-tools-for-STM32/bin/../lib/gcc/arm-none-eabi/12.3.1/../../../../arm-none-eabi/lib/thumb/v7e-m/nofp/libg.a(libc_a-exit.o)
                              /home/guanhuai/st/stm32cubeclt_1.16.0/GNU-tools-for-STM32/bin/../lib/gcc/arm-none-eabi/12.3.1/../../../../arm-none-eabi/lib/thumb/v7e-m/nofp/crt0.o (exit)
/home/guanhuai/st/stm32cubeclt_1.16.0/GNU-tools-for-STM32/bin/../lib/gcc/arm-none-eabi/12.3.1/../../../../arm-none-eabi/lib/thumb/v7e-m/nofp/libg.a(libc_a-findfp.o)
                              /home/guanhuai/st/stm32cubeclt_1.16.0/GNU-tools-for-STM32/bin/../lib/gcc/arm-none-eabi/12.3.1/../../../../arm-none-eabi/lib/thumb/v7e-m/nofp/libg.a(libc_a-exit.o) (__stdio_exit_handler)
/home/guanhuai/st/stm32cubeclt_1.16.0/GNU-tools-for-STM32/bin/../lib/gcc/arm-none-eabi/12.3.1/../../../../arm-none-eabi/lib/thumb/v7e-m/nofp/libg.a(libc_a-fwalk.o)
                              /home/guanhuai/st/stm32cubeclt_1.16.0/GNU-tools-for-STM32/bin/../lib/gcc/arm-none-eabi/12.3.1/../../../../arm-none-eabi/lib/thumb/v7e-m/nofp/libg.a(libc_a-findfp.o) (_fwalk_sglue)
/home/guanhuai/st/stm32cubeclt_1.16.0/GNU-tools-for-STM32/bin/../lib/gcc/arm-none-eabi/12.3.1/../../../../arm-none-eabi/lib/thumb/v7e-m/nofp/libg.a(libc_a-stdio.o)
                              /home/guanhuai/st/stm32cubeclt_1.16.0/GNU-tools-for-STM32/bin/../lib/gcc/arm-none-eabi/12.3.1/../../../../arm-none-eabi/lib/thumb/v7e-m/nofp/libg.a(libc_a-findfp.o) (__sread)
/home/guanhuai/st/stm32cubeclt_1.16.0/GNU-tools-for-STM32/bin/../lib/gcc/arm-none-eabi/12.3.1/../../../../arm-none-eabi/lib/thumb/v7e-m/nofp/libg.a(libc_a-memset.o)
                              /home/guanhuai/st/stm32cubeclt_1.16.0/GNU-tools-for-STM32/bin/../lib/gcc/arm-none-eabi/12.3.1/../../../../arm-none-eabi/lib/thumb/v7e-m/nofp/crt0.o (memset)
/home/guanhuai/st/stm32cubeclt_1.16.0/GNU-tools-for-STM32/bin/../lib/gcc/arm-none-eabi/12.3.1/../../../../arm-none-eabi/lib/thumb/v7e-m/nofp/libg.a(libc_a-closer.o)
                              /home/guanhuai/st/stm32cubeclt_1.16.0/GNU-tools-for-STM32/bin/../lib/gcc/arm-none-eabi/12.3.1/../../../../arm-none-eabi/lib/thumb/v7e-m/nofp/libg.a(libc_a-stdio.o) (_close_r)
/home/guanhuai/st/stm32cubeclt_1.16.0/GNU-tools-for-STM32/bin/../lib/gcc/arm-none-eabi/12.3.1/../../../../arm-none-eabi/lib/thumb/v7e-m/nofp/libg.a(libc_a-reent.o)
                              /home/guanhuai/st/stm32cubeclt_1.16.0/GNU-tools-for-STM32/bin/../lib/gcc/arm-none-eabi/12.3.1/../../../../arm-none-eabi/lib/thumb/v7e-m/nofp/libg.a(libc_a-closer.o) (errno)
/home/guanhuai/st/stm32cubeclt_1.16.0/GNU-tools-for-STM32/bin/../lib/gcc/arm-none-eabi/12.3.1/../../../../arm-none-eabi/lib/thumb/v7e-m/nofp/libg.a(libc_a-impure.o)
                              /home/guanhuai/st/stm32cubeclt_1.16.0/GNU-tools-for-STM32/bin/../lib/gcc/arm-none-eabi/12.3.1/../../../../arm-none-eabi/lib/thumb/v7e-m/nofp/libg.a(libc_a-reent.o) (_impure_ptr)
/home/guanhuai/st/stm32cubeclt_1.16.0/GNU-tools-for-STM32/bin/../lib/gcc/arm-none-eabi/12.3.1/../../../../arm-none-eabi/lib/thumb/v7e-m/nofp/libg.a(libc_a-lseekr.o)
                              /home/guanhuai/st/stm32cubeclt_1.16.0/GNU-tools-for-STM32/bin/../lib/gcc/arm-none-eabi/12.3.1/../../../../arm-none-eabi/lib/thumb/v7e-m/nofp/libg.a(libc_a-stdio.o) (_lseek_r)
/home/guanhuai/st/stm32cubeclt_1.16.0/GNU-tools-for-STM32/bin/../lib/gcc/arm-none-eabi/12.3.1/../../../../arm-none-eabi/lib/thumb/v7e-m/nofp/libg.a(libc_a-readr.o)
                              /home/guanhuai/st/stm32cubeclt_1.16.0/GNU-tools-for-STM32/bin/../lib/gcc/arm-none-eabi/12.3.1/../../../../arm-none-eabi/lib/thumb/v7e-m/nofp/libg.a(libc_a-stdio.o) (_read_r)
/home/guanhuai/st/stm32cubeclt_1.16.0/GNU-tools-for-STM32/bin/../lib/gcc/arm-none-eabi/12.3.1/../../../../arm-none-eabi/lib/thumb/v7e-m/nofp/libg.a(libc_a-writer.o)
[...]
Memory Configuration

Name             Origin             Length             Attributes
CCMRAM           0x10000000         0x00010000         xrw
RAM              0x20000000         0x00030000         xrw
FLASH            0x08000000         0x00200000         xr
*default*        0x00000000         0xffffffff

Linker script and memory map

LOAD /home/guanhuai/st/stm32cubeclt_1.16.0/GNU-tools-for-STM32/bin/../lib/gcc/arm-none-eabi/12.3.1/thumb/v7e-m/nofp/crti.o
LOAD /home/guanhuai/st/stm32cubeclt_1.16.0/GNU-tools-for-STM32/bin/../lib/gcc/arm-none-eabi/12.3.1/thumb/v7e-m/nofp/crtbegin.o
LOAD /home/guanhuai/st/stm32cubeclt_1.16.0/GNU-tools-for-STM32/bin/../lib/gcc/arm-none-eabi/12.3.1/../../../../arm-none-eabi/lib/thumb/v7e-m/nofp/crt0.o
LOAD CMakeFiles/Project1.elf.dir/Core/Src/gpio.c.obj
LOAD CMakeFiles/Project1.elf.dir/Core/Src/main.c.obj
LOAD CMakeFiles/Project1.elf.dir/Core/Src/stm32f4xx_hal_msp.c.obj
LOAD CMakeFiles/Project1.elf.dir/Core/Src/stm32f4xx_it.c.obj
LOAD CMakeFiles/Project1.elf.dir/Core/Src/syscalls.c.obj
LOAD CMakeFiles/Project1.elf.dir/Core/Src/sysmem.c.obj
LOAD CMakeFiles/Project1.elf.dir/Core/Src/system_stm32f4xx.c.obj
LOAD CMakeFiles/Project1.elf.dir/Core/Startup/startup_stm32f427aihx.s.obj
LOAD CMakeFiles/Project1.elf.dir/Drivers/STM32F4xx_HAL_Driver/Src/stm32f4xx_hal.c.obj
LOAD CMakeFiles/Project1.elf.dir/Drivers/STM32F4xx_HAL_Driver/Src/stm32f4xx_hal_cortex.c.obj
LOAD CMakeFiles/Project1.elf.dir/Drivers/STM32F4xx_HAL_Driver/Src/stm32f4xx_hal_dma.c.obj
LOAD CMakeFiles/Project1.elf.dir/Drivers/STM32F4xx_HAL_Driver/Src/stm32f4xx_hal_dma_ex.c.obj
LOAD CMakeFiles/Project1.elf.dir/Drivers/STM32F4xx_HAL_Driver/Src/stm32f4xx_hal_exti.c.obj
LOAD CMakeFiles/Project1.elf.dir/Drivers/STM32F4xx_HAL_Driver/Src/stm32f4xx_hal_flash.c.obj
LOAD CMakeFiles/Project1.elf.dir/Drivers/STM32F4xx_HAL_Driver/Src/stm32f4xx_hal_flash_ex.c.obj
LOAD CMakeFiles/Project1.elf.dir/Drivers/STM32F4xx_HAL_Driver/Src/stm32f4xx_hal_flash_ramfunc.c.obj
LOAD CMakeFiles/Project1.elf.dir/Drivers/STM32F4xx_HAL_Driver/Src/stm32f4xx_hal_gpio.c.obj
LOAD CMakeFiles/Project1.elf.dir/Drivers/STM32F4xx_HAL_Driver/Src/stm32f4xx_hal_pwr.c.obj
LOAD CMakeFiles/Project1.elf.dir/Drivers/STM32F4xx_HAL_Driver/Src/stm32f4xx_hal_pwr_ex.c.obj
LOAD CMakeFiles/Project1.elf.dir/Drivers/STM32F4xx_HAL_Driver/Src/stm32f4xx_hal_rcc.c.obj
LOAD CMakeFiles/Project1.elf.dir/Drivers/STM32F4xx_HAL_Driver/Src/stm32f4xx_hal_rcc_ex.c.obj
LOAD CMakeFiles/Project1.elf.dir/Drivers/STM32F4xx_HAL_Driver/Src/stm32f4xx_hal_tim.c.obj
LOAD CMakeFiles/Project1.elf.dir/Drivers/STM32F4xx_HAL_Driver/Src/stm32f4xx_hal_tim_ex.c.obj
START GROUP
LOAD /home/guanhuai/st/stm32cubeclt_1.16.0/GNU-tools-for-STM32/bin/../lib/gcc/arm-none-eabi/12.3.1/thumb/v7e-m/nofp/libgcc.a
LOAD /home/guanhuai/st/stm32cubeclt_1.16.0/GNU-tools-for-STM32/bin/../lib/gcc/arm-none-eabi/12.3.1/../../../../arm-none-eabi/lib/thumb/v7e-m/nofp/libg.a
LOAD /home/guanhuai/st/stm32cubeclt_1.16.0/GNU-tools-for-STM32/bin/../lib/gcc/arm-none-eabi/12.3.1/../../../../arm-none-eabi/lib/thumb/v7e-m/nofp/libc.a
END GROUP
LOAD /home/guanhuai/st/stm32cubeclt_1.16.0/GNU-tools-for-STM32/bin/../lib/gcc/arm-none-eabi/12.3.1/thumb/v7e-m/nofp/crtend.o
LOAD /home/guanhuai/st/stm32cubeclt_1.16.0/GNU-tools-for-STM32/bin/../lib/gcc/arm-none-eabi/12.3.1/thumb/v7e-m/nofp/crtn.o
                0x20030000                        _estack = (ORIGIN (RAM) + LENGTH (RAM))
                0x00000200                        _Min_Heap_Size = 0x200
                0x00000400                        _Min_Stack_Size = 0x400

.isr_vector     0x08000000      0x1ac
                0x08000000                        . = ALIGN (0x4)
 *(.isr_vector)
 .isr_vector    0x08000000      0x1ac CMakeFiles/Project1.elf.dir/Core/Startup/startup_stm32f427aihx.s.obj
                0x08000000                g_pfnVectors
                0x080001ac                        . = ALIGN (0x4)

.text           0x080001ac     0x1108
                0x080001ac                        . = ALIGN (0x4)
 *(.text)
 .text          0x080001ac       0x40 /home/guanhuai/st/stm32cubeclt_1.16.0/GNU-tools-for-STM32/bin/../lib/gcc/arm-none-eabi/12.3.1/thumb/v7e-m/nofp/crtbegin.o
 .text          0x080001ec       0x30 /home/guanhuai/st/stm32cubeclt_1.16.0/GNU-tools-for-STM32/bin/../lib/gcc/arm-none-eabi/12.3.1/thumb/v7e-m/nofp/libgcc.a(_aeabi_uldivmod.o)
                0x080001ec                __aeabi_uldivmod
 .text          0x0800021c      0x2bc /home/guanhuai/st/stm32cubeclt_1.16.0/GNU-tools-for-STM32/bin/../lib/gcc/arm-none-eabi/12.3.1/thumb/v7e-m/nofp/libgcc.a(_udivmoddi4.o)
                0x0800021c                __udivmoddi4
 .text          0x080004d8        0x4 /home/guanhuai/st/stm32cubeclt_1.16.0/GNU-tools-for-STM32/bin/../lib/gcc/arm-none-eabi/12.3.1/thumb/v7e-m/nofp/libgcc.a(_dvmd_tls.o)
                0x080004d8                __aeabi_ldiv0
                0x080004d8                __aeabi_idiv0
 *(.text*)
 .text.MX_GPIO_Init
                0x080004dc       0xb8 CMakeFiles/Project1.elf.dir/Core/Src/gpio.c.obj
                0x080004dc                MX_GPIO_Init
 .text.Error_Handler
                0x08000594        0x4 CMakeFiles/Project1.elf.dir/Core/Src/main.c.obj
                0x08000594                Error_Handler
 .text.SystemClock_Config
                0x08000598       0xb4 CMakeFiles/Project1.elf.dir/Core/Src/main.c.obj
                0x08000598                SystemClock_Config
 .text.main     0x0800064c       0x3c CMakeFiles/Project1.elf.dir/Core/Src/main.c.obj
                0x0800064c                main
 .text.HAL_MspInit
                0x08000688       0x38 CMakeFiles/Project1.elf.dir/Core/Src/stm32f4xx_hal_msp.c.obj
                0x08000688                HAL_MspInit
 .text.NMI_Handler
                0x080006c0        0x2 CMakeFiles/Project1.elf.dir/Core/Src/stm32f4xx_it.c.obj
                0x080006c0                NMI_Handler
 .text.HardFault_Handler
                0x080006c2        0x2 CMakeFiles/Project1.elf.dir/Core/Src/stm32f4xx_it.c.obj
                0x080006c2                HardFault_Handler
 .text.MemManage_Handler
                0x080006c4        0x2 CMakeFiles/Project1.elf.dir/Core/Src/stm32f4xx_it.c.obj
                0x080006c4                MemManage_Handler
 .text.BusFault_Handler
                0x080006c6        0x2 CMakeFiles/Project1.elf.dir/Core/Src/stm32f4xx_it.c.obj
                0x080006c6                BusFault_Handler
 .text.UsageFault_Handler
                0x080006c8        0x2 CMakeFiles/Project1.elf.dir/Core/Src/stm32f4xx_it.c.obj
                0x080006c8                UsageFault_Handler
 .text.SVC_Handler
                0x080006ca        0x2 CMakeFiles/Project1.elf.dir/Core/Src/stm32f4xx_it.c.obj
                0x080006ca                SVC_Handler
 .text.DebugMon_Handler
                0x080006cc        0x2 CMakeFiles/Project1.elf.dir/Core/Src/stm32f4xx_it.c.obj
                0x080006cc                DebugMon_Handler
 .text.PendSV_Handler
                0x080006ce        0x2 CMakeFiles/Project1.elf.dir/Core/Src/stm32f4xx_it.c.obj
                0x080006ce                PendSV_Handler
 .text.SysTick_Handler
                0x080006d0        0x8 CMakeFiles/Project1.elf.dir/Core/Src/stm32f4xx_it.c.obj
                0x080006d0                SysTick_Handler
 .text.SystemInit
                0x080006d8        0x2 CMakeFiles/Project1.elf.dir/Core/Src/system_stm32f4xx.c.obj
                0x080006d8                SystemInit
 *fill*         0x080006da        0x2 
 .text.Reset_Handler
                0x080006dc       0x50 CMakeFiles/Project1.elf.dir/Core/Startup/startup_stm32f427aihx.s.obj
                0x080006dc                Reset_Handler
 .text.Default_Handler
                0x0800072c        0x2 CMakeFiles/Project1.elf.dir/Core/Startup/startup_stm32f427aihx.s.obj
                0x0800072c                RTC_Alarm_IRQHandler
                0x0800072c                HASH_RNG_IRQHandler
                0x0800072c                EXTI2_IRQHandler
                0x0800072c                TIM8_CC_IRQHandler
                0x0800072c                UART8_IRQHandler
                0x0800072c                SPI4_IRQHandler
                0x0800072c                TIM1_CC_IRQHandler
                0x0800072c                DMA2_Stream5_IRQHandler
                0x0800072c                DMA1_Stream5_IRQHandler
                0x0800072c                PVD_IRQHandler
                0x0800072c                SDIO_IRQHandler
                0x0800072c                TAMP_STAMP_IRQHandler
                0x0800072c                CAN2_RX1_IRQHandler
                0x0800072c                EXTI3_IRQHandler
                0x0800072c                TIM8_TRG_COM_TIM14_IRQHandler
                0x0800072c                TIM1_UP_TIM10_IRQHandler
                0x0800072c                TIM8_UP_TIM13_IRQHandler
                0x0800072c                I2C3_ER_IRQHandler
                0x0800072c                EXTI0_IRQHandler
                0x0800072c                I2C2_EV_IRQHandler
                0x0800072c                DMA1_Stream2_IRQHandler
                0x0800072c                CAN1_RX0_IRQHandler
                0x0800072c                FPU_IRQHandler
                0x0800072c                OTG_HS_WKUP_IRQHandler
                0x0800072c                CAN2_SCE_IRQHandler
                0x0800072c                DMA2_Stream2_IRQHandler
                0x0800072c                SPI1_IRQHandler
                0x0800072c                TIM6_DAC_IRQHandler
                0x0800072c                TIM1_BRK_TIM9_IRQHandler
                0x0800072c                DCMI_IRQHandler
                0x0800072c                CAN2_RX0_IRQHandler
                0x0800072c                DMA2_Stream3_IRQHandler
                0x0800072c                USART6_IRQHandler
                0x0800072c                USART3_IRQHandler
                0x0800072c                CAN1_RX1_IRQHandler
                0x0800072c                UART5_IRQHandler
                0x0800072c                DMA2_Stream0_IRQHandler
                0x0800072c                TIM4_IRQHandler
                0x0800072c                I2C1_EV_IRQHandler
                0x0800072c                DMA1_Stream6_IRQHandler
                0x0800072c                DMA1_Stream1_IRQHandler
                0x0800072c                UART4_IRQHandler
                0x0800072c                TIM3_IRQHandler
                0x0800072c                RCC_IRQHandler
                0x0800072c                TIM8_BRK_TIM12_IRQHandler
                0x0800072c                Default_Handler
                0x0800072c                EXTI15_10_IRQHandler
                0x0800072c                ADC_IRQHandler
                0x0800072c                DMA1_Stream7_IRQHandler
                0x0800072c                SPI5_IRQHandler
                0x0800072c                TIM7_IRQHandler
                0x0800072c                CAN2_TX_IRQHandler
                0x0800072c                TIM5_IRQHandler
                0x0800072c                DMA2_Stream7_IRQHandler
                0x0800072c                I2C3_EV_IRQHandler
                0x0800072c                EXTI9_5_IRQHandler
                0x0800072c                RTC_WKUP_IRQHandler
                0x0800072c                ETH_WKUP_IRQHandler
                0x0800072c                SPI2_IRQHandler
                0x0800072c                OTG_HS_EP1_IN_IRQHandler
                0x0800072c                DMA1_Stream0_IRQHandler
                0x0800072c                CAN1_TX_IRQHandler
                0x0800072c                EXTI4_IRQHandler
                0x0800072c                ETH_IRQHandler
                0x0800072c                OTG_HS_EP1_OUT_IRQHandler
                0x0800072c                WWDG_IRQHandler
                0x0800072c                SPI6_IRQHandler
                0x0800072c                TIM2_IRQHandler
                0x0800072c                OTG_FS_WKUP_IRQHandler
                0x0800072c                TIM1_TRG_COM_TIM11_IRQHandler
                0x0800072c                OTG_HS_IRQHandler
                0x0800072c                DMA2D_IRQHandler
                0x0800072c                EXTI1_IRQHandler
                0x0800072c                UART7_IRQHandler
                0x0800072c                USART2_IRQHandler
                0x0800072c                I2C2_ER_IRQHandler
                0x0800072c                DMA2_Stream1_IRQHandler
                0x0800072c                CAN1_SCE_IRQHandler
                0x0800072c                FLASH_IRQHandler
                0x0800072c                DMA2_Stream4_IRQHandler
                0x0800072c                USART1_IRQHandler
                0x0800072c                OTG_FS_IRQHandler
                0x0800072c                SPI3_IRQHandler
                0x0800072c                DMA1_Stream4_IRQHandler
                0x0800072c                I2C1_ER_IRQHandler
                0x0800072c                FMC_IRQHandler
                0x0800072c                DMA2_Stream6_IRQHandler
                0x0800072c                SAI1_IRQHandler
                0x0800072c                DMA1_Stream3_IRQHandler
 *fill*         0x0800072e        0x2 
 .text.HAL_InitTick
                0x08000730       0x4c CMakeFiles/Project1.elf.dir/Drivers/STM32F4xx_HAL_Driver/Src/stm32f4xx_hal.c.obj
                0x08000730                HAL_InitTick
 .text.HAL_Init
                0x0800077c       0x34 CMakeFiles/Project1.elf.dir/Drivers/STM32F4xx_HAL_Driver/Src/stm32f4xx_hal.c.obj
                0x0800077c                HAL_Init
 .text.HAL_IncTick
                0x080007b0       0x18 CMakeFiles/Project1.elf.dir/Drivers/STM32F4xx_HAL_Driver/Src/stm32f4xx_hal.c.obj
                0x080007b0                HAL_IncTick
 .text.HAL_GetTick
                0x080007c8        0xc CMakeFiles/Project1.elf.dir/Drivers/STM32F4xx_HAL_Driver/Src/stm32f4xx_hal.c.obj
                0x080007c8                HAL_GetTick
 .text.HAL_Delay
                0x080007d4       0x28 CMakeFiles/Project1.elf.dir/Drivers/STM32F4xx_HAL_Driver/Src/stm32f4xx_hal.c.obj
                0x080007d4                HAL_Delay
 .text.__NVIC_SetPriority
                0x080007fc       0x28 CMakeFiles/Project1.elf.dir/Drivers/STM32F4xx_HAL_Driver/Src/stm32f4xx_hal_cortex.c.obj
 .text.NVIC_EncodePriority
                0x08000824       0x3e CMakeFiles/Project1.elf.dir/Drivers/STM32F4xx_HAL_Driver/Src/stm32f4xx_hal_cortex.c.obj
 *fill*         0x08000862        0x2 
 .text.HAL_NVIC_SetPriorityGrouping
                0x08000864       0x24 CMakeFiles/Project1.elf.dir/Drivers/STM32F4xx_HAL_Driver/Src/stm32f4xx_hal_cortex.c.obj
                0x08000864                HAL_NVIC_SetPriorityGrouping
 .text.HAL_NVIC_SetPriority
                0x08000888       0x20 CMakeFiles/Project1.elf.dir/Drivers/STM32F4xx_HAL_Driver/Src/stm32f4xx_hal_cortex.c.obj
                0x08000888                HAL_NVIC_SetPriority
 .text.HAL_SYSTICK_Config
                0x080008a8       0x28 CMakeFiles/Project1.elf.dir/Drivers/STM32F4xx_HAL_Driver/Src/stm32f4xx_hal_cortex.c.obj
                0x080008a8                HAL_SYSTICK_Config
 .text.HAL_GPIO_Init
                0x080008d0      0x20c CMakeFiles/Project1.elf.dir/Drivers/STM32F4xx_HAL_Driver/Src/stm32f4xx_hal_gpio.c.obj
                0x080008d0                HAL_GPIO_Init
 .text.HAL_GPIO_WritePin
                0x08000adc        0xc CMakeFiles/Project1.elf.dir/Drivers/STM32F4xx_HAL_Driver/Src/stm32f4xx_hal_gpio.c.obj
                0x08000adc                HAL_GPIO_WritePin
 .text.HAL_GPIO_TogglePin
                0x08000ae8       0x12 CMakeFiles/Project1.elf.dir/Drivers/STM32F4xx_HAL_Driver/Src/stm32f4xx_hal_gpio.c.obj
                0x08000ae8                HAL_GPIO_TogglePin
 *fill*         0x08000afa        0x2 
 .text.HAL_PWREx_EnableOverDrive
                0x08000afc       0x7c CMakeFiles/Project1.elf.dir/Drivers/STM32F4xx_HAL_Driver/Src/stm32f4xx_hal_pwr_ex.c.obj
                0x08000afc                HAL_PWREx_EnableOverDrive
 .text.HAL_RCC_OscConfig
                0x08000b78      0x3f8 CMakeFiles/Project1.elf.dir/Drivers/STM32F4xx_HAL_Driver/Src/stm32f4xx_hal_rcc.c.obj
                0x08000b78                HAL_RCC_OscConfig
 .text.HAL_RCC_GetSysClockFreq
                0x08000f70       0xa8 CMakeFiles/Project1.elf.dir/Drivers/STM32F4xx_HAL_Driver/Src/stm32f4xx_hal_rcc.c.obj
                0x08000f70                HAL_RCC_GetSysClockFreq
 .text.HAL_RCC_ClockConfig
                0x08001018      0x160 CMakeFiles/Project1.elf.dir/Drivers/STM32F4xx_HAL_Driver/Src/stm32f4xx_hal_rcc.c.obj
                0x08001018                HAL_RCC_ClockConfig
 .text.memset   0x08001178       0x10 /home/guanhuai/st/stm32cubeclt_1.16.0/GNU-tools-for-STM32/bin/../lib/gcc/arm-none-eabi/12.3.1/../../../../arm-none-eabi/lib/thumb/v7e-m/nofp/libg.a(libc_a-memset.o)
                0x08001178                memset
 .text.__libc_init_array
                0x08001188       0x48 /home/guanhuai/st/stm32cubeclt_1.16.0/GNU-tools-for-STM32/bin/../lib/gcc/arm-none-eabi/12.3.1/../../../../arm-none-eabi/lib/thumb/v7e-m/nofp/libg.a(libc_a-init.o)
                0x08001188                __libc_init_array
 .text.__retarget_lock_acquire_recursive
                0x080011d0        0x2 /home/guanhuai/st/stm32cubeclt_1.16.0/GNU-tools-for-STM32/bin/../lib/gcc/arm-none-eabi/12.3.1/../../../../arm-none-eabi/lib/thumb/v7e-m/nofp/libg.a(libc_a-lock.o)
                0x080011d0                __retarget_lock_acquire_recursive
 .text.__retarget_lock_release_recursive
                0x080011d2        0x2 /home/guanhuai/st/stm32cubeclt_1.16.0/GNU-tools-for-STM32/bin/../lib/gcc/arm-none-eabi/12.3.1/../../../../arm-none-eabi/lib/thumb/v7e-m/nofp/libg.a(libc_a-lock.o)
                0x080011d2                __retarget_lock_release_recursive
 .text.startup.register_fini
                0x080011d4       0x14 /home/guanhuai/st/stm32cubeclt_1.16.0/GNU-tools-for-STM32/bin/../lib/gcc/arm-none-eabi/12.3.1/../../../../arm-none-eabi/lib/thumb/v7e-m/nofp/libg.a(libc_a-__call_atexit.o)
 .text.atexit   0x080011e8        0xc /home/guanhuai/st/stm32cubeclt_1.16.0/GNU-tools-for-STM32/bin/../lib/gcc/arm-none-eabi/12.3.1/../../../../arm-none-eabi/lib/thumb/v7e-m/nofp/libg.a(libc_a-atexit.o)
                0x080011e8                atexit
 .text.__libc_fini_array
                0x080011f4       0x28 /home/guanhuai/st/stm32cubeclt_1.16.0/GNU-tools-for-STM32/bin/../lib/gcc/arm-none-eabi/12.3.1/../../../../arm-none-eabi/lib/thumb/v7e-m/nofp/libg.a(libc_a-fini.o)
                0x080011f4                __libc_fini_array
 .text.__register_exitproc
                0x0800121c       0x80 /home/guanhuai/st/stm32cubeclt_1.16.0/GNU-tools-for-STM32/bin/../lib/gcc/arm-none-eabi/12.3.1/../../../../arm-none-eabi/lib/thumb/v7e-m/nofp/libg.a(libc_a-__atexit.o)
                0x0800121c                __register_exitproc
 *(.glue_7)
 .glue_7        0x0800129c        0x0 linker stubs
 *(.glue_7t)
 .glue_7t       0x0800129c        0x0 linker stubs
 *(.eh_frame)
 .eh_frame      0x0800129c        0x0 /home/guanhuai/st/stm32cubeclt_1.16.0/GNU-tools-for-STM32/bin/../lib/gcc/arm-none-eabi/12.3.1/thumb/v7e-m/nofp/crtbegin.o
 *(.init)
 .init          0x0800129c        0x4 /home/guanhuai/st/stm32cubeclt_1.16.0/GNU-tools-for-STM32/bin/../lib/gcc/arm-none-eabi/12.3.1/thumb/v7e-m/nofp/crti.o
                0x0800129c                _init
 .init          0x080012a0        0x8 /home/guanhuai/st/stm32cubeclt_1.16.0/GNU-tools-for-STM32/bin/../lib/gcc/arm-none-eabi/12.3.1/thumb/v7e-m/nofp/crtn.o
 *(.fini)
 .fini          0x080012a8        0x4 /home/guanhuai/st/stm32cubeclt_1.16.0/GNU-tools-for-STM32/bin/../lib/gcc/arm-none-eabi/12.3.1/thumb/v7e-m/nofp/crti.o
                0x080012a8                _fini
 .fini          0x080012ac        0x8 /home/guanhuai/st/stm32cubeclt_1.16.0/GNU-tools-for-STM32/bin/../lib/gcc/arm-none-eabi/12.3.1/thumb/v7e-m/nofp/crtn.o
                0x080012b4                        . = ALIGN (0x4)
                0x080012b4                        _etext = .

.vfp11_veneer   0x080012b4        0x0
 .vfp11_veneer  0x080012b4        0x0 linker stubs

.v4_bx          0x080012b4        0x0
 .v4_bx         0x080012b4        0x0 linker stubs

.iplt           0x080012b4        0x0
 .iplt          0x080012b4        0x0 /home/guanhuai/st/stm32cubeclt_1.16.0/GNU-tools-for-STM32/bin/../lib/gcc/arm-none-eabi/12.3.1/thumb/v7e-m/nofp/crtbegin.o

.rodata         0x080012b4       0x10
                0x080012b4                        . = ALIGN (0x4)
 *(.rodata)
 *(.rodata*)
 .rodata.AHBPrescTable
                0x080012b4       0x10 CMakeFiles/Project1.elf.dir/Core/Src/system_stm32f4xx.c.obj
                0x080012b4                AHBPrescTable
                0x080012c4                        . = ALIGN (0x4)

.ARM.extab      0x080012c4        0x0
                0x080012c4                        . = ALIGN (0x4)
 *(.ARM.extab* .gnu.linkonce.armextab.*)
                0x080012c4                        . = ALIGN (0x4)

.ARM            0x080012c4        0x8
                0x080012c4                        . = ALIGN (0x4)
                0x080012c4                        __exidx_start = .
 *(.ARM.exidx*)
 .ARM.exidx     0x080012c4        0x8 /home/guanhuai/st/stm32cubeclt_1.16.0/GNU-tools-for-STM32/bin/../lib/gcc/arm-none-eabi/12.3.1/thumb/v7e-m/nofp/libgcc.a(_udivmoddi4.o)
                0x080012cc                        __exidx_end = .
                0x080012cc                        . = ALIGN (0x4)

.preinit_array  0x080012cc        0x0
                0x080012cc                        . = ALIGN (0x4)
                0x080012cc                        PROVIDE (__preinit_array_start = .)
 *(.preinit_array*)
                0x080012cc                        PROVIDE (__preinit_array_end = .)
                0x080012cc                        . = ALIGN (0x4)

.init_array     0x080012cc        0x8
                0x080012cc                        . = ALIGN (0x4)
                0x080012cc                        PROVIDE (__init_array_start = .)
 *(SORT_BY_NAME(.init_array.*))
 .init_array.00000
                0x080012cc        0x4 /home/guanhuai/st/stm32cubeclt_1.16.0/GNU-tools-for-STM32/bin/../lib/gcc/arm-none-eabi/12.3.1/../../../../arm-none-eabi/lib/thumb/v7e-m/nofp/libg.a(libc_a-__call_atexit.o)
 *(.init_array*)
 .init_array    0x080012d0        0x4 /home/guanhuai/st/stm32cubeclt_1.16.0/GNU-tools-for-STM32/bin/../lib/gcc/arm-none-eabi/12.3.1/thumb/v7e-m/nofp/crtbegin.o
                0x080012d4                        PROVIDE (__init_array_end = .)
                0x080012d4                        . = ALIGN (0x4)

.fini_array     0x080012d4        0x4
                0x080012d4                        . = ALIGN (0x4)
                0x080012d4                        PROVIDE (__fini_array_start = .)
 *(SORT_BY_NAME(.fini_array.*))
 *(.fini_array*)
 .fini_array    0x080012d4        0x4 /home/guanhuai/st/stm32cubeclt_1.16.0/GNU-tools-for-STM32/bin/../lib/gcc/arm-none-eabi/12.3.1/thumb/v7e-m/nofp/crtbegin.o
                0x080012d8                        PROVIDE (__fini_array_end = .)
                0x080012d8                        . = ALIGN (0x4)
                0x080012d8                        _sidata = LOADADDR (.data)

.rel.dyn        0x080012d8        0x0
 .rel.iplt      0x080012d8        0x0 /home/guanhuai/st/stm32cubeclt_1.16.0/GNU-tools-for-STM32/bin/../lib/gcc/arm-none-eabi/12.3.1/thumb/v7e-m/nofp/crtbegin.o

.data           0x20000000       0x10 load address 0x080012d8
                0x20000000                        . = ALIGN (0x4)
                0x20000000                        _sdata = .
 *(.data)
 *(.data*)
 .data.SystemCoreClock
                0x20000000        0x4 CMakeFiles/Project1.elf.dir/Core/Src/system_stm32f4xx.c.obj
                0x20000000                SystemCoreClock
 .data.uwTickFreq
                0x20000004        0x1 CMakeFiles/Project1.elf.dir/Drivers/STM32F4xx_HAL_Driver/Src/stm32f4xx_hal.c.obj
                0x20000004                uwTickFreq
 *fill*         0x20000005        0x3 
 .data.uwTickPrio
                0x20000008        0x4 CMakeFiles/Project1.elf.dir/Drivers/STM32F4xx_HAL_Driver/Src/stm32f4xx_hal.c.obj
                0x20000008                uwTickPrio
 .data.__atexit_recursive_mutex
                0x2000000c        0x4 /home/guanhuai/st/stm32cubeclt_1.16.0/GNU-tools-for-STM32/bin/../lib/gcc/arm-none-eabi/12.3.1/../../../../arm-none-eabi/lib/thumb/v7e-m/nofp/libg.a(libc_a-__call_atexit.o)
                0x2000000c                __atexit_recursive_mutex
 *(.RamFunc)
 *(.RamFunc*)
                0x20000010                        . = ALIGN (0x4)
                0x20000010                        _edata = .
                0x080012e8                        _siccmram = LOADADDR (.ccmram)

.igot.plt       0x20000010        0x0 load address 0x080012e8
 .igot.plt      0x20000010        0x0 /home/guanhuai/st/stm32cubeclt_1.16.0/GNU-tools-for-STM32/bin/../lib/gcc/arm-none-eabi/12.3.1/thumb/v7e-m/nofp/crtbegin.o

.ccmram         0x10000000        0x0 load address 0x080012e8
                0x10000000                        . = ALIGN (0x4)
                0x10000000                        _sccmram = .
 *(.ccmram)
 *(.ccmram*)
                0x10000000                        . = ALIGN (0x4)
                0x10000000                        _eccmram = .
                0x10000000                        . = ALIGN (0x4)

.bss            0x20000010      0x1b8
                0x20000010                        _sbss = .
                0x20000010                        __bss_start__ = _sbss
 *(.bss)
 .bss           0x20000010       0x1c /home/guanhuai/st/stm32cubeclt_1.16.0/GNU-tools-for-STM32/bin/../lib/gcc/arm-none-eabi/12.3.1/thumb/v7e-m/nofp/crtbegin.o
 *(.bss*)
 .bss.uwTick    0x2000002c        0x4 CMakeFiles/Project1.elf.dir/Drivers/STM32F4xx_HAL_Driver/Src/stm32f4xx_hal.c.obj
                0x2000002c                uwTick
 .bss.__lock___atexit_recursive_mutex
                0x20000030        0x1 /home/guanhuai/st/stm32cubeclt_1.16.0/GNU-tools-for-STM32/bin/../lib/gcc/arm-none-eabi/12.3.1/../../../../arm-none-eabi/lib/thumb/v7e-m/nofp/libg.a(libc_a-lock.o)
                0x20000030                __lock___atexit_recursive_mutex
 *fill*         0x20000031        0x3 
 .bss.__atexit  0x20000034        0x4 /home/guanhuai/st/stm32cubeclt_1.16.0/GNU-tools-for-STM32/bin/../lib/gcc/arm-none-eabi/12.3.1/../../../../arm-none-eabi/lib/thumb/v7e-m/nofp/libg.a(libc_a-__call_atexit.o)
                0x20000034                __atexit
 .bss.__atexit0
                0x20000038      0x190 /home/guanhuai/st/stm32cubeclt_1.16.0/GNU-tools-for-STM32/bin/../lib/gcc/arm-none-eabi/12.3.1/../../../../arm-none-eabi/lib/thumb/v7e-m/nofp/libg.a(libc_a-__atexit.o)
                0x20000038                __atexit0
 *(COMMON)
                0x200001c8                        . = ALIGN (0x4)
                0x200001c8                        _ebss = .
                0x200001c8                        __bss_end__ = _ebss

._user_heap_stack
                0x200001c8      0x600
                0x200001c8                        . = ALIGN (0x8)
                [!provide]                        PROVIDE (end = .)
                0x200001c8                        PROVIDE (_end = .)
                0x200003c8                        . = (. + _Min_Heap_Size)
 *fill*         0x200001c8      0x200 
                0x200007c8                        . = (. + _Min_Stack_Size)
 *fill*         0x200003c8      0x400 
                0x200007c8                        . = ALIGN (0x8)

/DISCARD/
 libc.a(*)
 libm.a(*)
 libgcc.a(*)

.ARM.attributes
                0x00000000       0x2a
 *(.ARM.attributes)
 .ARM.attributes
                0x00000000       0x1e /home/guanhuai/st/stm32cubeclt_1.16.0/GNU-tools-for-STM32/bin/../lib/gcc/arm-none-eabi/12.3.1/thumb/v7e-m/nofp/crti.o
 .ARM.attributes
                0x0000001e       0x2e /home/guanhuai/st/stm32cubeclt_1.16.0/GNU-tools-for-STM32/bin/../lib/gcc/arm-none-eabi/12.3.1/thumb/v7e-m/nofp/crtbegin.o
 .ARM.attributes
                0x0000004c       0x2e CMakeFiles/Project1.elf.dir/Core/Src/gpio.c.obj
 .ARM.attributes
                0x0000007a       0x2e CMakeFiles/Project1.elf.dir/Core/Src/main.c.obj
 .ARM.attributes
                0x000000a8       0x2e CMakeFiles/Project1.elf.dir/Core/Src/stm32f4xx_hal_msp.c.obj
 .ARM.attributes
                0x000000d6       0x2e CMakeFiles/Project1.elf.dir/Core/Src/stm32f4xx_it.c.obj
 .ARM.attributes
                0x00000104       0x2e CMakeFiles/Project1.elf.dir/Core/Src/system_stm32f4xx.c.obj
 .ARM.attributes
                0x00000132       0x21 CMakeFiles/Project1.elf.dir/Core/Startup/startup_stm32f427aihx.s.obj
 .ARM.attributes
                0x00000153       0x2e CMakeFiles/Project1.elf.dir/Drivers/STM32F4xx_HAL_Driver/Src/stm32f4xx_hal.c.obj
 .ARM.attributes
                0x00000181       0x2e CMakeFiles/Project1.elf.dir/Drivers/STM32F4xx_HAL_Driver/Src/stm32f4xx_hal_cortex.c.obj
 .ARM.attributes
                0x000001af       0x2e CMakeFiles/Project1.elf.dir/Drivers/STM32F4xx_HAL_Driver/Src/stm32f4xx_hal_gpio.c.obj
 .ARM.attributes
                0x000001dd       0x2e CMakeFiles/Project1.elf.dir/Drivers/STM32F4xx_HAL_Driver/Src/stm32f4xx_hal_pwr_ex.c.obj
 .ARM.attributes
                0x0000020b       0x2e CMakeFiles/Project1.elf.dir/Drivers/STM32F4xx_HAL_Driver/Src/stm32f4xx_hal_rcc.c.obj
 .ARM.attributes
                0x00000239       0x1e /home/guanhuai/st/stm32cubeclt_1.16.0/GNU-tools-for-STM32/bin/../lib/gcc/arm-none-eabi/12.3.1/thumb/v7e-m/nofp/libgcc.a(_aeabi_uldivmod.o)
 .ARM.attributes
                0x00000257       0x2e /home/guanhuai/st/stm32cubeclt_1.16.0/GNU-tools-for-STM32/bin/../lib/gcc/arm-none-eabi/12.3.1/thumb/v7e-m/nofp/libgcc.a(_udivmoddi4.o)
 .ARM.attributes
                0x00000285       0x1e /home/guanhuai/st/stm32cubeclt_1.16.0/GNU-tools-for-STM32/bin/../lib/gcc/arm-none-eabi/12.3.1/thumb/v7e-m/nofp/libgcc.a(_dvmd_tls.o)
 .ARM.attributes
                0x000002a3       0x2e /home/guanhuai/st/stm32cubeclt_1.16.0/GNU-tools-for-STM32/bin/../lib/gcc/arm-none-eabi/12.3.1/../../../../arm-none-eabi/lib/thumb/v7e-m/nofp/libg.a(libc_a-memset.o)
 .ARM.attributes
                0x000002d1       0x2e /home/guanhuai/st/stm32cubeclt_1.16.0/GNU-tools-for-STM32/bin/../lib/gcc/arm-none-eabi/12.3.1/../../../../arm-none-eabi/lib/thumb/v7e-m/nofp/libg.a(libc_a-init.o)
 .ARM.attributes
                0x000002ff       0x2e /home/guanhuai/st/stm32cubeclt_1.16.0/GNU-tools-for-STM32/bin/../lib/gcc/arm-none-eabi/12.3.1/../../../../arm-none-eabi/lib/thumb/v7e-m/nofp/libg.a(libc_a-lock.o)
 .ARM.attributes
                0x0000032d       0x2e /home/guanhuai/st/stm32cubeclt_1.16.0/GNU-tools-for-STM32/bin/../lib/gcc/arm-none-eabi/12.3.1/../../../../arm-none-eabi/lib/thumb/v7e-m/nofp/libg.a(libc_a-__call_atexit.o)
 .ARM.attributes
                0x0000035b       0x2e /home/guanhuai/st/stm32cubeclt_1.16.0/GNU-tools-for-STM32/bin/../lib/gcc/arm-none-eabi/12.3.1/../../../../arm-none-eabi/lib/thumb/v7e-m/nofp/libg.a(libc_a-atexit.o)
 .ARM.attributes
                0x00000389       0x2e /home/guanhuai/st/stm32cubeclt_1.16.0/GNU-tools-for-STM32/bin/../lib/gcc/arm-none-eabi/12.3.1/../../../../arm-none-eabi/lib/thumb/v7e-m/nofp/libg.a(libc_a-fini.o)
 .ARM.attributes
                0x000003b7       0x2e /home/guanhuai/st/stm32cubeclt_1.16.0/GNU-tools-for-STM32/bin/../lib/gcc/arm-none-eabi/12.3.1/../../../../arm-none-eabi/lib/thumb/v7e-m/nofp/libg.a(libc_a-__atexit.o)
 .ARM.attributes
                0x000003e5       0x1e /home/guanhuai/st/stm32cubeclt_1.16.0/GNU-tools-for-STM32/bin/../lib/gcc/arm-none-eabi/12.3.1/thumb/v7e-m/nofp/crtn.o
OUTPUT(Project1.elf elf32-littlearm)
LOAD linker stubs
LOAD /home/guanhuai/st/stm32cubeclt_1.16.0/GNU-tools-for-STM32/bin/../lib/gcc/arm-none-eabi/12.3.1/../../../../arm-none-eabi/lib/thumb/v7e-m/nofp/libc.a
LOAD /home/guanhuai/st/stm32cubeclt_1.16.0/GNU-tools-for-STM32/bin/../lib/gcc/arm-none-eabi/12.3.1/../../../../arm-none-eabi/lib/thumb/v7e-m/nofp/libm.a
LOAD /home/guanhuai/st/stm32cubeclt_1.16.0/GNU-tools-for-STM32/bin/../lib/gcc/arm-none-eabi/12.3.1/thumb/v7e-m/nofp/libgcc.a

.debug_info     0x00000000     0x50e8
 .debug_info    0x00000000      0x493 CMakeFiles/Project1.elf.dir/Core/Src/gpio.c.obj
 .debug_info    0x00000493      0x6a4 CMakeFiles/Project1.elf.dir/Core/Src/main.c.obj
 .debug_info    0x00000b37      0x27d CMakeFiles/Project1.elf.dir/Core/Src/stm32f4xx_hal_msp.c.obj
 .debug_info    0x00000db4      0x11c CMakeFiles/Project1.elf.dir/Core/Src/stm32f4xx_it.c.obj
 .debug_info    0x00000ed0      0x34c CMakeFiles/Project1.elf.dir/Core/Src/system_stm32f4xx.c.obj
 .debug_info    0x0000121c       0x30 CMakeFiles/Project1.elf.dir/Core/Startup/startup_stm32f427aihx.s.obj
 .debug_info    0x0000124c      0xa4c CMakeFiles/Project1.elf.dir/Drivers/STM32F4xx_HAL_Driver/Src/stm32f4xx_hal.c.obj
 .debug_info    0x00001c98      0xfe5 CMakeFiles/Project1.elf.dir/Drivers/STM32F4xx_HAL_Driver/Src/stm32f4xx_hal_cortex.c.obj
 .debug_info    0x00002c7d      0x71c CMakeFiles/Project1.elf.dir/Drivers/STM32F4xx_HAL_Driver/Src/stm32f4xx_hal_gpio.c.obj
 .debug_info    0x00003399      0x78a CMakeFiles/Project1.elf.dir/Drivers/STM32F4xx_HAL_Driver/Src/stm32f4xx_hal_pwr_ex.c.obj
 .debug_info    0x00003b23      0xa85 CMakeFiles/Project1.elf.dir/Drivers/STM32F4xx_HAL_Driver/Src/stm32f4xx_hal_rcc.c.obj
 .debug_info    0x000045a8       0xe0 /home/guanhuai/st/stm32cubeclt_1.16.0/GNU-tools-for-STM32/bin/../lib/gcc/arm-none-eabi/12.3.1/../../../../arm-none-eabi/lib/thumb/v7e-m/nofp/libg.a(libc_a-memset.o)
 .debug_info    0x00004688      0x10b /home/guanhuai/st/stm32cubeclt_1.16.0/GNU-tools-for-STM32/bin/../lib/gcc/arm-none-eabi/12.3.1/../../../../arm-none-eabi/lib/thumb/v7e-m/nofp/libg.a(libc_a-init.o)
 .debug_info    0x00004793      0x20a /home/guanhuai/st/stm32cubeclt_1.16.0/GNU-tools-for-STM32/bin/../lib/gcc/arm-none-eabi/12.3.1/../../../../arm-none-eabi/lib/thumb/v7e-m/nofp/libg.a(libc_a-lock.o)
 .debug_info    0x0000499d      0x2dd /home/guanhuai/st/stm32cubeclt_1.16.0/GNU-tools-for-STM32/bin/../lib/gcc/arm-none-eabi/12.3.1/../../../../arm-none-eabi/lib/thumb/v7e-m/nofp/libg.a(libc_a-__call_atexit.o)
 .debug_info    0x00004c7a      0x118 /home/guanhuai/st/stm32cubeclt_1.16.0/GNU-tools-for-STM32/bin/../lib/gcc/arm-none-eabi/12.3.1/../../../../arm-none-eabi/lib/thumb/v7e-m/nofp/libg.a(libc_a-atexit.o)
 .debug_info    0x00004d92       0xf7 /home/guanhuai/st/stm32cubeclt_1.16.0/GNU-tools-for-STM32/bin/../lib/gcc/arm-none-eabi/12.3.1/../../../../arm-none-eabi/lib/thumb/v7e-m/nofp/libg.a(libc_a-fini.o)
 .debug_info    0x00004e89      0x25f /home/guanhuai/st/stm32cubeclt_1.16.0/GNU-tools-for-STM32/bin/../lib/gcc/arm-none-eabi/12.3.1/../../../../arm-none-eabi/lib/thumb/v7e-m/nofp/libg.a(libc_a-__atexit.o)

.debug_abbrev   0x00000000     0x1a20
 .debug_abbrev  0x00000000      0x164 CMakeFiles/Project1.elf.dir/Core/Src/gpio.c.obj
 .debug_abbrev  0x00000164      0x208 CMakeFiles/Project1.elf.dir/Core/Src/main.c.obj
 .debug_abbrev  0x0000036c       0xd6 CMakeFiles/Project1.elf.dir/Core/Src/stm32f4xx_hal_msp.c.obj
 .debug_abbrev  0x00000442       0x7c CMakeFiles/Project1.elf.dir/Core/Src/stm32f4xx_it.c.obj
 .debug_abbrev  0x000004be      0x120 CMakeFiles/Project1.elf.dir/Core/Src/system_stm32f4xx.c.obj
 .debug_abbrev  0x000005de       0x24 CMakeFiles/Project1.elf.dir/Core/Startup/startup_stm32f427aihx.s.obj
 .debug_abbrev  0x00000602      0x240 CMakeFiles/Project1.elf.dir/Drivers/STM32F4xx_HAL_Driver/Src/stm32f4xx_hal.c.obj
 .debug_abbrev  0x00000842      0x391 CMakeFiles/Project1.elf.dir/Drivers/STM32F4xx_HAL_Driver/Src/stm32f4xx_hal_cortex.c.obj
 .debug_abbrev  0x00000bd3      0x202 CMakeFiles/Project1.elf.dir/Drivers/STM32F4xx_HAL_Driver/Src/stm32f4xx_hal_gpio.c.obj
 .debug_abbrev  0x00000dd5      0x1e6 CMakeFiles/Project1.elf.dir/Drivers/STM32F4xx_HAL_Driver/Src/stm32f4xx_hal_pwr_ex.c.obj
 .debug_abbrev  0x00000fbb      0x2c7 CMakeFiles/Project1.elf.dir/Drivers/STM32F4xx_HAL_Driver/Src/stm32f4xx_hal_rcc.c.obj
 .debug_abbrev  0x00001282       0x9e /home/guanhuai/st/stm32cubeclt_1.16.0/GNU-tools-for-STM32/bin/../lib/gcc/arm-none-eabi/12.3.1/../../../../arm-none-eabi/lib/thumb/v7e-m/nofp/libg.a(libc_a-memset.o)
 .debug_abbrev  0x00001320       0xc9 /home/guanhuai/st/stm32cubeclt_1.16.0/GNU-tools-for-STM32/bin/../lib/gcc/arm-none-eabi/12.3.1/../../../../arm-none-eabi/lib/thumb/v7e-m/nofp/libg.a(libc_a-init.o)
 .debug_abbrev  0x000013e9      0x115 /home/guanhuai/st/stm32cubeclt_1.16.0/GNU-tools-for-STM32/bin/../lib/gcc/arm-none-eabi/12.3.1/../../../../arm-none-eabi/lib/thumb/v7e-m/nofp/libg.a(libc_a-lock.o)
 .debug_abbrev  0x000014fe      0x20c /home/guanhuai/st/stm32cubeclt_1.16.0/GNU-tools-for-STM32/bin/../lib/gcc/arm-none-eabi/12.3.1/../../../../arm-none-eabi/lib/thumb/v7e-m/nofp/libg.a(libc_a-__call_atexit.o)
 .debug_abbrev  0x0000170a       0xc1 /home/guanhuai/st/stm32cubeclt_1.16.0/GNU-tools-for-STM32/bin/../lib/gcc/arm-none-eabi/12.3.1/../../../../arm-none-eabi/lib/thumb/v7e-m/nofp/libg.a(libc_a-atexit.o)
 .debug_abbrev  0x000017cb       0xcc /home/guanhuai/st/stm32cubeclt_1.16.0/GNU-tools-for-STM32/bin/../lib/gcc/arm-none-eabi/12.3.1/../../../../arm-none-eabi/lib/thumb/v7e-m/nofp/libg.a(libc_a-fini.o)
 .debug_abbrev  0x00001897      0x189 /home/guanhuai/st/stm32cubeclt_1.16.0/GNU-tools-for-STM32/bin/../lib/gcc/arm-none-eabi/12.3.1/../../../../arm-none-eabi/lib/thumb/v7e-m/nofp/libg.a(libc_a-__atexit.o)

.debug_aranges  0x00000000      0x588
 .debug_aranges
                0x00000000       0x20 CMakeFiles/Project1.elf.dir/Core/Src/gpio.c.obj
 .debug_aranges
                0x00000020       0x30 CMakeFiles/Project1.elf.dir/Core/Src/main.c.obj
 .debug_aranges
                0x00000050       0x20 CMakeFiles/Project1.elf.dir/Core/Src/stm32f4xx_hal_msp.c.obj
 .debug_aranges
                0x00000070       0x60 CMakeFiles/Project1.elf.dir/Core/Src/stm32f4xx_it.c.obj
 .debug_aranges
                0x000000d0       0x28 CMakeFiles/Project1.elf.dir/Core/Src/system_stm32f4xx.c.obj
 .debug_aranges
                0x000000f8       0x28 CMakeFiles/Project1.elf.dir/Core/Startup/startup_stm32f427aihx.s.obj
 .debug_aranges
                0x00000120      0x100 CMakeFiles/Project1.elf.dir/Drivers/STM32F4xx_HAL_Driver/Src/stm32f4xx_hal.c.obj
 .debug_aranges
                0x00000220       0xf8 CMakeFiles/Project1.elf.dir/Drivers/STM32F4xx_HAL_Driver/Src/stm32f4xx_hal_cortex.c.obj
 .debug_aranges
                0x00000318       0x58 CMakeFiles/Project1.elf.dir/Drivers/STM32F4xx_HAL_Driver/Src/stm32f4xx_hal_gpio.c.obj
 .debug_aranges
                0x00000370       0x60 CMakeFiles/Project1.elf.dir/Drivers/STM32F4xx_HAL_Driver/Src/stm32f4xx_hal_pwr_ex.c.obj
 .debug_aranges
                0x000003d0       0x88 CMakeFiles/Project1.elf.dir/Drivers/STM32F4xx_HAL_Driver/Src/stm32f4xx_hal_rcc.c.obj
 .debug_aranges
                0x00000458       0x20 /home/guanhuai/st/stm32cubeclt_1.16.0/GNU-tools-for-STM32/bin/../lib/gcc/arm-none-eabi/12.3.1/../../../../arm-none-eabi/lib/thumb/v7e-m/nofp/libg.a(libc_a-memset.o)
 .debug_aranges
                0x00000478       0x20 /home/guanhuai/st/stm32cubeclt_1.16.0/GNU-tools-for-STM32/bin/../lib/gcc/arm-none-eabi/12.3.1/../../../../arm-none-eabi/lib/thumb/v7e-m/nofp/libg.a(libc_a-init.o)
 .debug_aranges
                0x00000498       0x68 /home/guanhuai/st/stm32cubeclt_1.16.0/GNU-tools-for-STM32/bin/../lib/gcc/arm-none-eabi/12.3.1/../../../../arm-none-eabi/lib/thumb/v7e-m/nofp/libg.a(libc_a-lock.o)
 .debug_aranges
                0x00000500       0x28 /home/guanhuai/st/stm32cubeclt_1.16.0/GNU-tools-for-STM32/bin/../lib/gcc/arm-none-eabi/12.3.1/../../../../arm-none-eabi/lib/thumb/v7e-m/nofp/libg.a(libc_a-__call_atexit.o)
 .debug_aranges
                0x00000528       0x20 /home/guanhuai/st/stm32cubeclt_1.16.0/GNU-tools-for-STM32/bin/../lib/gcc/arm-none-eabi/12.3.1/../../../../arm-none-eabi/lib/thumb/v7e-m/nofp/libg.a(libc_a-atexit.o)
 .debug_aranges
                0x00000548       0x20 /home/guanhuai/st/stm32cubeclt_1.16.0/GNU-tools-for-STM32/bin/../lib/gcc/arm-none-eabi/12.3.1/../../../../arm-none-eabi/lib/thumb/v7e-m/nofp/libg.a(libc_a-fini.o)
 .debug_aranges
                0x00000568       0x20 /home/guanhuai/st/stm32cubeclt_1.16.0/GNU-tools-for-STM32/bin/../lib/gcc/arm-none-eabi/12.3.1/../../../../arm-none-eabi/lib/thumb/v7e-m/nofp/libg.a(libc_a-__atexit.o)

.debug_rnglists
                0x00000000      0x3f8
 .debug_rnglists
                0x00000000       0x14 CMakeFiles/Project1.elf.dir/Core/Src/gpio.c.obj
 .debug_rnglists
                0x00000014       0x20 CMakeFiles/Project1.elf.dir/Core/Src/main.c.obj
 .debug_rnglists
                0x00000034       0x13 CMakeFiles/Project1.elf.dir/Core/Src/stm32f4xx_hal_msp.c.obj
 .debug_rnglists
                0x00000047       0x43 CMakeFiles/Project1.elf.dir/Core/Src/stm32f4xx_it.c.obj
 .debug_rnglists
                0x0000008a       0x1a CMakeFiles/Project1.elf.dir/Core/Src/system_stm32f4xx.c.obj
 .debug_rnglists
                0x000000a4       0x19 CMakeFiles/Project1.elf.dir/Core/Startup/startup_stm32f427aihx.s.obj
 .debug_rnglists
                0x000000bd       0xbb CMakeFiles/Project1.elf.dir/Drivers/STM32F4xx_HAL_Driver/Src/stm32f4xx_hal.c.obj
 .debug_rnglists
                0x00000178       0xb5 CMakeFiles/Project1.elf.dir/Drivers/STM32F4xx_HAL_Driver/Src/stm32f4xx_hal_cortex.c.obj
 .debug_rnglists
                0x0000022d       0x3f CMakeFiles/Project1.elf.dir/Drivers/STM32F4xx_HAL_Driver/Src/stm32f4xx_hal_gpio.c.obj
 .debug_rnglists
                0x0000026c       0x44 CMakeFiles/Project1.elf.dir/Drivers/STM32F4xx_HAL_Driver/Src/stm32f4xx_hal_pwr_ex.c.obj
 .debug_rnglists
                0x000002b0       0x75 CMakeFiles/Project1.elf.dir/Drivers/STM32F4xx_HAL_Driver/Src/stm32f4xx_hal_rcc.c.obj
 .debug_rnglists
                0x00000325       0x13 /home/guanhuai/st/stm32cubeclt_1.16.0/GNU-tools-for-STM32/bin/../lib/gcc/arm-none-eabi/12.3.1/../../../../arm-none-eabi/lib/thumb/v7e-m/nofp/libg.a(libc_a-memset.o)
 .debug_rnglists
                0x00000338       0x13 /home/guanhuai/st/stm32cubeclt_1.16.0/GNU-tools-for-STM32/bin/../lib/gcc/arm-none-eabi/12.3.1/../../../../arm-none-eabi/lib/thumb/v7e-m/nofp/libg.a(libc_a-init.o)
 .debug_rnglists
                0x0000034b       0x49 /home/guanhuai/st/stm32cubeclt_1.16.0/GNU-tools-for-STM32/bin/../lib/gcc/arm-none-eabi/12.3.1/../../../../arm-none-eabi/lib/thumb/v7e-m/nofp/libg.a(libc_a-lock.o)
 .debug_rnglists
                0x00000394       0x2a /home/guanhuai/st/stm32cubeclt_1.16.0/GNU-tools-for-STM32/bin/../lib/gcc/arm-none-eabi/12.3.1/../../../../arm-none-eabi/lib/thumb/v7e-m/nofp/libg.a(libc_a-__call_atexit.o)
 .debug_rnglists
                0x000003be       0x13 /home/guanhuai/st/stm32cubeclt_1.16.0/GNU-tools-for-STM32/bin/../lib/gcc/arm-none-eabi/12.3.1/../../../../arm-none-eabi/lib/thumb/v7e-m/nofp/libg.a(libc_a-atexit.o)
 .debug_rnglists
                0x000003d1       0x13 /home/guanhuai/st/stm32cubeclt_1.16.0/GNU-tools-for-STM32/bin/../lib/gcc/arm-none-eabi/12.3.1/../../../../arm-none-eabi/lib/thumb/v7e-m/nofp/libg.a(libc_a-fini.o)
 .debug_rnglists
                0x000003e4       0x14 /home/guanhuai/st/stm32cubeclt_1.16.0/GNU-tools-for-STM32/bin/../lib/gcc/arm-none-eabi/12.3.1/../../../../arm-none-eabi/lib/thumb/v7e-m/nofp/libg.a(libc_a-__atexit.o)

.debug_line     0x00000000     0x4269
 .debug_line    0x00000000      0x2a0 CMakeFiles/Project1.elf.dir/Core/Src/gpio.c.obj
 .debug_line    0x000002a0      0x48e CMakeFiles/Project1.elf.dir/Core/Src/main.c.obj
 .debug_line    0x0000072e      0x1e1 CMakeFiles/Project1.elf.dir/Core/Src/stm32f4xx_hal_msp.c.obj
 .debug_line    0x0000090f      0x1f1 CMakeFiles/Project1.elf.dir/Core/Src/stm32f4xx_it.c.obj
 .debug_line    0x00000b00      0x2a9 CMakeFiles/Project1.elf.dir/Core/Src/system_stm32f4xx.c.obj
 .debug_line    0x00000da9       0x7a CMakeFiles/Project1.elf.dir/Core/Startup/startup_stm32f427aihx.s.obj
 .debug_line    0x00000e23      0x6a1 CMakeFiles/Project1.elf.dir/Drivers/STM32F4xx_HAL_Driver/Src/stm32f4xx_hal.c.obj
 .debug_line    0x000014c4      0x956 CMakeFiles/Project1.elf.dir/Drivers/STM32F4xx_HAL_Driver/Src/stm32f4xx_hal_cortex.c.obj
 .debug_line    0x00001e1a      0x799 CMakeFiles/Project1.elf.dir/Drivers/STM32F4xx_HAL_Driver/Src/stm32f4xx_hal_gpio.c.obj
 .debug_line    0x000025b3      0x5a2 CMakeFiles/Project1.elf.dir/Drivers/STM32F4xx_HAL_Driver/Src/stm32f4xx_hal_pwr_ex.c.obj
 .debug_line    0x00002b55      0xc02 CMakeFiles/Project1.elf.dir/Drivers/STM32F4xx_HAL_Driver/Src/stm32f4xx_hal_rcc.c.obj
 .debug_line    0x00003757      0x17e /home/guanhuai/st/stm32cubeclt_1.16.0/GNU-tools-for-STM32/bin/../lib/gcc/arm-none-eabi/12.3.1/../../../../arm-none-eabi/lib/thumb/v7e-m/nofp/libg.a(libc_a-memset.o)
 .debug_line    0x000038d5      0x188 /home/guanhuai/st/stm32cubeclt_1.16.0/GNU-tools-for-STM32/bin/../lib/gcc/arm-none-eabi/12.3.1/../../../../arm-none-eabi/lib/thumb/v7e-m/nofp/libg.a(libc_a-init.o)
 .debug_line    0x00003a5d      0x19b /home/guanhuai/st/stm32cubeclt_1.16.0/GNU-tools-for-STM32/bin/../lib/gcc/arm-none-eabi/12.3.1/../../../../arm-none-eabi/lib/thumb/v7e-m/nofp/libg.a(libc_a-lock.o)
 .debug_line    0x00003bf8      0x28a /home/guanhuai/st/stm32cubeclt_1.16.0/GNU-tools-for-STM32/bin/../lib/gcc/arm-none-eabi/12.3.1/../../../../arm-none-eabi/lib/thumb/v7e-m/nofp/libg.a(libc_a-__call_atexit.o)
 .debug_line    0x00003e82      0x102 /home/guanhuai/st/stm32cubeclt_1.16.0/GNU-tools-for-STM32/bin/../lib/gcc/arm-none-eabi/12.3.1/../../../../arm-none-eabi/lib/thumb/v7e-m/nofp/libg.a(libc_a-atexit.o)
 .debug_line    0x00003f84      0x140 /home/guanhuai/st/stm32cubeclt_1.16.0/GNU-tools-for-STM32/bin/../lib/gcc/arm-none-eabi/12.3.1/../../../../arm-none-eabi/lib/thumb/v7e-m/nofp/libg.a(libc_a-fini.o)
 .debug_line    0x000040c4      0x1a5 /home/guanhuai/st/stm32cubeclt_1.16.0/GNU-tools-for-STM32/bin/../lib/gcc/arm-none-eabi/12.3.1/../../../../arm-none-eabi/lib/thumb/v7e-m/nofp/libg.a(libc_a-__atexit.o)

.debug_str      0x00000000     0x2277
 .debug_str     0x00000000      0x397 CMakeFiles/Project1.elf.dir/Core/Src/gpio.c.obj
                                0x3e7 (size before relaxing)
 .debug_str     0x00000397      0x253 CMakeFiles/Project1.elf.dir/Core/Src/main.c.obj
                                0x578 (size before relaxing)
 .debug_str     0x000005ea       0x65 CMakeFiles/Project1.elf.dir/Core/Src/stm32f4xx_hal_msp.c.obj
                                0x328 (size before relaxing)
 .debug_str     0x0000064f       0xf0 CMakeFiles/Project1.elf.dir/Core/Src/stm32f4xx_it.c.obj
                                0x289 (size before relaxing)
 .debug_str     0x0000073f       0xc0 CMakeFiles/Project1.elf.dir/Core/Src/system_stm32f4xx.c.obj
                                0x38e (size before relaxing)
 .debug_str     0x000007ff       0x7d CMakeFiles/Project1.elf.dir/Core/Startup/startup_stm32f427aihx.s.obj
                                 0xcb (size before relaxing)
 .debug_str     0x0000087c      0x913 CMakeFiles/Project1.elf.dir/Drivers/STM32F4xx_HAL_Driver/Src/stm32f4xx_hal.c.obj
                                0xc59 (size before relaxing)
 .debug_str     0x0000118f      0x530 CMakeFiles/Project1.elf.dir/Drivers/STM32F4xx_HAL_Driver/Src/stm32f4xx_hal_cortex.c.obj
                                0xd1c (size before relaxing)
 .debug_str     0x000016bf      0x150 CMakeFiles/Project1.elf.dir/Drivers/STM32F4xx_HAL_Driver/Src/stm32f4xx_hal_gpio.c.obj
                                0x54d (size before relaxing)
 .debug_str     0x0000180f      0x177 CMakeFiles/Project1.elf.dir/Drivers/STM32F4xx_HAL_Driver/Src/stm32f4xx_hal_pwr_ex.c.obj
                                0x538 (size before relaxing)
 .debug_str     0x00001986      0x1dd CMakeFiles/Project1.elf.dir/Drivers/STM32F4xx_HAL_Driver/Src/stm32f4xx_hal_rcc.c.obj
                                0x773 (size before relaxing)
 .debug_str     0x00001b63      0x16a /home/guanhuai/st/stm32cubeclt_1.16.0/GNU-tools-for-STM32/bin/../lib/gcc/arm-none-eabi/12.3.1/../../../../arm-none-eabi/lib/thumb/v7e-m/nofp/libg.a(libc_a-memset.o)
                                0x206 (size before relaxing)
 .debug_str     0x00001ccd       0xbc /home/guanhuai/st/stm32cubeclt_1.16.0/GNU-tools-for-STM32/bin/../lib/gcc/arm-none-eabi/12.3.1/../../../../arm-none-eabi/lib/thumb/v7e-m/nofp/libg.a(libc_a-init.o)
                                0x267 (size before relaxing)
 .debug_str     0x00001d89      0x266 /home/guanhuai/st/stm32cubeclt_1.16.0/GNU-tools-for-STM32/bin/../lib/gcc/arm-none-eabi/12.3.1/../../../../arm-none-eabi/lib/thumb/v7e-m/nofp/libg.a(libc_a-lock.o)
                                0x379 (size before relaxing)
 .debug_str     0x00001fef      0x105 /home/guanhuai/st/stm32cubeclt_1.16.0/GNU-tools-for-STM32/bin/../lib/gcc/arm-none-eabi/12.3.1/../../../../arm-none-eabi/lib/thumb/v7e-m/nofp/libg.a(libc_a-__call_atexit.o)
                                0x343 (size before relaxing)
 .debug_str     0x000020f4       0x9e /home/guanhuai/st/stm32cubeclt_1.16.0/GNU-tools-for-STM32/bin/../lib/gcc/arm-none-eabi/12.3.1/../../../../arm-none-eabi/lib/thumb/v7e-m/nofp/libg.a(libc_a-atexit.o)
                                0x243 (size before relaxing)
 .debug_str     0x00002192       0x7a /home/guanhuai/st/stm32cubeclt_1.16.0/GNU-tools-for-STM32/bin/../lib/gcc/arm-none-eabi/12.3.1/../../../../arm-none-eabi/lib/thumb/v7e-m/nofp/libg.a(libc_a-fini.o)
                                0x23d (size before relaxing)
 .debug_str     0x0000220c       0x6b /home/guanhuai/st/stm32cubeclt_1.16.0/GNU-tools-for-STM32/bin/../lib/gcc/arm-none-eabi/12.3.1/../../../../arm-none-eabi/lib/thumb/v7e-m/nofp/libg.a(libc_a-__atexit.o)
                                0x31a (size before relaxing)

.comment        0x00000000       0x43
 .comment       0x00000000       0x43 CMakeFiles/Project1.elf.dir/Core/Src/gpio.c.obj
                                 0x44 (size before relaxing)
 .comment       0x00000043       0x44 CMakeFiles/Project1.elf.dir/Core/Src/main.c.obj
 .comment       0x00000043       0x44 CMakeFiles/Project1.elf.dir/Core/Src/stm32f4xx_hal_msp.c.obj
 .comment       0x00000043       0x44 CMakeFiles/Project1.elf.dir/Core/Src/stm32f4xx_it.c.obj
 .comment       0x00000043       0x44 CMakeFiles/Project1.elf.dir/Core/Src/system_stm32f4xx.c.obj
 .comment       0x00000043       0x44 CMakeFiles/Project1.elf.dir/Drivers/STM32F4xx_HAL_Driver/Src/stm32f4xx_hal.c.obj
 .comment       0x00000043       0x44 CMakeFiles/Project1.elf.dir/Drivers/STM32F4xx_HAL_Driver/Src/stm32f4xx_hal_cortex.c.obj
 .comment       0x00000043       0x44 CMakeFiles/Project1.elf.dir/Drivers/STM32F4xx_HAL_Driver/Src/stm32f4xx_hal_gpio.c.obj
 .comment       0x00000043       0x44 CMakeFiles/Project1.elf.dir/Drivers/STM32F4xx_HAL_Driver/Src/stm32f4xx_hal_pwr_ex.c.obj
 .comment       0x00000043       0x44 CMakeFiles/Project1.elf.dir/Drivers/STM32F4xx_HAL_Driver/Src/stm32f4xx_hal_rcc.c.obj
 .comment       0x00000043       0x44 /home/guanhuai/st/stm32cubeclt_1.16.0/GNU-tools-for-STM32/bin/../lib/gcc/arm-none-eabi/12.3.1/../../../../arm-none-eabi/lib/thumb/v7e-m/nofp/libg.a(libc_a-memset.o)
 .comment       0x00000043       0x44 /home/guanhuai/st/stm32cubeclt_1.16.0/GNU-tools-for-STM32/bin/../lib/gcc/arm-none-eabi/12.3.1/../../../../arm-none-eabi/lib/thumb/v7e-m/nofp/libg.a(libc_a-init.o)
 .comment       0x00000043       0x44 /home/guanhuai/st/stm32cubeclt_1.16.0/GNU-tools-for-STM32/bin/../lib/gcc/arm-none-eabi/12.3.1/../../../../arm-none-eabi/lib/thumb/v7e-m/nofp/libg.a(libc_a-lock.o)
 .comment       0x00000043       0x44 /home/guanhuai/st/stm32cubeclt_1.16.0/GNU-tools-for-STM32/bin/../lib/gcc/arm-none-eabi/12.3.1/../../../../arm-none-eabi/lib/thumb/v7e-m/nofp/libg.a(libc_a-__call_atexit.o)
 .comment       0x00000043       0x44 /home/guanhuai/st/stm32cubeclt_1.16.0/GNU-tools-for-STM32/bin/../lib/gcc/arm-none-eabi/12.3.1/../../../../arm-none-eabi/lib/thumb/v7e-m/nofp/libg.a(libc_a-atexit.o)
 .comment       0x00000043       0x44 /home/guanhuai/st/stm32cubeclt_1.16.0/GNU-tools-for-STM32/bin/../lib/gcc/arm-none-eabi/12.3.1/../../../../arm-none-eabi/lib/thumb/v7e-m/nofp/libg.a(libc_a-fini.o)
 .comment       0x00000043       0x44 /home/guanhuai/st/stm32cubeclt_1.16.0/GNU-tools-for-STM32/bin/../lib/gcc/arm-none-eabi/12.3.1/../../../../arm-none-eabi/lib/thumb/v7e-m/nofp/libg.a(libc_a-__atexit.o)

.debug_frame    0x00000000      0xb18
 .debug_frame   0x00000000       0x34 CMakeFiles/Project1.elf.dir/Core/Src/gpio.c.obj
 .debug_frame   0x00000034       0x58 CMakeFiles/Project1.elf.dir/Core/Src/main.c.obj
 .debug_frame   0x0000008c       0x28 CMakeFiles/Project1.elf.dir/Core/Src/stm32f4xx_hal_msp.c.obj
 .debug_frame   0x000000b4       0xa8 CMakeFiles/Project1.elf.dir/Core/Src/stm32f4xx_it.c.obj
 .debug_frame   0x0000015c       0x30 CMakeFiles/Project1.elf.dir/Core/Src/system_stm32f4xx.c.obj
 .debug_frame   0x0000018c      0x20c CMakeFiles/Project1.elf.dir/Drivers/STM32F4xx_HAL_Driver/Src/stm32f4xx_hal.c.obj
 .debug_frame   0x00000398      0x214 CMakeFiles/Project1.elf.dir/Drivers/STM32F4xx_HAL_Driver/Src/stm32f4xx_hal_cortex.c.obj
 .debug_frame   0x000005ac       0xd4 CMakeFiles/Project1.elf.dir/Drivers/STM32F4xx_HAL_Driver/Src/stm32f4xx_hal_gpio.c.obj
 .debug_frame   0x00000680       0xec CMakeFiles/Project1.elf.dir/Drivers/STM32F4xx_HAL_Driver/Src/stm32f4xx_hal_pwr_ex.c.obj
 .debug_frame   0x0000076c      0x16c CMakeFiles/Project1.elf.dir/Drivers/STM32F4xx_HAL_Driver/Src/stm32f4xx_hal_rcc.c.obj
 .debug_frame   0x000008d8       0x2c /home/guanhuai/st/stm32cubeclt_1.16.0/GNU-tools-for-STM32/bin/../lib/gcc/arm-none-eabi/12.3.1/thumb/v7e-m/nofp/libgcc.a(_aeabi_uldivmod.o)
 .debug_frame   0x00000904       0x34 /home/guanhuai/st/stm32cubeclt_1.16.0/GNU-tools-for-STM32/bin/../lib/gcc/arm-none-eabi/12.3.1/thumb/v7e-m/nofp/libgcc.a(_udivmoddi4.o)
 .debug_frame   0x00000938       0x20 /home/guanhuai/st/stm32cubeclt_1.16.0/GNU-tools-for-STM32/bin/../lib/gcc/arm-none-eabi/12.3.1/../../../../arm-none-eabi/lib/thumb/v7e-m/nofp/libg.a(libc_a-memset.o)
 .debug_frame   0x00000958       0x2c /home/guanhuai/st/stm32cubeclt_1.16.0/GNU-tools-for-STM32/bin/../lib/gcc/arm-none-eabi/12.3.1/../../../../arm-none-eabi/lib/thumb/v7e-m/nofp/libg.a(libc_a-init.o)
 .debug_frame   0x00000984       0xb0 /home/guanhuai/st/stm32cubeclt_1.16.0/GNU-tools-for-STM32/bin/../lib/gcc/arm-none-eabi/12.3.1/../../../../arm-none-eabi/lib/thumb/v7e-m/nofp/libg.a(libc_a-lock.o)
 .debug_frame   0x00000a34       0x58 /home/guanhuai/st/stm32cubeclt_1.16.0/GNU-tools-for-STM32/bin/../lib/gcc/arm-none-eabi/12.3.1/../../../../arm-none-eabi/lib/thumb/v7e-m/nofp/libg.a(libc_a-__call_atexit.o)
 .debug_frame   0x00000a8c       0x20 /home/guanhuai/st/stm32cubeclt_1.16.0/GNU-tools-for-STM32/bin/../lib/gcc/arm-none-eabi/12.3.1/../../../../arm-none-eabi/lib/thumb/v7e-m/nofp/libg.a(libc_a-atexit.o)
 .debug_frame   0x00000aac       0x38 /home/guanhuai/st/stm32cubeclt_1.16.0/GNU-tools-for-STM32/bin/../lib/gcc/arm-none-eabi/12.3.1/../../../../arm-none-eabi/lib/thumb/v7e-m/nofp/libg.a(libc_a-fini.o)
 .debug_frame   0x00000ae4       0x34 /home/guanhuai/st/stm32cubeclt_1.16.0/GNU-tools-for-STM32/bin/../lib/gcc/arm-none-eabi/12.3.1/../../../../arm-none-eabi/lib/thumb/v7e-m/nofp/libg.a(libc_a-__atexit.o)

.debug_loclists
                0x00000000     0x109f
 .debug_loclists
                0x00000000       0xdb CMakeFiles/Project1.elf.dir/Core/Src/system_stm32f4xx.c.obj
 .debug_loclists
                0x000000db       0xc9 CMakeFiles/Project1.elf.dir/Drivers/STM32F4xx_HAL_Driver/Src/stm32f4xx_hal.c.obj
 .debug_loclists
                0x000001a4      0x439 CMakeFiles/Project1.elf.dir/Drivers/STM32F4xx_HAL_Driver/Src/stm32f4xx_hal_cortex.c.obj
 .debug_loclists
                0x000005dd      0x356 CMakeFiles/Project1.elf.dir/Drivers/STM32F4xx_HAL_Driver/Src/stm32f4xx_hal_gpio.c.obj
 .debug_loclists
                0x00000933      0x14e CMakeFiles/Project1.elf.dir/Drivers/STM32F4xx_HAL_Driver/Src/stm32f4xx_hal_pwr_ex.c.obj
 .debug_loclists
                0x00000a81      0x3a9 CMakeFiles/Project1.elf.dir/Drivers/STM32F4xx_HAL_Driver/Src/stm32f4xx_hal_rcc.c.obj
 .debug_loclists
                0x00000e2a       0x47 /home/guanhuai/st/stm32cubeclt_1.16.0/GNU-tools-for-STM32/bin/../lib/gcc/arm-none-eabi/12.3.1/../../../../arm-none-eabi/lib/thumb/v7e-m/nofp/libg.a(libc_a-memset.o)
 .debug_loclists
                0x00000e71       0x44 /home/guanhuai/st/stm32cubeclt_1.16.0/GNU-tools-for-STM32/bin/../lib/gcc/arm-none-eabi/12.3.1/../../../../arm-none-eabi/lib/thumb/v7e-m/nofp/libg.a(libc_a-init.o)
 .debug_loclists
                0x00000eb5       0x23 /home/guanhuai/st/stm32cubeclt_1.16.0/GNU-tools-for-STM32/bin/../lib/gcc/arm-none-eabi/12.3.1/../../../../arm-none-eabi/lib/thumb/v7e-m/nofp/libg.a(libc_a-lock.o)
 .debug_loclists
                0x00000ed8       0xd4 /home/guanhuai/st/stm32cubeclt_1.16.0/GNU-tools-for-STM32/bin/../lib/gcc/arm-none-eabi/12.3.1/../../../../arm-none-eabi/lib/thumb/v7e-m/nofp/libg.a(libc_a-__call_atexit.o)
 .debug_loclists
                0x00000fac       0x2a /home/guanhuai/st/stm32cubeclt_1.16.0/GNU-tools-for-STM32/bin/../lib/gcc/arm-none-eabi/12.3.1/../../../../arm-none-eabi/lib/thumb/v7e-m/nofp/libg.a(libc_a-atexit.o)
 .debug_loclists
                0x00000fd6       0x3b /home/guanhuai/st/stm32cubeclt_1.16.0/GNU-tools-for-STM32/bin/../lib/gcc/arm-none-eabi/12.3.1/../../../../arm-none-eabi/lib/thumb/v7e-m/nofp/libg.a(libc_a-fini.o)
 .debug_loclists
                0x00001011       0x8e /home/guanhuai/st/stm32cubeclt_1.16.0/GNU-tools-for-STM32/bin/../lib/gcc/arm-none-eabi/12.3.1/../../../../arm-none-eabi/lib/thumb/v7e-m/nofp/libg.a(libc_a-__atexit.o)

.debug_line_str
                0x00000000       0xaf
 .debug_line_str
                0x00000000       0xaf CMakeFiles/Project1.elf.dir/Core/Startup/startup_stm32f427aihx.s.obj
