Archive member included to satisfy reference by file (symbol)

/home/guanhuai/st/stm32cubeclt_1.16.0/GNU-tools-for-STM32/bin/../lib/gcc/arm-none-eabi/12.3.1/thumb/v7e-m/nofp/libgcc.a(_aeabi_uldivmod.o)
                              CMakeFiles/Project3_UART.elf.dir/Drivers/STM32F4xx_HAL_Driver/Src/stm32f4xx_hal_rcc.c.obj (__aeabi_uldivmod)
/home/guanhuai/st/stm32cubeclt_1.16.0/GNU-tools-for-STM32/bin/../lib/gcc/arm-none-eabi/12.3.1/thumb/v7e-m/nofp/libgcc.a(_udivmoddi4.o)
                              /home/guanhuai/st/stm32cubeclt_1.16.0/GNU-tools-for-STM32/bin/../lib/gcc/arm-none-eabi/12.3.1/thumb/v7e-m/nofp/libgcc.a(_aeabi_uldivmod.o) (__udivmoddi4)
/home/guanhuai/st/stm32cubeclt_1.16.0/GNU-tools-for-STM32/bin/../lib/gcc/arm-none-eabi/12.3.1/thumb/v7e-m/nofp/libgcc.a(_dvmd_tls.o)
                              /home/guanhuai/st/stm32cubeclt_1.16.0/GNU-tools-for-STM32/bin/../lib/gcc/arm-none-eabi/12.3.1/thumb/v7e-m/nofp/libgcc.a(_aeabi_uldivmod.o) (__aeabi_ldiv0)
/home/guanhuai/st/stm32cubeclt_1.16.0/GNU-tools-for-STM32/bin/../lib/gcc/arm-none-eabi/12.3.1/../../../../arm-none-eabi/lib/thumb/v7e-m/nofp/libg.a(libc_a-exit.o)
                              /home/guanhuai/st/stm32cubeclt_1.16.0/GNU-tools-for-STM32/bin/../lib/gcc/arm-none-eabi/12.3.1/../../../../arm-none-eabi/lib/thumb/v7e-m/nofp/crt0.o (exit)
/home/guanhuai/st/stm32cubeclt_1.16.0/GNU-tools-for-STM32/bin/../lib/gcc/arm-none-eabi/12.3.1/../../../../arm-none-eabi/lib/thumb/v7e-m/nofp/libg.a(libc_a-findfp.o)
                              /home/guanhuai/st/stm32cubeclt_1.16.0/GNU-tools-for-STM32/bin/../lib/gcc/arm-none-eabi/12.3.1/../../../../arm-none-eabi/lib/thumb/v7e-m/nofp/libg.a(libc_a-exit.o) (__stdio_exit_handler)
/home/guanhuai/st/stm32cubeclt_1.16.0/GNU-tools-for-STM32/bin/../lib/gcc/arm-none-eabi/12.3.1/../../../../arm-none-eabi/lib/thumb/v7e-m/nofp/libg.a(libc_a-fwalk.o)
                              /home/guanhuai/st/stm32cubeclt_1.16.0/GNU-tools-for-STM32/bin/../lib/gcc/arm-none-eabi/12.3.1/../../../../arm-none-eabi/lib/thumb/v7e-m/nofp/libg.a(libc_a-findfp.o) (_fwalk_sglue)
/home/guanhuai/st/stm32cubeclt_1.16.0/GNU-tools-for-STM32/bin/../lib/gcc/arm-none-eabi/12.3.1/../../../../arm-none-eabi/lib/thumb/v7e-m/nofp/libg.a(libc_a-printf.o)
                              CMakeFiles/Project3_UART.elf.dir/Core/Src/callback.c.obj (printf)
/home/guanhuai/st/stm32cubeclt_1.16.0/GNU-tools-for-STM32/bin/../lib/gcc/arm-none-eabi/12.3.1/../../../../arm-none-eabi/lib/thumb/v7e-m/nofp/libg.a(libc_a-puts.o)
                              CMakeFiles/Project3_UART.elf.dir/Core/Src/callback.c.obj (puts)
/home/guanhuai/st/stm32cubeclt_1.16.0/GNU-tools-for-STM32/bin/../lib/gcc/arm-none-eabi/12.3.1/../../../../arm-none-eabi/lib/thumb/v7e-m/nofp/libg.a(libc_a-stdio.o)
                              /home/guanhuai/st/stm32cubeclt_1.16.0/GNU-tools-for-STM32/bin/../lib/gcc/arm-none-eabi/12.3.1/../../../../arm-none-eabi/lib/thumb/v7e-m/nofp/libg.a(libc_a-findfp.o) (__sread)
/home/guanhuai/st/stm32cubeclt_1.16.0/GNU-tools-for-STM32/bin/../lib/gcc/arm-none-eabi/12.3.1/../../../../arm-none-eabi/lib/thumb/v7e-m/nofp/libg.a(libc_a-memset.o)
                              /home/guanhuai/st/stm32cubeclt_1.16.0/GNU-tools-for-STM32/bin/../lib/gcc/arm-none-eabi/12.3.1/../../../../arm-none-eabi/lib/thumb/v7e-m/nofp/crt0.o (memset)
/home/guanhuai/st/stm32cubeclt_1.16.0/GNU-tools-for-STM32/bin/../lib/gcc/arm-none-eabi/12.3.1/../../../../arm-none-eabi/lib/thumb/v7e-m/nofp/libg.a(libc_a-closer.o)
                              /home/guanhuai/st/stm32cubeclt_1.16.0/GNU-tools-for-STM32/bin/../lib/gcc/arm-none-eabi/12.3.1/../../../../arm-none-eabi/lib/thumb/v7e-m/nofp/libg.a(libc_a-stdio.o) (_close_r)
/home/guanhuai/st/stm32cubeclt_1.16.0/GNU-tools-for-STM32/bin/../lib/gcc/arm-none-eabi/12.3.1/../../../../arm-none-eabi/lib/thumb/v7e-m/nofp/libg.a(libc_a-reent.o)
                              /home/guanhuai/st/stm32cubeclt_1.16.0/GNU-tools-for-STM32/bin/../lib/gcc/arm-none-eabi/12.3.1/../../../../arm-none-eabi/lib/thumb/v7e-m/nofp/libg.a(libc_a-closer.o) (errno)
/home/guanhuai/st/stm32cubeclt_1.16.0/GNU-tools-for-STM32/bin/../lib/gcc/arm-none-eabi/12.3.1/../../../../arm-none-eabi/lib/thumb/v7e-m/nofp/libg.a(libc_a-impure.o)
                              /home/guanhuai/st/stm32cubeclt_1.16.0/GNU-tools-for-STM32/bin/../lib/gcc/arm-none-eabi/12.3.1/../../../../arm-none-eabi/lib/thumb/v7e-m/nofp/libg.a(libc_a-printf.o) (_impure_ptr)
/home/guanhuai/st/stm32cubeclt_1.16.0/GNU-tools-for-STM32/bin/../lib/gcc/arm-none-eabi/12.3.1/../../../../arm-none-eabi/lib/thumb/v7e-m/nofp/libg.a(libc_a-lseekr.o)
                              /home/guanhuai/st/stm32cubeclt_1.16.0/GNU-tools-for-STM32/bin/../lib/gcc/arm-none-eabi/12.3.1/../../../../arm-none-eabi/lib/thumb/v7e-m/nofp/libg.a(libc_a-stdio.o) (_lseek_r)
/home/guanhuai/st/stm32cubeclt_1.16.0/GNU-tools-for-STM32/bin/../lib/gcc/arm-none-eabi/12.3.1/../../../../arm-none-eabi/lib/thumb/v7e-m/nofp/libg.a(libc_a-readr.o)
[...]
Memory Configuration

Name             Origin             Length             Attributes
CCMRAM           0x10000000         0x00010000         xrw
RAM              0x20000000         0x00020000         xrw
FLASH            0x08000000         0x00100000         xr
*default*        0x00000000         0xffffffff

Linker script and memory map

LOAD /home/guanhuai/st/stm32cubeclt_1.16.0/GNU-tools-for-STM32/bin/../lib/gcc/arm-none-eabi/12.3.1/thumb/v7e-m/nofp/crti.o
LOAD /home/guanhuai/st/stm32cubeclt_1.16.0/GNU-tools-for-STM32/bin/../lib/gcc/arm-none-eabi/12.3.1/thumb/v7e-m/nofp/crtbegin.o
LOAD /home/guanhuai/st/stm32cubeclt_1.16.0/GNU-tools-for-STM32/bin/../lib/gcc/arm-none-eabi/12.3.1/../../../../arm-none-eabi/lib/thumb/v7e-m/nofp/crt0.o
LOAD CMakeFiles/Project3_UART.elf.dir/Core/Src/callback.c.obj
LOAD CMakeFiles/Project3_UART.elf.dir/Core/Src/gpio.c.obj
LOAD CMakeFiles/Project3_UART.elf.dir/Core/Src/main.c.obj
LOAD CMakeFiles/Project3_UART.elf.dir/Core/Src/stm32f4xx_hal_msp.c.obj
LOAD CMakeFiles/Project3_UART.elf.dir/Core/Src/stm32f4xx_it.c.obj
LOAD CMakeFiles/Project3_UART.elf.dir/Core/Src/syscalls.c.obj
LOAD CMakeFiles/Project3_UART.elf.dir/Core/Src/sysmem.c.obj
LOAD CMakeFiles/Project3_UART.elf.dir/Core/Src/system_stm32f4xx.c.obj
LOAD CMakeFiles/Project3_UART.elf.dir/Core/Src/tim.c.obj
LOAD CMakeFiles/Project3_UART.elf.dir/Core/Src/usart.c.obj
LOAD CMakeFiles/Project3_UART.elf.dir/Core/Startup/startup_stm32f407ighx.s.obj
LOAD CMakeFiles/Project3_UART.elf.dir/Drivers/STM32F4xx_HAL_Driver/Src/stm32f4xx_hal.c.obj
LOAD CMakeFiles/Project3_UART.elf.dir/Drivers/STM32F4xx_HAL_Driver/Src/stm32f4xx_hal_cortex.c.obj
LOAD CMakeFiles/Project3_UART.elf.dir/Drivers/STM32F4xx_HAL_Driver/Src/stm32f4xx_hal_dma.c.obj
LOAD CMakeFiles/Project3_UART.elf.dir/Drivers/STM32F4xx_HAL_Driver/Src/stm32f4xx_hal_dma_ex.c.obj
LOAD CMakeFiles/Project3_UART.elf.dir/Drivers/STM32F4xx_HAL_Driver/Src/stm32f4xx_hal_exti.c.obj
LOAD CMakeFiles/Project3_UART.elf.dir/Drivers/STM32F4xx_HAL_Driver/Src/stm32f4xx_hal_flash.c.obj
LOAD CMakeFiles/Project3_UART.elf.dir/Drivers/STM32F4xx_HAL_Driver/Src/stm32f4xx_hal_flash_ex.c.obj
LOAD CMakeFiles/Project3_UART.elf.dir/Drivers/STM32F4xx_HAL_Driver/Src/stm32f4xx_hal_flash_ramfunc.c.obj
LOAD CMakeFiles/Project3_UART.elf.dir/Drivers/STM32F4xx_HAL_Driver/Src/stm32f4xx_hal_gpio.c.obj
LOAD CMakeFiles/Project3_UART.elf.dir/Drivers/STM32F4xx_HAL_Driver/Src/stm32f4xx_hal_pwr.c.obj
LOAD CMakeFiles/Project3_UART.elf.dir/Drivers/STM32F4xx_HAL_Driver/Src/stm32f4xx_hal_pwr_ex.c.obj
LOAD CMakeFiles/Project3_UART.elf.dir/Drivers/STM32F4xx_HAL_Driver/Src/stm32f4xx_hal_rcc.c.obj
LOAD CMakeFiles/Project3_UART.elf.dir/Drivers/STM32F4xx_HAL_Driver/Src/stm32f4xx_hal_rcc_ex.c.obj
LOAD CMakeFiles/Project3_UART.elf.dir/Drivers/STM32F4xx_HAL_Driver/Src/stm32f4xx_hal_tim.c.obj
LOAD CMakeFiles/Project3_UART.elf.dir/Drivers/STM32F4xx_HAL_Driver/Src/stm32f4xx_hal_tim_ex.c.obj
LOAD CMakeFiles/Project3_UART.elf.dir/Drivers/STM32F4xx_HAL_Driver/Src/stm32f4xx_hal_uart.c.obj
START GROUP
LOAD /home/guanhuai/st/stm32cubeclt_1.16.0/GNU-tools-for-STM32/bin/../lib/gcc/arm-none-eabi/12.3.1/thumb/v7e-m/nofp/libgcc.a
LOAD /home/guanhuai/st/stm32cubeclt_1.16.0/GNU-tools-for-STM32/bin/../lib/gcc/arm-none-eabi/12.3.1/../../../../arm-none-eabi/lib/thumb/v7e-m/nofp/libg.a
LOAD /home/guanhuai/st/stm32cubeclt_1.16.0/GNU-tools-for-STM32/bin/../lib/gcc/arm-none-eabi/12.3.1/../../../../arm-none-eabi/lib/thumb/v7e-m/nofp/libc.a
END GROUP
LOAD /home/guanhuai/st/stm32cubeclt_1.16.0/GNU-tools-for-STM32/bin/../lib/gcc/arm-none-eabi/12.3.1/thumb/v7e-m/nofp/crtend.o
LOAD /home/guanhuai/st/stm32cubeclt_1.16.0/GNU-tools-for-STM32/bin/../lib/gcc/arm-none-eabi/12.3.1/thumb/v7e-m/nofp/crtn.o
                0x20020000                        _estack = (ORIGIN (RAM) + LENGTH (RAM))
                0x00000200                        _Min_Heap_Size = 0x200
                0x00000400                        _Min_Stack_Size = 0x400

.isr_vector     0x08000000      0x188
                0x08000000                        . = ALIGN (0x4)
 *(.isr_vector)
 .isr_vector    0x08000000      0x188 CMakeFiles/Project3_UART.elf.dir/Core/Startup/startup_stm32f407ighx.s.obj
                0x08000000                g_pfnVectors
                0x08000188                        . = ALIGN (0x4)

.text           0x08000190     0x7abc
                0x08000190                        . = ALIGN (0x4)
 *(.text)
 .text          0x08000190       0x40 /home/guanhuai/st/stm32cubeclt_1.16.0/GNU-tools-for-STM32/bin/../lib/gcc/arm-none-eabi/12.3.1/thumb/v7e-m/nofp/crtbegin.o
 .text          0x080001d0       0x30 /home/guanhuai/st/stm32cubeclt_1.16.0/GNU-tools-for-STM32/bin/../lib/gcc/arm-none-eabi/12.3.1/thumb/v7e-m/nofp/libgcc.a(_aeabi_uldivmod.o)
                0x080001d0                __aeabi_uldivmod
 .text          0x08000200      0x2bc /home/guanhuai/st/stm32cubeclt_1.16.0/GNU-tools-for-STM32/bin/../lib/gcc/arm-none-eabi/12.3.1/thumb/v7e-m/nofp/libgcc.a(_udivmoddi4.o)
                0x08000200                __udivmoddi4
 .text          0x080004bc        0x4 /home/guanhuai/st/stm32cubeclt_1.16.0/GNU-tools-for-STM32/bin/../lib/gcc/arm-none-eabi/12.3.1/thumb/v7e-m/nofp/libgcc.a(_dvmd_tls.o)
                0x080004bc                __aeabi_ldiv0
                0x080004bc                __aeabi_idiv0
 .text          0x080004c0       0x10 /home/guanhuai/st/stm32cubeclt_1.16.0/GNU-tools-for-STM32/bin/../lib/gcc/arm-none-eabi/12.3.1/../../../../arm-none-eabi/lib/thumb/v7e-m/nofp/libg.a(libc_a-strlen.o)
                0x080004c0                strlen
 .text          0x080004d0       0xa0 /home/guanhuai/st/stm32cubeclt_1.16.0/GNU-tools-for-STM32/bin/../lib/gcc/arm-none-eabi/12.3.1/../../../../arm-none-eabi/lib/thumb/v7e-m/nofp/libg.a(libc_a-memchr.o)
                0x080004d0                memchr
 .text          0x08000570      0x378 /home/guanhuai/st/stm32cubeclt_1.16.0/GNU-tools-for-STM32/bin/../lib/gcc/arm-none-eabi/12.3.1/thumb/v7e-m/nofp/libgcc.a(_arm_addsubdf3.o)
                0x08000570                __aeabi_drsub
                0x08000578                __aeabi_dsub
                0x08000578                __subdf3
                0x0800057c                __adddf3
                0x0800057c                __aeabi_dadd
                0x080007f4                __aeabi_ui2d
                0x080007f4                __floatunsidf
                0x08000814                __floatsidf
                0x08000814                __aeabi_i2d
                0x08000838                __extendsfdf2
                0x08000838                __aeabi_f2d
                0x0800087c                __aeabi_ul2d
                0x0800087c                __floatundidf
                0x0800088c                __floatdidf
                0x0800088c                __aeabi_l2d
 .text          0x080008e8      0x424 /home/guanhuai/st/stm32cubeclt_1.16.0/GNU-tools-for-STM32/bin/../lib/gcc/arm-none-eabi/12.3.1/thumb/v7e-m/nofp/libgcc.a(_arm_muldivdf3.o)
                0x080008e8                __aeabi_dmul
                0x080008e8                __muldf3
                0x08000b3c                __aeabi_ddiv
                0x08000b3c                __divdf3
 .text          0x08000d0c      0x110 /home/guanhuai/st/stm32cubeclt_1.16.0/GNU-tools-for-STM32/bin/../lib/gcc/arm-none-eabi/12.3.1/thumb/v7e-m/nofp/libgcc.a(_arm_cmpdf2.o)
                0x08000d0c                __gtdf2
                0x08000d0c                __gedf2
                0x08000d14                __ltdf2
                0x08000d14                __ledf2
                0x08000d1c                __cmpdf2
                0x08000d1c                __eqdf2
                0x08000d1c                __nedf2
                0x08000d98                __aeabi_cdrcmple
                0x08000da8                __aeabi_cdcmple
                0x08000da8                __aeabi_cdcmpeq
                0x08000db8                __aeabi_dcmpeq
                0x08000dcc                __aeabi_dcmplt
                0x08000de0                __aeabi_dcmple
                0x08000df4                __aeabi_dcmpge
                0x08000e08                __aeabi_dcmpgt
 .text          0x08000e1c       0x2c /home/guanhuai/st/stm32cubeclt_1.16.0/GNU-tools-for-STM32/bin/../lib/gcc/arm-none-eabi/12.3.1/thumb/v7e-m/nofp/libgcc.a(_arm_unorddf2.o)
                0x08000e1c                __aeabi_dcmpun
                0x08000e1c                __unorddf2
 .text          0x08000e48       0x50 /home/guanhuai/st/stm32cubeclt_1.16.0/GNU-tools-for-STM32/bin/../lib/gcc/arm-none-eabi/12.3.1/thumb/v7e-m/nofp/libgcc.a(_arm_fixdfsi.o)
                0x08000e48                __fixdfsi
                0x08000e48                __aeabi_d2iz
 *(.text*)
 .text.HAL_TIM_PeriodElapsedCallback
                0x08000e98        0x2 CMakeFiles/Project3_UART.elf.dir/Core/Src/callback.c.obj
                0x08000e98                HAL_TIM_PeriodElapsedCallback
 .text.HAL_TIM_PWM_PulseFinishedCallback
                0x08000e9a        0x2 CMakeFiles/Project3_UART.elf.dir/Core/Src/callback.c.obj
                0x08000e9a                HAL_TIM_PWM_PulseFinishedCallback
 .text.HAL_UART_RxCpltCallback
                0x08000e9c       0x78 CMakeFiles/Project3_UART.elf.dir/Core/Src/callback.c.obj
                0x08000e9c                HAL_UART_RxCpltCallback
 .text.HAL_GPIO_EXTI_Callback
                0x08000f14       0x50 CMakeFiles/Project3_UART.elf.dir/Core/Src/callback.c.obj
                0x08000f14                HAL_GPIO_EXTI_Callback
 .text.MX_GPIO_Init
                0x08000f64       0x80 CMakeFiles/Project3_UART.elf.dir/Core/Src/gpio.c.obj
                0x08000f64                MX_GPIO_Init
 .text._write   0x08000fe4       0x14 CMakeFiles/Project3_UART.elf.dir/Core/Src/main.c.obj
                0x08000fe4                _write
 .text.Error_Handler
                0x08000ff8        0x4 CMakeFiles/Project3_UART.elf.dir/Core/Src/main.c.obj
                0x08000ff8                Error_Handler
 .text.SystemClock_Config
                0x08000ffc       0xa4 CMakeFiles/Project3_UART.elf.dir/Core/Src/main.c.obj
                0x08000ffc                SystemClock_Config
 .text.main     0x080010a0       0xb0 CMakeFiles/Project3_UART.elf.dir/Core/Src/main.c.obj
                0x080010a0                main
 .text.HAL_MspInit
                0x08001150       0x38 CMakeFiles/Project3_UART.elf.dir/Core/Src/stm32f4xx_hal_msp.c.obj
                0x08001150                HAL_MspInit
 .text.NMI_Handler
                0x08001188        0x2 CMakeFiles/Project3_UART.elf.dir/Core/Src/stm32f4xx_it.c.obj
                0x08001188                NMI_Handler
 .text.HardFault_Handler
                0x0800118a        0x2 CMakeFiles/Project3_UART.elf.dir/Core/Src/stm32f4xx_it.c.obj
                0x0800118a                HardFault_Handler
 .text.MemManage_Handler
                0x0800118c        0x2 CMakeFiles/Project3_UART.elf.dir/Core/Src/stm32f4xx_it.c.obj
                0x0800118c                MemManage_Handler
 .text.BusFault_Handler
                0x0800118e        0x2 CMakeFiles/Project3_UART.elf.dir/Core/Src/stm32f4xx_it.c.obj
                0x0800118e                BusFault_Handler
 .text.UsageFault_Handler
                0x08001190        0x2 CMakeFiles/Project3_UART.elf.dir/Core/Src/stm32f4xx_it.c.obj
                0x08001190                UsageFault_Handler
 .text.SVC_Handler
                0x08001192        0x2 CMakeFiles/Project3_UART.elf.dir/Core/Src/stm32f4xx_it.c.obj
                0x08001192                SVC_Handler
 .text.DebugMon_Handler
                0x08001194        0x2 CMakeFiles/Project3_UART.elf.dir/Core/Src/stm32f4xx_it.c.obj
                0x08001194                DebugMon_Handler
 .text.PendSV_Handler
                0x08001196        0x2 CMakeFiles/Project3_UART.elf.dir/Core/Src/stm32f4xx_it.c.obj
                0x08001196                PendSV_Handler
 .text.SysTick_Handler
                0x08001198        0x8 CMakeFiles/Project3_UART.elf.dir/Core/Src/stm32f4xx_it.c.obj
                0x08001198                SysTick_Handler
 .text.EXTI0_IRQHandler
                0x080011a0        0xa CMakeFiles/Project3_UART.elf.dir/Core/Src/stm32f4xx_it.c.obj
                0x080011a0                EXTI0_IRQHandler
 *fill*         0x080011aa        0x2 
 .text.USART1_IRQHandler
                0x080011ac       0x10 CMakeFiles/Project3_UART.elf.dir/Core/Src/stm32f4xx_it.c.obj
                0x080011ac                USART1_IRQHandler
 .text.TIM5_IRQHandler
                0x080011bc       0x10 CMakeFiles/Project3_UART.elf.dir/Core/Src/stm32f4xx_it.c.obj
                0x080011bc                TIM5_IRQHandler
 .text.TIM6_DAC_IRQHandler
                0x080011cc       0x10 CMakeFiles/Project3_UART.elf.dir/Core/Src/stm32f4xx_it.c.obj
                0x080011cc                TIM6_DAC_IRQHandler
 .text._getpid  0x080011dc        0x4 CMakeFiles/Project3_UART.elf.dir/Core/Src/syscalls.c.obj
                0x080011dc                _getpid
 .text._kill    0x080011e0       0x10 CMakeFiles/Project3_UART.elf.dir/Core/Src/syscalls.c.obj
                0x080011e0                _kill
 .text._exit    0x080011f0        0xc CMakeFiles/Project3_UART.elf.dir/Core/Src/syscalls.c.obj
                0x080011f0                _exit
 .text._read    0x080011fc       0x20 CMakeFiles/Project3_UART.elf.dir/Core/Src/syscalls.c.obj
                0x080011fc                _read
 .text._close   0x0800121c        0x6 CMakeFiles/Project3_UART.elf.dir/Core/Src/syscalls.c.obj
                0x0800121c                _close
 .text._fstat   0x08001222        0xa CMakeFiles/Project3_UART.elf.dir/Core/Src/syscalls.c.obj
                0x08001222                _fstat
 .text._isatty  0x0800122c        0x4 CMakeFiles/Project3_UART.elf.dir/Core/Src/syscalls.c.obj
                0x0800122c                _isatty
 .text._lseek   0x08001230        0x4 CMakeFiles/Project3_UART.elf.dir/Core/Src/syscalls.c.obj
                0x08001230                _lseek
 .text._sbrk    0x08001234       0x48 CMakeFiles/Project3_UART.elf.dir/Core/Src/sysmem.c.obj
                0x08001234                _sbrk
 .text.SystemInit
                0x0800127c        0x2 CMakeFiles/Project3_UART.elf.dir/Core/Src/system_stm32f4xx.c.obj
                0x0800127c                SystemInit
 *fill*         0x0800127e        0x2 
 .text.MX_TIM6_Init
                0x08001280       0x50 CMakeFiles/Project3_UART.elf.dir/Core/Src/tim.c.obj
                0x08001280                MX_TIM6_Init
 .text.HAL_TIM_Base_MspInit
                0x080012d0       0x74 CMakeFiles/Project3_UART.elf.dir/Core/Src/tim.c.obj
                0x080012d0                HAL_TIM_Base_MspInit
 .text.HAL_TIM_MspPostInit
                0x08001344       0x58 CMakeFiles/Project3_UART.elf.dir/Core/Src/tim.c.obj
                0x08001344                HAL_TIM_MspPostInit
 .text.MX_TIM5_Init
                0x0800139c       0xd4 CMakeFiles/Project3_UART.elf.dir/Core/Src/tim.c.obj
                0x0800139c                MX_TIM5_Init
 .text.MX_USART1_UART_Init
                0x08001470       0x34 CMakeFiles/Project3_UART.elf.dir/Core/Src/usart.c.obj
                0x08001470                MX_USART1_UART_Init
 .text.HAL_UART_MspInit
                0x080014a4       0xac CMakeFiles/Project3_UART.elf.dir/Core/Src/usart.c.obj
                0x080014a4                HAL_UART_MspInit
 .text.Reset_Handler
                0x08001550       0x50 CMakeFiles/Project3_UART.elf.dir/Core/Startup/startup_stm32f407ighx.s.obj
                0x08001550                Reset_Handler
 .text.Default_Handler
                0x080015a0        0x2 CMakeFiles/Project3_UART.elf.dir/Core/Startup/startup_stm32f407ighx.s.obj
                0x080015a0                RTC_Alarm_IRQHandler
                0x080015a0                HASH_RNG_IRQHandler
                0x080015a0                EXTI2_IRQHandler
                0x080015a0                TIM8_CC_IRQHandler
                0x080015a0                TIM1_CC_IRQHandler
                0x080015a0                DMA2_Stream5_IRQHandler
                0x080015a0                DMA1_Stream5_IRQHandler
                0x080015a0                PVD_IRQHandler
                0x080015a0                SDIO_IRQHandler
                0x080015a0                TAMP_STAMP_IRQHandler
                0x080015a0                CAN2_RX1_IRQHandler
                0x080015a0                EXTI3_IRQHandler
                0x080015a0                TIM8_TRG_COM_TIM14_IRQHandler
                0x080015a0                TIM1_UP_TIM10_IRQHandler
                0x080015a0                TIM8_UP_TIM13_IRQHandler
                0x080015a0                I2C3_ER_IRQHandler
                0x080015a0                I2C2_EV_IRQHandler
                0x080015a0                DMA1_Stream2_IRQHandler
                0x080015a0                CAN1_RX0_IRQHandler
                0x080015a0                FPU_IRQHandler
                0x080015a0                OTG_HS_WKUP_IRQHandler
                0x080015a0                CAN2_SCE_IRQHandler
                0x080015a0                DMA2_Stream2_IRQHandler
                0x080015a0                SPI1_IRQHandler
                0x080015a0                TIM1_BRK_TIM9_IRQHandler
                0x080015a0                DCMI_IRQHandler
                0x080015a0                CAN2_RX0_IRQHandler
                0x080015a0                DMA2_Stream3_IRQHandler
                0x080015a0                USART6_IRQHandler
                0x080015a0                USART3_IRQHandler
                0x080015a0                CAN1_RX1_IRQHandler
                0x080015a0                UART5_IRQHandler
                0x080015a0                DMA2_Stream0_IRQHandler
                0x080015a0                TIM4_IRQHandler
                0x080015a0                I2C1_EV_IRQHandler
                0x080015a0                DMA1_Stream6_IRQHandler
                0x080015a0                DMA1_Stream1_IRQHandler
                0x080015a0                UART4_IRQHandler
                0x080015a0                TIM3_IRQHandler
                0x080015a0                RCC_IRQHandler
                0x080015a0                TIM8_BRK_TIM12_IRQHandler
                0x080015a0                Default_Handler
                0x080015a0                EXTI15_10_IRQHandler
                0x080015a0                ADC_IRQHandler
                0x080015a0                DMA1_Stream7_IRQHandler
                0x080015a0                TIM7_IRQHandler
                0x080015a0                CAN2_TX_IRQHandler
                0x080015a0                DMA2_Stream7_IRQHandler
                0x080015a0                I2C3_EV_IRQHandler
                0x080015a0                EXTI9_5_IRQHandler
                0x080015a0                RTC_WKUP_IRQHandler
                0x080015a0                ETH_WKUP_IRQHandler
                0x080015a0                SPI2_IRQHandler
                0x080015a0                OTG_HS_EP1_IN_IRQHandler
                0x080015a0                DMA1_Stream0_IRQHandler
                0x080015a0                CAN1_TX_IRQHandler
                0x080015a0                EXTI4_IRQHandler
                0x080015a0                FSMC_IRQHandler
                0x080015a0                ETH_IRQHandler
                0x080015a0                OTG_HS_EP1_OUT_IRQHandler
                0x080015a0                WWDG_IRQHandler
                0x080015a0                TIM2_IRQHandler
                0x080015a0                OTG_FS_WKUP_IRQHandler
                0x080015a0                TIM1_TRG_COM_TIM11_IRQHandler
                0x080015a0                OTG_HS_IRQHandler
                0x080015a0                EXTI1_IRQHandler
                0x080015a0                USART2_IRQHandler
                0x080015a0                I2C2_ER_IRQHandler
                0x080015a0                DMA2_Stream1_IRQHandler
                0x080015a0                CAN1_SCE_IRQHandler
                0x080015a0                FLASH_IRQHandler
                0x080015a0                DMA2_Stream4_IRQHandler
                0x080015a0                OTG_FS_IRQHandler
                0x080015a0                SPI3_IRQHandler
                0x080015a0                DMA1_Stream4_IRQHandler
                0x080015a0                I2C1_ER_IRQHandler
                0x080015a0                DMA2_Stream6_IRQHandler
                0x080015a0                DMA1_Stream3_IRQHandler
 *fill*         0x080015a2        0x2 
 .text.HAL_InitTick
                0x080015a4       0x4c CMakeFiles/Project3_UART.elf.dir/Drivers/STM32F4xx_HAL_Driver/Src/stm32f4xx_hal.c.obj
                0x080015a4                HAL_InitTick
 .text.HAL_Init
                0x080015f0       0x34 CMakeFiles/Project3_UART.elf.dir/Drivers/STM32F4xx_HAL_Driver/Src/stm32f4xx_hal.c.obj
                0x080015f0                HAL_Init
 .text.HAL_IncTick
                0x08001624       0x18 CMakeFiles/Project3_UART.elf.dir/Drivers/STM32F4xx_HAL_Driver/Src/stm32f4xx_hal.c.obj
                0x08001624                HAL_IncTick
 .text.HAL_GetTick
                0x0800163c        0xc CMakeFiles/Project3_UART.elf.dir/Drivers/STM32F4xx_HAL_Driver/Src/stm32f4xx_hal.c.obj
                0x0800163c                HAL_GetTick
 .text.HAL_Delay
                0x08001648       0x28 CMakeFiles/Project3_UART.elf.dir/Drivers/STM32F4xx_HAL_Driver/Src/stm32f4xx_hal.c.obj
                0x08001648                HAL_Delay
 .text.__NVIC_EnableIRQ
                0x08001670       0x1c CMakeFiles/Project3_UART.elf.dir/Drivers/STM32F4xx_HAL_Driver/Src/stm32f4xx_hal_cortex.c.obj
 .text.__NVIC_SetPriority
                0x0800168c       0x28 CMakeFiles/Project3_UART.elf.dir/Drivers/STM32F4xx_HAL_Driver/Src/stm32f4xx_hal_cortex.c.obj
 .text.NVIC_EncodePriority
                0x080016b4       0x3e CMakeFiles/Project3_UART.elf.dir/Drivers/STM32F4xx_HAL_Driver/Src/stm32f4xx_hal_cortex.c.obj
 *fill*         0x080016f2        0x2 
 .text.HAL_NVIC_SetPriorityGrouping
                0x080016f4       0x24 CMakeFiles/Project3_UART.elf.dir/Drivers/STM32F4xx_HAL_Driver/Src/stm32f4xx_hal_cortex.c.obj
                0x080016f4                HAL_NVIC_SetPriorityGrouping
 .text.HAL_NVIC_SetPriority
                0x08001718       0x20 CMakeFiles/Project3_UART.elf.dir/Drivers/STM32F4xx_HAL_Driver/Src/stm32f4xx_hal_cortex.c.obj
                0x08001718                HAL_NVIC_SetPriority
 .text.HAL_NVIC_EnableIRQ
                0x08001738        0x8 CMakeFiles/Project3_UART.elf.dir/Drivers/STM32F4xx_HAL_Driver/Src/stm32f4xx_hal_cortex.c.obj
                0x08001738                HAL_NVIC_EnableIRQ
 .text.HAL_SYSTICK_Config
                0x08001740       0x28 CMakeFiles/Project3_UART.elf.dir/Drivers/STM32F4xx_HAL_Driver/Src/stm32f4xx_hal_cortex.c.obj
                0x08001740                HAL_SYSTICK_Config
 .text.HAL_DMA_Abort
                0x08001768       0x94 CMakeFiles/Project3_UART.elf.dir/Drivers/STM32F4xx_HAL_Driver/Src/stm32f4xx_hal_dma.c.obj
                0x08001768                HAL_DMA_Abort
 .text.HAL_DMA_Abort_IT
                0x080017fc       0x26 CMakeFiles/Project3_UART.elf.dir/Drivers/STM32F4xx_HAL_Driver/Src/stm32f4xx_hal_dma.c.obj
                0x080017fc                HAL_DMA_Abort_IT
 *fill*         0x08001822        0x2 
 .text.HAL_GPIO_Init
                0x08001824      0x1f4 CMakeFiles/Project3_UART.elf.dir/Drivers/STM32F4xx_HAL_Driver/Src/stm32f4xx_hal_gpio.c.obj
                0x08001824                HAL_GPIO_Init
 .text.HAL_GPIO_EXTI_IRQHandler
                0x08001a18       0x1c CMakeFiles/Project3_UART.elf.dir/Drivers/STM32F4xx_HAL_Driver/Src/stm32f4xx_hal_gpio.c.obj
                0x08001a18                HAL_GPIO_EXTI_IRQHandler
 .text.HAL_RCC_OscConfig
                0x08001a34      0x3f8 CMakeFiles/Project3_UART.elf.dir/Drivers/STM32F4xx_HAL_Driver/Src/stm32f4xx_hal_rcc.c.obj
                0x08001a34                HAL_RCC_OscConfig
 .text.HAL_RCC_GetSysClockFreq
                0x08001e2c       0xa8 CMakeFiles/Project3_UART.elf.dir/Drivers/STM32F4xx_HAL_Driver/Src/stm32f4xx_hal_rcc.c.obj
                0x08001e2c                HAL_RCC_GetSysClockFreq
 .text.HAL_RCC_ClockConfig
                0x08001ed4      0x160 CMakeFiles/Project3_UART.elf.dir/Drivers/STM32F4xx_HAL_Driver/Src/stm32f4xx_hal_rcc.c.obj
                0x08001ed4                HAL_RCC_ClockConfig
 .text.HAL_RCC_GetHCLKFreq
                0x08002034        0xc CMakeFiles/Project3_UART.elf.dir/Drivers/STM32F4xx_HAL_Driver/Src/stm32f4xx_hal_rcc.c.obj
                0x08002034                HAL_RCC_GetHCLKFreq
 .text.HAL_RCC_GetPCLK1Freq
                0x08002040       0x20 CMakeFiles/Project3_UART.elf.dir/Drivers/STM32F4xx_HAL_Driver/Src/stm32f4xx_hal_rcc.c.obj
                0x08002040                HAL_RCC_GetPCLK1Freq
 .text.HAL_RCC_GetPCLK2Freq
                0x08002060       0x20 CMakeFiles/Project3_UART.elf.dir/Drivers/STM32F4xx_HAL_Driver/Src/stm32f4xx_hal_rcc.c.obj
                0x08002060                HAL_RCC_GetPCLK2Freq
 .text.TIM_OC1_SetConfig
                0x08002080       0x70 CMakeFiles/Project3_UART.elf.dir/Drivers/STM32F4xx_HAL_Driver/Src/stm32f4xx_hal_tim.c.obj
 .text.TIM_OC3_SetConfig
                0x080020f0       0x70 CMakeFiles/Project3_UART.elf.dir/Drivers/STM32F4xx_HAL_Driver/Src/stm32f4xx_hal_tim.c.obj
 .text.TIM_OC4_SetConfig
                0x08002160       0x50 CMakeFiles/Project3_UART.elf.dir/Drivers/STM32F4xx_HAL_Driver/Src/stm32f4xx_hal_tim.c.obj
 .text.TIM_TI1_ConfigInputStage
                0x080021b0       0x24 CMakeFiles/Project3_UART.elf.dir/Drivers/STM32F4xx_HAL_Driver/Src/stm32f4xx_hal_tim.c.obj
 .text.TIM_TI2_ConfigInputStage
                0x080021d4       0x26 CMakeFiles/Project3_UART.elf.dir/Drivers/STM32F4xx_HAL_Driver/Src/stm32f4xx_hal_tim.c.obj
 .text.TIM_ITRx_SetConfig
                0x080021fa       0x10 CMakeFiles/Project3_UART.elf.dir/Drivers/STM32F4xx_HAL_Driver/Src/stm32f4xx_hal_tim.c.obj
 *fill*         0x0800220a        0x2 
 .text.HAL_TIM_Base_Start_IT
                0x0800220c       0x88 CMakeFiles/Project3_UART.elf.dir/Drivers/STM32F4xx_HAL_Driver/Src/stm32f4xx_hal_tim.c.obj
                0x0800220c                HAL_TIM_Base_Start_IT
 .text.HAL_TIM_PWM_MspInit
                0x08002294        0x2 CMakeFiles/Project3_UART.elf.dir/Drivers/STM32F4xx_HAL_Driver/Src/stm32f4xx_hal_tim.c.obj
                0x08002294                HAL_TIM_PWM_MspInit
 .text.HAL_TIM_OC_DelayElapsedCallback
                0x08002296        0x2 CMakeFiles/Project3_UART.elf.dir/Drivers/STM32F4xx_HAL_Driver/Src/stm32f4xx_hal_tim.c.obj
                0x08002296                HAL_TIM_OC_DelayElapsedCallback
 .text.HAL_TIM_IC_CaptureCallback
                0x08002298        0x2 CMakeFiles/Project3_UART.elf.dir/Drivers/STM32F4xx_HAL_Driver/Src/stm32f4xx_hal_tim.c.obj
                0x08002298                HAL_TIM_IC_CaptureCallback
 .text.HAL_TIM_TriggerCallback
                0x0800229a        0x2 CMakeFiles/Project3_UART.elf.dir/Drivers/STM32F4xx_HAL_Driver/Src/stm32f4xx_hal_tim.c.obj
                0x0800229a                HAL_TIM_TriggerCallback
 .text.HAL_TIM_IRQHandler
                0x0800229c      0x15e CMakeFiles/Project3_UART.elf.dir/Drivers/STM32F4xx_HAL_Driver/Src/stm32f4xx_hal_tim.c.obj
                0x0800229c                HAL_TIM_IRQHandler
 *fill*         0x080023fa        0x2 
 .text.TIM_Base_SetConfig
                0x080023fc       0xd8 CMakeFiles/Project3_UART.elf.dir/Drivers/STM32F4xx_HAL_Driver/Src/stm32f4xx_hal_tim.c.obj
                0x080023fc                TIM_Base_SetConfig
 .text.HAL_TIM_Base_Init
                0x080024d4       0x58 CMakeFiles/Project3_UART.elf.dir/Drivers/STM32F4xx_HAL_Driver/Src/stm32f4xx_hal_tim.c.obj
                0x080024d4                HAL_TIM_Base_Init
 .text.HAL_TIM_PWM_Init
                0x0800252c       0x58 CMakeFiles/Project3_UART.elf.dir/Drivers/STM32F4xx_HAL_Driver/Src/stm32f4xx_hal_tim.c.obj
                0x0800252c                HAL_TIM_PWM_Init
 .text.TIM_OC2_SetConfig
                0x08002584       0x70 CMakeFiles/Project3_UART.elf.dir/Drivers/STM32F4xx_HAL_Driver/Src/stm32f4xx_hal_tim.c.obj
                0x08002584                TIM_OC2_SetConfig
 .text.HAL_TIM_PWM_ConfigChannel
                0x080025f4       0xdc CMakeFiles/Project3_UART.elf.dir/Drivers/STM32F4xx_HAL_Driver/Src/stm32f4xx_hal_tim.c.obj
                0x080025f4                HAL_TIM_PWM_ConfigChannel
 .text.TIM_ETR_SetConfig
                0x080026d0       0x18 CMakeFiles/Project3_UART.elf.dir/Drivers/STM32F4xx_HAL_Driver/Src/stm32f4xx_hal_tim.c.obj
                0x080026d0                TIM_ETR_SetConfig
 .text.HAL_TIM_ConfigClockSource
                0x080026e8       0xfe CMakeFiles/Project3_UART.elf.dir/Drivers/STM32F4xx_HAL_Driver/Src/stm32f4xx_hal_tim.c.obj
                0x080026e8                HAL_TIM_ConfigClockSource
 .text.TIM_CCxChannelCmd
                0x080027e6       0x1e CMakeFiles/Project3_UART.elf.dir/Drivers/STM32F4xx_HAL_Driver/Src/stm32f4xx_hal_tim.c.obj
                0x080027e6                TIM_CCxChannelCmd
 .text.HAL_TIM_PWM_Start_IT
                0x08002804      0x174 CMakeFiles/Project3_UART.elf.dir/Drivers/STM32F4xx_HAL_Driver/Src/stm32f4xx_hal_tim.c.obj
                0x08002804                HAL_TIM_PWM_Start_IT
 .text.HAL_TIMEx_MasterConfigSynchronization
                0x08002978       0x8c CMakeFiles/Project3_UART.elf.dir/Drivers/STM32F4xx_HAL_Driver/Src/stm32f4xx_hal_tim_ex.c.obj
                0x08002978                HAL_TIMEx_MasterConfigSynchronization
 .text.HAL_TIMEx_CommutCallback
                0x08002a04        0x2 CMakeFiles/Project3_UART.elf.dir/Drivers/STM32F4xx_HAL_Driver/Src/stm32f4xx_hal_tim_ex.c.obj
                0x08002a04                HAL_TIMEx_CommutCallback
 .text.HAL_TIMEx_BreakCallback
                0x08002a06        0x2 CMakeFiles/Project3_UART.elf.dir/Drivers/STM32F4xx_HAL_Driver/Src/stm32f4xx_hal_tim_ex.c.obj
                0x08002a06                HAL_TIMEx_BreakCallback
 .text.UART_EndRxTransfer
                0x08002a08       0x5c CMakeFiles/Project3_UART.elf.dir/Drivers/STM32F4xx_HAL_Driver/Src/stm32f4xx_hal_uart.c.obj
 .text.UART_Transmit_IT
                0x08002a64       0x60 CMakeFiles/Project3_UART.elf.dir/Drivers/STM32F4xx_HAL_Driver/Src/stm32f4xx_hal_uart.c.obj
 .text.UART_SetConfig
                0x08002ac4      0x110 CMakeFiles/Project3_UART.elf.dir/Drivers/STM32F4xx_HAL_Driver/Src/stm32f4xx_hal_uart.c.obj
 .text.UART_WaitOnFlagUntilTimeout
                0x08002bd4       0x86 CMakeFiles/Project3_UART.elf.dir/Drivers/STM32F4xx_HAL_Driver/Src/stm32f4xx_hal_uart.c.obj
 .text.HAL_UART_Init
                0x08002c5a       0x60 CMakeFiles/Project3_UART.elf.dir/Drivers/STM32F4xx_HAL_Driver/Src/stm32f4xx_hal_uart.c.obj
                0x08002c5a                HAL_UART_Init
 .text.HAL_UART_Transmit
                0x08002cba       0xcc CMakeFiles/Project3_UART.elf.dir/Drivers/STM32F4xx_HAL_Driver/Src/stm32f4xx_hal_uart.c.obj
                0x08002cba                HAL_UART_Transmit
 .text.HAL_UART_TxCpltCallback
                0x08002d86        0x2 CMakeFiles/Project3_UART.elf.dir/Drivers/STM32F4xx_HAL_Driver/Src/stm32f4xx_hal_uart.c.obj
                0x08002d86                HAL_UART_TxCpltCallback
 .text.UART_EndTransmit_IT
                0x08002d88       0x1a CMakeFiles/Project3_UART.elf.dir/Drivers/STM32F4xx_HAL_Driver/Src/stm32f4xx_hal_uart.c.obj
 .text.HAL_UART_ErrorCallback
                0x08002da2        0x2 CMakeFiles/Project3_UART.elf.dir/Drivers/STM32F4xx_HAL_Driver/Src/stm32f4xx_hal_uart.c.obj
                0x08002da2                HAL_UART_ErrorCallback
 .text.UART_DMAAbortOnError
                0x08002da4       0x10 CMakeFiles/Project3_UART.elf.dir/Drivers/STM32F4xx_HAL_Driver/Src/stm32f4xx_hal_uart.c.obj
 .text.HAL_UARTEx_RxEventCallback
                0x08002db4        0x2 CMakeFiles/Project3_UART.elf.dir/Drivers/STM32F4xx_HAL_Driver/Src/stm32f4xx_hal_uart.c.obj
                0x08002db4                HAL_UARTEx_RxEventCallback
 .text.UART_Receive_IT
                0x08002db6       0xe6 CMakeFiles/Project3_UART.elf.dir/Drivers/STM32F4xx_HAL_Driver/Src/stm32f4xx_hal_uart.c.obj
 .text.HAL_UART_IRQHandler
                0x08002e9c      0x284 CMakeFiles/Project3_UART.elf.dir/Drivers/STM32F4xx_HAL_Driver/Src/stm32f4xx_hal_uart.c.obj
                0x08002e9c                HAL_UART_IRQHandler
 .text.UART_Start_Receive_IT
                0x08003120       0x36 CMakeFiles/Project3_UART.elf.dir/Drivers/STM32F4xx_HAL_Driver/Src/stm32f4xx_hal_uart.c.obj
                0x08003120                UART_Start_Receive_IT
 .text.HAL_UART_Receive_IT
                0x08003156       0x26 CMakeFiles/Project3_UART.elf.dir/Drivers/STM32F4xx_HAL_Driver/Src/stm32f4xx_hal_uart.c.obj
                0x08003156                HAL_UART_Receive_IT
 .text.std      0x0800317c       0x6c /home/guanhuai/st/stm32cubeclt_1.16.0/GNU-tools-for-STM32/bin/../lib/gcc/arm-none-eabi/12.3.1/../../../../arm-none-eabi/lib/thumb/v7e-m/nofp/libg.a(libc_a-findfp.o)
 .text.stdio_exit_handler
                0x080031e8       0x18 /home/guanhuai/st/stm32cubeclt_1.16.0/GNU-tools-for-STM32/bin/../lib/gcc/arm-none-eabi/12.3.1/../../../../arm-none-eabi/lib/thumb/v7e-m/nofp/libg.a(libc_a-findfp.o)
 .text.cleanup_stdio
                0x08003200       0x40 /home/guanhuai/st/stm32cubeclt_1.16.0/GNU-tools-for-STM32/bin/../lib/gcc/arm-none-eabi/12.3.1/../../../../arm-none-eabi/lib/thumb/v7e-m/nofp/libg.a(libc_a-findfp.o)
 .text.global_stdio_init.part.0
                0x08003240       0x3c /home/guanhuai/st/stm32cubeclt_1.16.0/GNU-tools-for-STM32/bin/../lib/gcc/arm-none-eabi/12.3.1/../../../../arm-none-eabi/lib/thumb/v7e-m/nofp/libg.a(libc_a-findfp.o)
 .text.__sfp_lock_acquire
                0x0800327c        0xc /home/guanhuai/st/stm32cubeclt_1.16.0/GNU-tools-for-STM32/bin/../lib/gcc/arm-none-eabi/12.3.1/../../../../arm-none-eabi/lib/thumb/v7e-m/nofp/libg.a(libc_a-findfp.o)
                0x0800327c                __sfp_lock_acquire
 .text.__sfp_lock_release
                0x08003288        0xc /home/guanhuai/st/stm32cubeclt_1.16.0/GNU-tools-for-STM32/bin/../lib/gcc/arm-none-eabi/12.3.1/../../../../arm-none-eabi/lib/thumb/v7e-m/nofp/libg.a(libc_a-findfp.o)
                0x08003288                __sfp_lock_release
 .text.__sinit  0x08003294       0x30 /home/guanhuai/st/stm32cubeclt_1.16.0/GNU-tools-for-STM32/bin/../lib/gcc/arm-none-eabi/12.3.1/../../../../arm-none-eabi/lib/thumb/v7e-m/nofp/libg.a(libc_a-findfp.o)
                0x08003294                __sinit
 .text._fwalk_sglue
                0x080032c4       0x3c /home/guanhuai/st/stm32cubeclt_1.16.0/GNU-tools-for-STM32/bin/../lib/gcc/arm-none-eabi/12.3.1/../../../../arm-none-eabi/lib/thumb/v7e-m/nofp/libg.a(libc_a-fwalk.o)
                0x080032c4                _fwalk_sglue
 .text.printf   0x08003300       0x24 /home/guanhuai/st/stm32cubeclt_1.16.0/GNU-tools-for-STM32/bin/../lib/gcc/arm-none-eabi/12.3.1/../../../../arm-none-eabi/lib/thumb/v7e-m/nofp/libg.a(libc_a-printf.o)
                0x08003300                printf
 .text._puts_r  0x08003324       0x8c /home/guanhuai/st/stm32cubeclt_1.16.0/GNU-tools-for-STM32/bin/../lib/gcc/arm-none-eabi/12.3.1/../../../../arm-none-eabi/lib/thumb/v7e-m/nofp/libg.a(libc_a-puts.o)
                0x08003324                _puts_r
 .text.puts     0x080033b0       0x10 /home/guanhuai/st/stm32cubeclt_1.16.0/GNU-tools-for-STM32/bin/../lib/gcc/arm-none-eabi/12.3.1/../../../../arm-none-eabi/lib/thumb/v7e-m/nofp/libg.a(libc_a-puts.o)
                0x080033b0                puts
 .text.__sread  0x080033c0       0x22 /home/guanhuai/st/stm32cubeclt_1.16.0/GNU-tools-for-STM32/bin/../lib/gcc/arm-none-eabi/12.3.1/../../../../arm-none-eabi/lib/thumb/v7e-m/nofp/libg.a(libc_a-stdio.o)
                0x080033c0                __sread
 .text.__swrite
                0x080033e2       0x38 /home/guanhuai/st/stm32cubeclt_1.16.0/GNU-tools-for-STM32/bin/../lib/gcc/arm-none-eabi/12.3.1/../../../../arm-none-eabi/lib/thumb/v7e-m/nofp/libg.a(libc_a-stdio.o)
                0x080033e2                __swrite
 .text.__sseek  0x0800341a       0x24 /home/guanhuai/st/stm32cubeclt_1.16.0/GNU-tools-for-STM32/bin/../lib/gcc/arm-none-eabi/12.3.1/../../../../arm-none-eabi/lib/thumb/v7e-m/nofp/libg.a(libc_a-stdio.o)
                0x0800341a                __sseek
 .text.__sclose
                0x0800343e        0x8 /home/guanhuai/st/stm32cubeclt_1.16.0/GNU-tools-for-STM32/bin/../lib/gcc/arm-none-eabi/12.3.1/../../../../arm-none-eabi/lib/thumb/v7e-m/nofp/libg.a(libc_a-stdio.o)
                0x0800343e                __sclose
 .text.memset   0x08003446       0x10 /home/guanhuai/st/stm32cubeclt_1.16.0/GNU-tools-for-STM32/bin/../lib/gcc/arm-none-eabi/12.3.1/../../../../arm-none-eabi/lib/thumb/v7e-m/nofp/libg.a(libc_a-memset.o)
                0x08003446                memset
 *fill*         0x08003456        0x2 
 .text._close_r
                0x08003458       0x20 /home/guanhuai/st/stm32cubeclt_1.16.0/GNU-tools-for-STM32/bin/../lib/gcc/arm-none-eabi/12.3.1/../../../../arm-none-eabi/lib/thumb/v7e-m/nofp/libg.a(libc_a-closer.o)
                0x08003458                _close_r
 .text._lseek_r
                0x08003478       0x24 /home/guanhuai/st/stm32cubeclt_1.16.0/GNU-tools-for-STM32/bin/../lib/gcc/arm-none-eabi/12.3.1/../../../../arm-none-eabi/lib/thumb/v7e-m/nofp/libg.a(libc_a-lseekr.o)
                0x08003478                _lseek_r
 .text._read_r  0x0800349c       0x24 /home/guanhuai/st/stm32cubeclt_1.16.0/GNU-tools-for-STM32/bin/../lib/gcc/arm-none-eabi/12.3.1/../../../../arm-none-eabi/lib/thumb/v7e-m/nofp/libg.a(libc_a-readr.o)
                0x0800349c                _read_r
 .text._write_r
                0x080034c0       0x24 /home/guanhuai/st/stm32cubeclt_1.16.0/GNU-tools-for-STM32/bin/../lib/gcc/arm-none-eabi/12.3.1/../../../../arm-none-eabi/lib/thumb/v7e-m/nofp/libg.a(libc_a-writer.o)
                0x080034c0                _write_r
 .text.__errno  0x080034e4        0xc /home/guanhuai/st/stm32cubeclt_1.16.0/GNU-tools-for-STM32/bin/../lib/gcc/arm-none-eabi/12.3.1/../../../../arm-none-eabi/lib/thumb/v7e-m/nofp/libg.a(libc_a-errno.o)
                0x080034e4                __errno
 .text.__libc_init_array
                0x080034f0       0x48 /home/guanhuai/st/stm32cubeclt_1.16.0/GNU-tools-for-STM32/bin/../lib/gcc/arm-none-eabi/12.3.1/../../../../arm-none-eabi/lib/thumb/v7e-m/nofp/libg.a(libc_a-init.o)
                0x080034f0                __libc_init_array
 .text.__retarget_lock_init_recursive
                0x08003538        0x2 /home/guanhuai/st/stm32cubeclt_1.16.0/GNU-tools-for-STM32/bin/../lib/gcc/arm-none-eabi/12.3.1/../../../../arm-none-eabi/lib/thumb/v7e-m/nofp/libg.a(libc_a-lock.o)
                0x08003538                __retarget_lock_init_recursive
 .text.__retarget_lock_close_recursive
                0x0800353a        0x2 /home/guanhuai/st/stm32cubeclt_1.16.0/GNU-tools-for-STM32/bin/../lib/gcc/arm-none-eabi/12.3.1/../../../../arm-none-eabi/lib/thumb/v7e-m/nofp/libg.a(libc_a-lock.o)
                0x0800353a                __retarget_lock_close_recursive
 .text.__retarget_lock_acquire_recursive
                0x0800353c        0x2 /home/guanhuai/st/stm32cubeclt_1.16.0/GNU-tools-for-STM32/bin/../lib/gcc/arm-none-eabi/12.3.1/../../../../arm-none-eabi/lib/thumb/v7e-m/nofp/libg.a(libc_a-lock.o)
                0x0800353c                __retarget_lock_acquire_recursive
 .text.__retarget_lock_release_recursive
                0x0800353e        0x2 /home/guanhuai/st/stm32cubeclt_1.16.0/GNU-tools-for-STM32/bin/../lib/gcc/arm-none-eabi/12.3.1/../../../../arm-none-eabi/lib/thumb/v7e-m/nofp/libg.a(libc_a-lock.o)
                0x0800353e                __retarget_lock_release_recursive
 .text.startup.register_fini
                0x08003540       0x14 /home/guanhuai/st/stm32cubeclt_1.16.0/GNU-tools-for-STM32/bin/../lib/gcc/arm-none-eabi/12.3.1/../../../../arm-none-eabi/lib/thumb/v7e-m/nofp/libg.a(libc_a-__call_atexit.o)
 .text.atexit   0x08003554        0xc /home/guanhuai/st/stm32cubeclt_1.16.0/GNU-tools-for-STM32/bin/../lib/gcc/arm-none-eabi/12.3.1/../../../../arm-none-eabi/lib/thumb/v7e-m/nofp/libg.a(libc_a-atexit.o)
                0x08003554                atexit
 .text._malloc_trim_r
                0x08003560       0xac /home/guanhuai/st/stm32cubeclt_1.16.0/GNU-tools-for-STM32/bin/../lib/gcc/arm-none-eabi/12.3.1/../../../../arm-none-eabi/lib/thumb/v7e-m/nofp/libg.a(libc_a-freer.o)
                0x08003560                _malloc_trim_r
 .text._free_r  0x0800360c      0x180 /home/guanhuai/st/stm32cubeclt_1.16.0/GNU-tools-for-STM32/bin/../lib/gcc/arm-none-eabi/12.3.1/../../../../arm-none-eabi/lib/thumb/v7e-m/nofp/libg.a(libc_a-freer.o)
                0x0800360c                _free_r
 .text._malloc_r
                0x0800378c      0x474 /home/guanhuai/st/stm32cubeclt_1.16.0/GNU-tools-for-STM32/bin/../lib/gcc/arm-none-eabi/12.3.1/../../../../arm-none-eabi/lib/thumb/v7e-m/nofp/libg.a(libc_a-mallocr.o)
                0x0800378c                _malloc_r
 .text.__malloc_lock
                0x08003c00        0xc /home/guanhuai/st/stm32cubeclt_1.16.0/GNU-tools-for-STM32/bin/../lib/gcc/arm-none-eabi/12.3.1/../../../../arm-none-eabi/lib/thumb/v7e-m/nofp/libg.a(libc_a-mlock.o)
                0x08003c00                __malloc_lock
 .text.__malloc_unlock
                0x08003c0c        0xc /home/guanhuai/st/stm32cubeclt_1.16.0/GNU-tools-for-STM32/bin/../lib/gcc/arm-none-eabi/12.3.1/../../../../arm-none-eabi/lib/thumb/v7e-m/nofp/libg.a(libc_a-mlock.o)
                0x08003c0c                __malloc_unlock
 .text._vfprintf_r
                0x08003c18     0x1424 /home/guanhuai/st/stm32cubeclt_1.16.0/GNU-tools-for-STM32/bin/../lib/gcc/arm-none-eabi/12.3.1/../../../../arm-none-eabi/lib/thumb/v7e-m/nofp/libg.a(libc_a-vfprintf.o)
                0x08003c18                _vfprintf_r
 .text.__sbprintf
                0x0800503c       0x80 /home/guanhuai/st/stm32cubeclt_1.16.0/GNU-tools-for-STM32/bin/../lib/gcc/arm-none-eabi/12.3.1/../../../../arm-none-eabi/lib/thumb/v7e-m/nofp/libg.a(libc_a-vfprintf.o)
 .text.__sprint_r
                0x080050bc       0x64 /home/guanhuai/st/stm32cubeclt_1.16.0/GNU-tools-for-STM32/bin/../lib/gcc/arm-none-eabi/12.3.1/../../../../arm-none-eabi/lib/thumb/v7e-m/nofp/libg.a(libc_a-vfiprintf.o)
                0x080050bc                __sprint_r
 .text._vfiprintf_r
                0x08005120      0x918 /home/guanhuai/st/stm32cubeclt_1.16.0/GNU-tools-for-STM32/bin/../lib/gcc/arm-none-eabi/12.3.1/../../../../arm-none-eabi/lib/thumb/v7e-m/nofp/libg.a(libc_a-vfiprintf.o)
                0x08005120                _vfiprintf_r
 .text.__sbprintf
                0x08005a38       0x80 /home/guanhuai/st/stm32cubeclt_1.16.0/GNU-tools-for-STM32/bin/../lib/gcc/arm-none-eabi/12.3.1/../../../../arm-none-eabi/lib/thumb/v7e-m/nofp/libg.a(libc_a-vfiprintf.o)
 .text._fclose_r
                0x08005ab8       0xaa /home/guanhuai/st/stm32cubeclt_1.16.0/GNU-tools-for-STM32/bin/../lib/gcc/arm-none-eabi/12.3.1/../../../../arm-none-eabi/lib/thumb/v7e-m/nofp/libg.a(libc_a-fclose.o)
                0x08005ab8                _fclose_r
 *fill*         0x08005b62        0x2 
 .text.__sflush_r
                0x08005b64      0x108 /home/guanhuai/st/stm32cubeclt_1.16.0/GNU-tools-for-STM32/bin/../lib/gcc/arm-none-eabi/12.3.1/../../../../arm-none-eabi/lib/thumb/v7e-m/nofp/libg.a(libc_a-fflush.o)
                0x08005b64                __sflush_r
 .text._fflush_r
                0x08005c6c       0x4a /home/guanhuai/st/stm32cubeclt_1.16.0/GNU-tools-for-STM32/bin/../lib/gcc/arm-none-eabi/12.3.1/../../../../arm-none-eabi/lib/thumb/v7e-m/nofp/libg.a(libc_a-fflush.o)
                0x08005c6c                _fflush_r
 *fill*         0x08005cb6        0x2 
 .text.__sfvwrite_r
                0x08005cb8      0x298 /home/guanhuai/st/stm32cubeclt_1.16.0/GNU-tools-for-STM32/bin/../lib/gcc/arm-none-eabi/12.3.1/../../../../arm-none-eabi/lib/thumb/v7e-m/nofp/libg.a(libc_a-fvwrite.o)
                0x08005cb8                __sfvwrite_r
 .text.__swsetup_r
                0x08005f50       0xac /home/guanhuai/st/stm32cubeclt_1.16.0/GNU-tools-for-STM32/bin/../lib/gcc/arm-none-eabi/12.3.1/../../../../arm-none-eabi/lib/thumb/v7e-m/nofp/libg.a(libc_a-wsetup.o)
                0x08005f50                __swsetup_r
 .text.__fputwc
                0x08005ffc       0x82 /home/guanhuai/st/stm32cubeclt_1.16.0/GNU-tools-for-STM32/bin/../lib/gcc/arm-none-eabi/12.3.1/../../../../arm-none-eabi/lib/thumb/v7e-m/nofp/libg.a(libc_a-fputwc.o)
                0x08005ffc                __fputwc
 .text._fputwc_r
                0x0800607e       0x52 /home/guanhuai/st/stm32cubeclt_1.16.0/GNU-tools-for-STM32/bin/../lib/gcc/arm-none-eabi/12.3.1/../../../../arm-none-eabi/lib/thumb/v7e-m/nofp/libg.a(libc_a-fputwc.o)
                0x0800607e                _fputwc_r
 .text.memmove  0x080060d0       0x34 /home/guanhuai/st/stm32cubeclt_1.16.0/GNU-tools-for-STM32/bin/../lib/gcc/arm-none-eabi/12.3.1/../../../../arm-none-eabi/lib/thumb/v7e-m/nofp/libg.a(libc_a-memmove.o)
                0x080060d0                memmove
 .text.strncpy  0x08006104       0x26 /home/guanhuai/st/stm32cubeclt_1.16.0/GNU-tools-for-STM32/bin/../lib/gcc/arm-none-eabi/12.3.1/../../../../arm-none-eabi/lib/thumb/v7e-m/nofp/libg.a(libc_a-strncpy.o)
                0x08006104                strncpy
 *fill*         0x0800612a        0x2 
 .text.__locale_mb_cur_max
                0x0800612c        0xc /home/guanhuai/st/stm32cubeclt_1.16.0/GNU-tools-for-STM32/bin/../lib/gcc/arm-none-eabi/12.3.1/../../../../arm-none-eabi/lib/thumb/v7e-m/nofp/libg.a(libc_a-locale.o)
                0x0800612c                __locale_mb_cur_max
 .text._localeconv_r
                0x08006138        0x8 /home/guanhuai/st/stm32cubeclt_1.16.0/GNU-tools-for-STM32/bin/../lib/gcc/arm-none-eabi/12.3.1/../../../../arm-none-eabi/lib/thumb/v7e-m/nofp/libg.a(libc_a-localeconv.o)
                0x08006138                _localeconv_r
 .text._sbrk_r  0x08006140       0x20 /home/guanhuai/st/stm32cubeclt_1.16.0/GNU-tools-for-STM32/bin/../lib/gcc/arm-none-eabi/12.3.1/../../../../arm-none-eabi/lib/thumb/v7e-m/nofp/libg.a(libc_a-sbrkr.o)
                0x08006140                _sbrk_r
 .text.__libc_fini_array
                0x08006160       0x28 /home/guanhuai/st/stm32cubeclt_1.16.0/GNU-tools-for-STM32/bin/../lib/gcc/arm-none-eabi/12.3.1/../../../../arm-none-eabi/lib/thumb/v7e-m/nofp/libg.a(libc_a-fini.o)
                0x08006160                __libc_fini_array
 .text.sysconf  0x08006188       0x18 /home/guanhuai/st/stm32cubeclt_1.16.0/GNU-tools-for-STM32/bin/../lib/gcc/arm-none-eabi/12.3.1/../../../../arm-none-eabi/lib/thumb/v7e-m/nofp/libg.a(libc_a-sysconf.o)
                0x08006188                sysconf
 .text.memcpy   0x080061a0       0x1c /home/guanhuai/st/stm32cubeclt_1.16.0/GNU-tools-for-STM32/bin/../lib/gcc/arm-none-eabi/12.3.1/../../../../arm-none-eabi/lib/thumb/v7e-m/nofp/libg.a(libc_a-memcpy-stub.o)
                0x080061a0                memcpy
 .text.frexp    0x080061bc       0x68 /home/guanhuai/st/stm32cubeclt_1.16.0/GNU-tools-for-STM32/bin/../lib/gcc/arm-none-eabi/12.3.1/../../../../arm-none-eabi/lib/thumb/v7e-m/nofp/libg.a(libm_a-s_frexp.o)
                0x080061bc                frexp
 .text.__register_exitproc
                0x08006224       0x80 /home/guanhuai/st/stm32cubeclt_1.16.0/GNU-tools-for-STM32/bin/../lib/gcc/arm-none-eabi/12.3.1/../../../../arm-none-eabi/lib/thumb/v7e-m/nofp/libg.a(libc_a-__atexit.o)
                0x08006224                __register_exitproc
 .text.quorem   0x080062a4      0x110 /home/guanhuai/st/stm32cubeclt_1.16.0/GNU-tools-for-STM32/bin/../lib/gcc/arm-none-eabi/12.3.1/../../../../arm-none-eabi/lib/thumb/v7e-m/nofp/libg.a(libc_a-dtoa.o)
 *fill*         0x080063b4        0x4 
 .text._dtoa_r  0x080063b8      0xb58 /home/guanhuai/st/stm32cubeclt_1.16.0/GNU-tools-for-STM32/bin/../lib/gcc/arm-none-eabi/12.3.1/../../../../arm-none-eabi/lib/thumb/v7e-m/nofp/libg.a(libc_a-dtoa.o)
                0x080063b8                _dtoa_r
 .text.__ascii_mbtowc
                0x08006f10       0x24 /home/guanhuai/st/stm32cubeclt_1.16.0/GNU-tools-for-STM32/bin/../lib/gcc/arm-none-eabi/12.3.1/../../../../arm-none-eabi/lib/thumb/v7e-m/nofp/libg.a(libc_a-mbtowc_r.o)
                0x08006f10                __ascii_mbtowc
 .text._Balloc  0x08006f34       0x4a /home/guanhuai/st/stm32cubeclt_1.16.0/GNU-tools-for-STM32/bin/../lib/gcc/arm-none-eabi/12.3.1/../../../../arm-none-eabi/lib/thumb/v7e-m/nofp/libg.a(libc_a-mprec.o)
                0x08006f34                _Balloc
 .text._Bfree   0x08006f7e       0x12 /home/guanhuai/st/stm32cubeclt_1.16.0/GNU-tools-for-STM32/bin/../lib/gcc/arm-none-eabi/12.3.1/../../../../arm-none-eabi/lib/thumb/v7e-m/nofp/libg.a(libc_a-mprec.o)
                0x08006f7e                _Bfree
 .text.__multadd
                0x08006f90       0x8c /home/guanhuai/st/stm32cubeclt_1.16.0/GNU-tools-for-STM32/bin/../lib/gcc/arm-none-eabi/12.3.1/../../../../arm-none-eabi/lib/thumb/v7e-m/nofp/libg.a(libc_a-mprec.o)
                0x08006f90                __multadd
 .text.__hi0bits
                0x0800701c       0x3e /home/guanhuai/st/stm32cubeclt_1.16.0/GNU-tools-for-STM32/bin/../lib/gcc/arm-none-eabi/12.3.1/../../../../arm-none-eabi/lib/thumb/v7e-m/nofp/libg.a(libc_a-mprec.o)
                0x0800701c                __hi0bits
 .text.__lo0bits
                0x0800705a       0x5a /home/guanhuai/st/stm32cubeclt_1.16.0/GNU-tools-for-STM32/bin/../lib/gcc/arm-none-eabi/12.3.1/../../../../arm-none-eabi/lib/thumb/v7e-m/nofp/libg.a(libc_a-mprec.o)
                0x0800705a                __lo0bits
 .text.__i2b    0x080070b4       0x2c /home/guanhuai/st/stm32cubeclt_1.16.0/GNU-tools-for-STM32/bin/../lib/gcc/arm-none-eabi/12.3.1/../../../../arm-none-eabi/lib/thumb/v7e-m/nofp/libg.a(libc_a-mprec.o)
                0x080070b4                __i2b
 .text.__multiply
                0x080070e0      0x154 /home/guanhuai/st/stm32cubeclt_1.16.0/GNU-tools-for-STM32/bin/../lib/gcc/arm-none-eabi/12.3.1/../../../../arm-none-eabi/lib/thumb/v7e-m/nofp/libg.a(libc_a-mprec.o)
                0x080070e0                __multiply
 .text.__pow5mult
                0x08007234       0x80 /home/guanhuai/st/stm32cubeclt_1.16.0/GNU-tools-for-STM32/bin/../lib/gcc/arm-none-eabi/12.3.1/../../../../arm-none-eabi/lib/thumb/v7e-m/nofp/libg.a(libc_a-mprec.o)
                0x08007234                __pow5mult
 .text.__lshift
                0x080072b4       0xd8 /home/guanhuai/st/stm32cubeclt_1.16.0/GNU-tools-for-STM32/bin/../lib/gcc/arm-none-eabi/12.3.1/../../../../arm-none-eabi/lib/thumb/v7e-m/nofp/libg.a(libc_a-mprec.o)
                0x080072b4                __lshift
 .text.__mcmp   0x0800738c       0x36 /home/guanhuai/st/stm32cubeclt_1.16.0/GNU-tools-for-STM32/bin/../lib/gcc/arm-none-eabi/12.3.1/../../../../arm-none-eabi/lib/thumb/v7e-m/nofp/libg.a(libc_a-mprec.o)
                0x0800738c                __mcmp
 *fill*         0x080073c2        0x2 
 .text.__mdiff  0x080073c4      0x124 /home/guanhuai/st/stm32cubeclt_1.16.0/GNU-tools-for-STM32/bin/../lib/gcc/arm-none-eabi/12.3.1/../../../../arm-none-eabi/lib/thumb/v7e-m/nofp/libg.a(libc_a-mprec.o)
                0x080073c4                __mdiff
 .text.__d2b    0x080074e8       0xb0 /home/guanhuai/st/stm32cubeclt_1.16.0/GNU-tools-for-STM32/bin/../lib/gcc/arm-none-eabi/12.3.1/../../../../arm-none-eabi/lib/thumb/v7e-m/nofp/libg.a(libc_a-mprec.o)
                0x080074e8                __d2b
 .text._realloc_r
                0x08007598      0x350 /home/guanhuai/st/stm32cubeclt_1.16.0/GNU-tools-for-STM32/bin/../lib/gcc/arm-none-eabi/12.3.1/../../../../arm-none-eabi/lib/thumb/v7e-m/nofp/libg.a(libc_a-reallocr.o)
                0x08007598                _realloc_r
 .text.__ascii_wctomb
                0x080078e8       0x1a /home/guanhuai/st/stm32cubeclt_1.16.0/GNU-tools-for-STM32/bin/../lib/gcc/arm-none-eabi/12.3.1/../../../../arm-none-eabi/lib/thumb/v7e-m/nofp/libg.a(libc_a-wctomb_r.o)
                0x080078e8                __ascii_wctomb
 *fill*         0x08007902        0x2 
 .text._wcrtomb_r
                0x08007904       0x2c /home/guanhuai/st/stm32cubeclt_1.16.0/GNU-tools-for-STM32/bin/../lib/gcc/arm-none-eabi/12.3.1/../../../../arm-none-eabi/lib/thumb/v7e-m/nofp/libg.a(libc_a-wcrtomb.o)
                0x08007904                _wcrtomb_r
 .text.__swhatbuf_r
                0x08007930       0x50 /home/guanhuai/st/stm32cubeclt_1.16.0/GNU-tools-for-STM32/bin/../lib/gcc/arm-none-eabi/12.3.1/../../../../arm-none-eabi/lib/thumb/v7e-m/nofp/libg.a(libc_a-makebuf.o)
                0x08007930                __swhatbuf_r
 .text.__smakebuf_r
                0x08007980       0x78 /home/guanhuai/st/stm32cubeclt_1.16.0/GNU-tools-for-STM32/bin/../lib/gcc/arm-none-eabi/12.3.1/../../../../arm-none-eabi/lib/thumb/v7e-m/nofp/libg.a(libc_a-makebuf.o)
                0x08007980                __smakebuf_r
 .text.__swbuf_r
                0x080079f8       0x92 /home/guanhuai/st/stm32cubeclt_1.16.0/GNU-tools-for-STM32/bin/../lib/gcc/arm-none-eabi/12.3.1/../../../../arm-none-eabi/lib/thumb/v7e-m/nofp/libg.a(libc_a-wbuf.o)
                0x080079f8                __swbuf_r
 *fill*         0x08007a8a        0x2 
 .text._fstat_r
                0x08007a8c       0x24 /home/guanhuai/st/stm32cubeclt_1.16.0/GNU-tools-for-STM32/bin/../lib/gcc/arm-none-eabi/12.3.1/../../../../arm-none-eabi/lib/thumb/v7e-m/nofp/libg.a(libc_a-fstatr.o)
                0x08007a8c                _fstat_r
 .text._isatty_r
                0x08007ab0       0x20 /home/guanhuai/st/stm32cubeclt_1.16.0/GNU-tools-for-STM32/bin/../lib/gcc/arm-none-eabi/12.3.1/../../../../arm-none-eabi/lib/thumb/v7e-m/nofp/libg.a(libc_a-isattyr.o)
                0x08007ab0                _isatty_r
 .text.__assert_func
                0x08007ad0       0x3c /home/guanhuai/st/stm32cubeclt_1.16.0/GNU-tools-for-STM32/bin/../lib/gcc/arm-none-eabi/12.3.1/../../../../arm-none-eabi/lib/thumb/v7e-m/nofp/libg.a(libc_a-assert.o)
                0x08007ad0                __assert_func
 .text._calloc_r
                0x08007b0c       0x6a /home/guanhuai/st/stm32cubeclt_1.16.0/GNU-tools-for-STM32/bin/../lib/gcc/arm-none-eabi/12.3.1/../../../../arm-none-eabi/lib/thumb/v7e-m/nofp/libg.a(libc_a-callocr.o)
                0x08007b0c                _calloc_r
 *fill*         0x08007b76        0x2 
 .text.fiprintf
                0x08007b78       0x24 /home/guanhuai/st/stm32cubeclt_1.16.0/GNU-tools-for-STM32/bin/../lib/gcc/arm-none-eabi/12.3.1/../../../../arm-none-eabi/lib/thumb/v7e-m/nofp/libg.a(libc_a-fiprintf.o)
                0x08007b78                fiprintf
 .text.abort    0x08007b9c        0xe /home/guanhuai/st/stm32cubeclt_1.16.0/GNU-tools-for-STM32/bin/../lib/gcc/arm-none-eabi/12.3.1/../../../../arm-none-eabi/lib/thumb/v7e-m/nofp/libg.a(libc_a-abort.o)
                0x08007b9c                abort
 .text._raise_r
                0x08007baa       0x52 /home/guanhuai/st/stm32cubeclt_1.16.0/GNU-tools-for-STM32/bin/../lib/gcc/arm-none-eabi/12.3.1/../../../../arm-none-eabi/lib/thumb/v7e-m/nofp/libg.a(libc_a-signal.o)
                0x08007baa                _raise_r
 .text.raise    0x08007bfc       0x10 /home/guanhuai/st/stm32cubeclt_1.16.0/GNU-tools-for-STM32/bin/../lib/gcc/arm-none-eabi/12.3.1/../../../../arm-none-eabi/lib/thumb/v7e-m/nofp/libg.a(libc_a-signal.o)
                0x08007bfc                raise
 .text._kill_r  0x08007c0c       0x24 /home/guanhuai/st/stm32cubeclt_1.16.0/GNU-tools-for-STM32/bin/../lib/gcc/arm-none-eabi/12.3.1/../../../../arm-none-eabi/lib/thumb/v7e-m/nofp/libg.a(libc_a-signalr.o)
                0x08007c0c                _kill_r
 .text._getpid_r
                0x08007c30        0x4 /home/guanhuai/st/stm32cubeclt_1.16.0/GNU-tools-for-STM32/bin/../lib/gcc/arm-none-eabi/12.3.1/../../../../arm-none-eabi/lib/thumb/v7e-m/nofp/libg.a(libc_a-signalr.o)
                0x08007c30                _getpid_r
 *(.glue_7)
 .glue_7        0x08007c34        0x0 linker stubs
 *(.glue_7t)
 .glue_7t       0x08007c34        0x0 linker stubs
 *(.eh_frame)
 .eh_frame      0x08007c34        0x0 /home/guanhuai/st/stm32cubeclt_1.16.0/GNU-tools-for-STM32/bin/../lib/gcc/arm-none-eabi/12.3.1/thumb/v7e-m/nofp/crtbegin.o
 *(.init)
 .init          0x08007c34        0x4 /home/guanhuai/st/stm32cubeclt_1.16.0/GNU-tools-for-STM32/bin/../lib/gcc/arm-none-eabi/12.3.1/thumb/v7e-m/nofp/crti.o
                0x08007c34                _init
 .init          0x08007c38        0x8 /home/guanhuai/st/stm32cubeclt_1.16.0/GNU-tools-for-STM32/bin/../lib/gcc/arm-none-eabi/12.3.1/thumb/v7e-m/nofp/crtn.o
 *(.fini)
 .fini          0x08007c40        0x4 /home/guanhuai/st/stm32cubeclt_1.16.0/GNU-tools-for-STM32/bin/../lib/gcc/arm-none-eabi/12.3.1/thumb/v7e-m/nofp/crti.o
                0x08007c40                _fini
 .fini          0x08007c44        0x8 /home/guanhuai/st/stm32cubeclt_1.16.0/GNU-tools-for-STM32/bin/../lib/gcc/arm-none-eabi/12.3.1/thumb/v7e-m/nofp/crtn.o
                0x08007c4c                        . = ALIGN (0x4)
                0x08007c4c                        _etext = .

.vfp11_veneer   0x08007c4c        0x0
 .vfp11_veneer  0x08007c4c        0x0 linker stubs

.v4_bx          0x08007c4c        0x0
 .v4_bx         0x08007c4c        0x0 linker stubs

.iplt           0x08007c4c        0x0
 .iplt          0x08007c4c        0x0 /home/guanhuai/st/stm32cubeclt_1.16.0/GNU-tools-for-STM32/bin/../lib/gcc/arm-none-eabi/12.3.1/thumb/v7e-m/nofp/crtbegin.o

.rodata         0x08007c50      0x440
                0x08007c50                        . = ALIGN (0x4)
 *(.rodata)
 *(.rodata*)
 .rodata.HAL_UART_RxCpltCallback.str1.4
                0x08007c50       0x69 CMakeFiles/Project3_UART.elf.dir/Core/Src/callback.c.obj
 *fill*         0x08007cb9        0x3 
 .rodata.HAL_GPIO_EXTI_Callback.str1.4
                0x08007cbc       0x2b CMakeFiles/Project3_UART.elf.dir/Core/Src/callback.c.obj
 *fill*         0x08007ce7        0x1 
 .rodata.APBPrescTable
                0x08007ce8        0x8 CMakeFiles/Project3_UART.elf.dir/Core/Src/system_stm32f4xx.c.obj
                0x08007ce8                APBPrescTable
 .rodata.AHBPrescTable
                0x08007cf0       0x10 CMakeFiles/Project3_UART.elf.dir/Core/Src/system_stm32f4xx.c.obj
                0x08007cf0                AHBPrescTable
 .rodata._puts_r.str1.1
                0x08007d00        0x0 /home/guanhuai/st/stm32cubeclt_1.16.0/GNU-tools-for-STM32/bin/../lib/gcc/arm-none-eabi/12.3.1/../../../../arm-none-eabi/lib/thumb/v7e-m/nofp/libg.a(libc_a-puts.o)
                                  0x2 (size before relaxing)
 .rodata._vfprintf_r.str1.1
                0x08007d00       0x34 /home/guanhuai/st/stm32cubeclt_1.16.0/GNU-tools-for-STM32/bin/../lib/gcc/arm-none-eabi/12.3.1/../../../../arm-none-eabi/lib/thumb/v7e-m/nofp/libg.a(libc_a-vfprintf.o)
 .rodata.zeroes.0
                0x08007d34       0x10 /home/guanhuai/st/stm32cubeclt_1.16.0/GNU-tools-for-STM32/bin/../lib/gcc/arm-none-eabi/12.3.1/../../../../arm-none-eabi/lib/thumb/v7e-m/nofp/libg.a(libc_a-vfprintf.o)
 .rodata.blanks.1
                0x08007d44       0x10 /home/guanhuai/st/stm32cubeclt_1.16.0/GNU-tools-for-STM32/bin/../lib/gcc/arm-none-eabi/12.3.1/../../../../arm-none-eabi/lib/thumb/v7e-m/nofp/libg.a(libc_a-vfprintf.o)
 .rodata._vfiprintf_r.str1.1
                0x08007d54       0x22 /home/guanhuai/st/stm32cubeclt_1.16.0/GNU-tools-for-STM32/bin/../lib/gcc/arm-none-eabi/12.3.1/../../../../arm-none-eabi/lib/thumb/v7e-m/nofp/libg.a(libc_a-vfiprintf.o)
 .rodata.zeroes.0
                0x08007d54       0x10 /home/guanhuai/st/stm32cubeclt_1.16.0/GNU-tools-for-STM32/bin/../lib/gcc/arm-none-eabi/12.3.1/../../../../arm-none-eabi/lib/thumb/v7e-m/nofp/libg.a(libc_a-vfiprintf.o)
 .rodata.blanks.1
                0x08007d64       0x10 /home/guanhuai/st/stm32cubeclt_1.16.0/GNU-tools-for-STM32/bin/../lib/gcc/arm-none-eabi/12.3.1/../../../../arm-none-eabi/lib/thumb/v7e-m/nofp/libg.a(libc_a-vfiprintf.o)
 .rodata._setlocale_r.str1.1
                0x08007d74        0x8 /home/guanhuai/st/stm32cubeclt_1.16.0/GNU-tools-for-STM32/bin/../lib/gcc/arm-none-eabi/12.3.1/../../../../arm-none-eabi/lib/thumb/v7e-m/nofp/libg.a(libc_a-locale.o)
                                  0x9 (size before relaxing)
 .rodata.str1.1
                0x08007d7c        0x2 /home/guanhuai/st/stm32cubeclt_1.16.0/GNU-tools-for-STM32/bin/../lib/gcc/arm-none-eabi/12.3.1/../../../../arm-none-eabi/lib/thumb/v7e-m/nofp/libg.a(libc_a-locale.o)
 .rodata._dtoa_r.str1.1
                0x08007d7e       0x76 /home/guanhuai/st/stm32cubeclt_1.16.0/GNU-tools-for-STM32/bin/../lib/gcc/arm-none-eabi/12.3.1/../../../../arm-none-eabi/lib/thumb/v7e-m/nofp/libg.a(libc_a-dtoa.o)
                                 0x78 (size before relaxing)
 .rodata.__multadd.str1.1
                0x08007df4       0x59 /home/guanhuai/st/stm32cubeclt_1.16.0/GNU-tools-for-STM32/bin/../lib/gcc/arm-none-eabi/12.3.1/../../../../arm-none-eabi/lib/thumb/v7e-m/nofp/libg.a(libc_a-mprec.o)
                                 0x6a (size before relaxing)
 *fill*         0x08007e4d        0x3 
 .rodata.p05.0  0x08007e50        0xc /home/guanhuai/st/stm32cubeclt_1.16.0/GNU-tools-for-STM32/bin/../lib/gcc/arm-none-eabi/12.3.1/../../../../arm-none-eabi/lib/thumb/v7e-m/nofp/libg.a(libc_a-mprec.o)
 *fill*         0x08007e5c        0x4 
 .rodata.__mprec_bigtens
                0x08007e60       0x28 /home/guanhuai/st/stm32cubeclt_1.16.0/GNU-tools-for-STM32/bin/../lib/gcc/arm-none-eabi/12.3.1/../../../../arm-none-eabi/lib/thumb/v7e-m/nofp/libg.a(libc_a-mprec.o)
                0x08007e60                __mprec_bigtens
 .rodata.__mprec_tens
                0x08007e88       0xc8 /home/guanhuai/st/stm32cubeclt_1.16.0/GNU-tools-for-STM32/bin/../lib/gcc/arm-none-eabi/12.3.1/../../../../arm-none-eabi/lib/thumb/v7e-m/nofp/libg.a(libc_a-mprec.o)
                0x08007e88                __mprec_tens
 .rodata._ctype_
                0x08007f50      0x101 /home/guanhuai/st/stm32cubeclt_1.16.0/GNU-tools-for-STM32/bin/../lib/gcc/arm-none-eabi/12.3.1/../../../../arm-none-eabi/lib/thumb/v7e-m/nofp/libg.a(libc_a-ctype_.o)
                0x08007f50                _ctype_
 .rodata.__assert_func.str1.1
                0x08008051       0x3c /home/guanhuai/st/stm32cubeclt_1.16.0/GNU-tools-for-STM32/bin/../lib/gcc/arm-none-eabi/12.3.1/../../../../arm-none-eabi/lib/thumb/v7e-m/nofp/libg.a(libc_a-assert.o)
                                 0x3d (size before relaxing)
                0x08008090                        . = ALIGN (0x4)
 *fill*         0x0800808d        0x3 

.ARM.extab      0x08008090        0x0
                0x08008090                        . = ALIGN (0x4)
 *(.ARM.extab* .gnu.linkonce.armextab.*)
                0x08008090                        . = ALIGN (0x4)

.ARM            0x08008090        0x8
                0x08008090                        . = ALIGN (0x4)
                0x08008090                        __exidx_start = .
 *(.ARM.exidx*)
 .ARM.exidx     0x08008090        0x8 /home/guanhuai/st/stm32cubeclt_1.16.0/GNU-tools-for-STM32/bin/../lib/gcc/arm-none-eabi/12.3.1/thumb/v7e-m/nofp/libgcc.a(_udivmoddi4.o)
 .ARM.exidx     0x08008098        0x0 /home/guanhuai/st/stm32cubeclt_1.16.0/GNU-tools-for-STM32/bin/../lib/gcc/arm-none-eabi/12.3.1/../../../../arm-none-eabi/lib/thumb/v7e-m/nofp/libg.a(libc_a-strlen.o)
                                  0x8 (size before relaxing)
 .ARM.exidx     0x08008098        0x0 /home/guanhuai/st/stm32cubeclt_1.16.0/GNU-tools-for-STM32/bin/../lib/gcc/arm-none-eabi/12.3.1/../../../../arm-none-eabi/lib/thumb/v7e-m/nofp/libg.a(libc_a-memchr.o)
                                  0x8 (size before relaxing)
                0x08008098                        __exidx_end = .
                0x08008098                        . = ALIGN (0x4)

.preinit_array  0x08008098        0x0
                0x08008098                        . = ALIGN (0x4)
                0x08008098                        PROVIDE (__preinit_array_start = .)
 *(.preinit_array*)
                0x08008098                        PROVIDE (__preinit_array_end = .)
                0x08008098                        . = ALIGN (0x4)

.init_array     0x08008098        0x8
                0x08008098                        . = ALIGN (0x4)
                0x08008098                        PROVIDE (__init_array_start = .)
 *(SORT_BY_NAME(.init_array.*))
 .init_array.00000
                0x08008098        0x4 /home/guanhuai/st/stm32cubeclt_1.16.0/GNU-tools-for-STM32/bin/../lib/gcc/arm-none-eabi/12.3.1/../../../../arm-none-eabi/lib/thumb/v7e-m/nofp/libg.a(libc_a-__call_atexit.o)
 *(.init_array*)
 .init_array    0x0800809c        0x4 /home/guanhuai/st/stm32cubeclt_1.16.0/GNU-tools-for-STM32/bin/../lib/gcc/arm-none-eabi/12.3.1/thumb/v7e-m/nofp/crtbegin.o
                0x080080a0                        PROVIDE (__init_array_end = .)
                0x080080a0                        . = ALIGN (0x4)

.fini_array     0x080080a0        0x4
                0x080080a0                        . = ALIGN (0x4)
                0x080080a0                        PROVIDE (__fini_array_start = .)
 *(SORT_BY_NAME(.fini_array.*))
 *(.fini_array*)
 .fini_array    0x080080a0        0x4 /home/guanhuai/st/stm32cubeclt_1.16.0/GNU-tools-for-STM32/bin/../lib/gcc/arm-none-eabi/12.3.1/thumb/v7e-m/nofp/crtbegin.o
                0x080080a4                        PROVIDE (__fini_array_end = .)
                0x080080a4                        . = ALIGN (0x4)
                0x080080a4                        _sidata = LOADADDR (.data)

.rel.dyn        0x080080a4        0x0
 .rel.iplt      0x080080a4        0x0 /home/guanhuai/st/stm32cubeclt_1.16.0/GNU-tools-for-STM32/bin/../lib/gcc/arm-none-eabi/12.3.1/thumb/v7e-m/nofp/crtbegin.o

.data           0x20000000      0x6c0 load address 0x080080a4
                0x20000000                        . = ALIGN (0x4)
                0x20000000                        _sdata = .
 *(.data)
 *(.data*)
 .data.SystemCoreClock
                0x20000000        0x4 CMakeFiles/Project3_UART.elf.dir/Core/Src/system_stm32f4xx.c.obj
                0x20000000                SystemCoreClock
 .data.uwTickFreq
                0x20000004        0x1 CMakeFiles/Project3_UART.elf.dir/Drivers/STM32F4xx_HAL_Driver/Src/stm32f4xx_hal.c.obj
                0x20000004                uwTickFreq
 *fill*         0x20000005        0x3 
 .data.uwTickPrio
                0x20000008        0x4 CMakeFiles/Project3_UART.elf.dir/Drivers/STM32F4xx_HAL_Driver/Src/stm32f4xx_hal.c.obj
                0x20000008                uwTickPrio
 .data.__sglue  0x2000000c        0xc /home/guanhuai/st/stm32cubeclt_1.16.0/GNU-tools-for-STM32/bin/../lib/gcc/arm-none-eabi/12.3.1/../../../../arm-none-eabi/lib/thumb/v7e-m/nofp/libg.a(libc_a-findfp.o)
                0x2000000c                __sglue
 .data._impure_ptr
                0x20000018        0x4 /home/guanhuai/st/stm32cubeclt_1.16.0/GNU-tools-for-STM32/bin/../lib/gcc/arm-none-eabi/12.3.1/../../../../arm-none-eabi/lib/thumb/v7e-m/nofp/libg.a(libc_a-impure.o)
                0x20000018                _impure_ptr
 *fill*         0x2000001c        0x4 
 .data._impure_data
                0x20000020      0x120 /home/guanhuai/st/stm32cubeclt_1.16.0/GNU-tools-for-STM32/bin/../lib/gcc/arm-none-eabi/12.3.1/../../../../arm-none-eabi/lib/thumb/v7e-m/nofp/libg.a(libc_a-impure.o)
                0x20000020                _impure_data
 .data.__atexit_recursive_mutex
                0x20000140        0x4 /home/guanhuai/st/stm32cubeclt_1.16.0/GNU-tools-for-STM32/bin/../lib/gcc/arm-none-eabi/12.3.1/../../../../arm-none-eabi/lib/thumb/v7e-m/nofp/libg.a(libc_a-__call_atexit.o)
                0x20000140                __atexit_recursive_mutex
 .data.__malloc_sbrk_base
                0x20000144        0x4 /home/guanhuai/st/stm32cubeclt_1.16.0/GNU-tools-for-STM32/bin/../lib/gcc/arm-none-eabi/12.3.1/../../../../arm-none-eabi/lib/thumb/v7e-m/nofp/libg.a(libc_a-mallocr.o)
                0x20000144                __malloc_sbrk_base
 .data.__malloc_trim_threshold
                0x20000148        0x4 /home/guanhuai/st/stm32cubeclt_1.16.0/GNU-tools-for-STM32/bin/../lib/gcc/arm-none-eabi/12.3.1/../../../../arm-none-eabi/lib/thumb/v7e-m/nofp/libg.a(libc_a-mallocr.o)
                0x20000148                __malloc_trim_threshold
 .data.__malloc_av_
                0x2000014c      0x408 /home/guanhuai/st/stm32cubeclt_1.16.0/GNU-tools-for-STM32/bin/../lib/gcc/arm-none-eabi/12.3.1/../../../../arm-none-eabi/lib/thumb/v7e-m/nofp/libg.a(libc_a-mallocr.o)
                0x2000014c                __malloc_av_
 .data.__global_locale
                0x20000554      0x16c /home/guanhuai/st/stm32cubeclt_1.16.0/GNU-tools-for-STM32/bin/../lib/gcc/arm-none-eabi/12.3.1/../../../../arm-none-eabi/lib/thumb/v7e-m/nofp/libg.a(libc_a-locale.o)
                0x20000554                __global_locale
 *(.RamFunc)
 *(.RamFunc*)
                0x200006c0                        . = ALIGN (0x4)
                0x200006c0                        _edata = .
                0x08008764                        _siccmram = LOADADDR (.ccmram)

.igot.plt       0x200006c0        0x0 load address 0x08008764
 .igot.plt      0x200006c0        0x0 /home/guanhuai/st/stm32cubeclt_1.16.0/GNU-tools-for-STM32/bin/../lib/gcc/arm-none-eabi/12.3.1/thumb/v7e-m/nofp/crtbegin.o

.ccmram         0x10000000        0x0 load address 0x08008764
                0x10000000                        . = ALIGN (0x4)
                0x10000000                        _sccmram = .
 *(.ccmram)
 *(.ccmram*)
                0x10000000                        . = ALIGN (0x4)
                0x10000000                        _eccmram = .
                0x10000000                        . = ALIGN (0x4)

.bss            0x200006c0      0x410
                0x200006c0                        _sbss = .
                0x200006c0                        __bss_start__ = _sbss
 *(.bss)
 .bss           0x200006c0       0x1c /home/guanhuai/st/stm32cubeclt_1.16.0/GNU-tools-for-STM32/bin/../lib/gcc/arm-none-eabi/12.3.1/thumb/v7e-m/nofp/crtbegin.o
 *(.bss*)
 .bss.led_id    0x200006dc        0x4 CMakeFiles/Project3_UART.elf.dir/Core/Src/callback.c.obj
                0x200006dc                led_id
 .bss.rx_buffer
                0x200006e0        0x1 CMakeFiles/Project3_UART.elf.dir/Core/Src/main.c.obj
                0x200006e0                rx_buffer
 *fill*         0x200006e1        0x3 
 .bss.__sbrk_heap_end
                0x200006e4        0x4 CMakeFiles/Project3_UART.elf.dir/Core/Src/sysmem.c.obj
 .bss.htim6     0x200006e8       0x48 CMakeFiles/Project3_UART.elf.dir/Core/Src/tim.c.obj
                0x200006e8                htim6
 .bss.htim5     0x20000730       0x48 CMakeFiles/Project3_UART.elf.dir/Core/Src/tim.c.obj
                0x20000730                htim5
 .bss.huart1    0x20000778       0x48 CMakeFiles/Project3_UART.elf.dir/Core/Src/usart.c.obj
                0x20000778                huart1
 .bss.uwTick    0x200007c0        0x4 CMakeFiles/Project3_UART.elf.dir/Drivers/STM32F4xx_HAL_Driver/Src/stm32f4xx_hal.c.obj
                0x200007c0                uwTick
 .bss.__sf      0x200007c4      0x138 /home/guanhuai/st/stm32cubeclt_1.16.0/GNU-tools-for-STM32/bin/../lib/gcc/arm-none-eabi/12.3.1/../../../../arm-none-eabi/lib/thumb/v7e-m/nofp/libg.a(libc_a-findfp.o)
                0x200007c4                __sf
 .bss.__stdio_exit_handler
                0x200008fc        0x4 /home/guanhuai/st/stm32cubeclt_1.16.0/GNU-tools-for-STM32/bin/../lib/gcc/arm-none-eabi/12.3.1/../../../../arm-none-eabi/lib/thumb/v7e-m/nofp/libg.a(libc_a-findfp.o)
                0x200008fc                __stdio_exit_handler
 .bss.errno     0x20000900        0x4 /home/guanhuai/st/stm32cubeclt_1.16.0/GNU-tools-for-STM32/bin/../lib/gcc/arm-none-eabi/12.3.1/../../../../arm-none-eabi/lib/thumb/v7e-m/nofp/libg.a(libc_a-reent.o)
                0x20000900                errno
 .bss.__lock___malloc_recursive_mutex
                0x20000904        0x1 /home/guanhuai/st/stm32cubeclt_1.16.0/GNU-tools-for-STM32/bin/../lib/gcc/arm-none-eabi/12.3.1/../../../../arm-none-eabi/lib/thumb/v7e-m/nofp/libg.a(libc_a-lock.o)
                0x20000904                __lock___malloc_recursive_mutex
 .bss.__lock___atexit_recursive_mutex
                0x20000905        0x1 /home/guanhuai/st/stm32cubeclt_1.16.0/GNU-tools-for-STM32/bin/../lib/gcc/arm-none-eabi/12.3.1/../../../../arm-none-eabi/lib/thumb/v7e-m/nofp/libg.a(libc_a-lock.o)
                0x20000905                __lock___atexit_recursive_mutex
 .bss.__lock___sfp_recursive_mutex
                0x20000906        0x1 /home/guanhuai/st/stm32cubeclt_1.16.0/GNU-tools-for-STM32/bin/../lib/gcc/arm-none-eabi/12.3.1/../../../../arm-none-eabi/lib/thumb/v7e-m/nofp/libg.a(libc_a-lock.o)
                0x20000906                __lock___sfp_recursive_mutex
 *fill*         0x20000907        0x1 
 .bss.__atexit  0x20000908        0x4 /home/guanhuai/st/stm32cubeclt_1.16.0/GNU-tools-for-STM32/bin/../lib/gcc/arm-none-eabi/12.3.1/../../../../arm-none-eabi/lib/thumb/v7e-m/nofp/libg.a(libc_a-__call_atexit.o)
                0x20000908                __atexit
 .bss.__malloc_current_mallinfo
                0x2000090c       0x28 /home/guanhuai/st/stm32cubeclt_1.16.0/GNU-tools-for-STM32/bin/../lib/gcc/arm-none-eabi/12.3.1/../../../../arm-none-eabi/lib/thumb/v7e-m/nofp/libg.a(libc_a-mallocr.o)
                0x2000090c                __malloc_current_mallinfo
 .bss.__malloc_max_total_mem
                0x20000934        0x4 /home/guanhuai/st/stm32cubeclt_1.16.0/GNU-tools-for-STM32/bin/../lib/gcc/arm-none-eabi/12.3.1/../../../../arm-none-eabi/lib/thumb/v7e-m/nofp/libg.a(libc_a-mallocr.o)
                0x20000934                __malloc_max_total_mem
 .bss.__malloc_max_sbrked_mem
                0x20000938        0x4 /home/guanhuai/st/stm32cubeclt_1.16.0/GNU-tools-for-STM32/bin/../lib/gcc/arm-none-eabi/12.3.1/../../../../arm-none-eabi/lib/thumb/v7e-m/nofp/libg.a(libc_a-mallocr.o)
                0x20000938                __malloc_max_sbrked_mem
 .bss.__malloc_top_pad
                0x2000093c        0x4 /home/guanhuai/st/stm32cubeclt_1.16.0/GNU-tools-for-STM32/bin/../lib/gcc/arm-none-eabi/12.3.1/../../../../arm-none-eabi/lib/thumb/v7e-m/nofp/libg.a(libc_a-mallocr.o)
                0x2000093c                __malloc_top_pad
 .bss.__atexit0
                0x20000940      0x190 /home/guanhuai/st/stm32cubeclt_1.16.0/GNU-tools-for-STM32/bin/../lib/gcc/arm-none-eabi/12.3.1/../../../../arm-none-eabi/lib/thumb/v7e-m/nofp/libg.a(libc_a-__atexit.o)
                0x20000940                __atexit0
 *(COMMON)
                0x20000ad0                        . = ALIGN (0x4)
                0x20000ad0                        _ebss = .
                0x20000ad0                        __bss_end__ = _ebss

._user_heap_stack
                0x20000ad0      0x600
                0x20000ad0                        . = ALIGN (0x8)
                [!provide]                        PROVIDE (end = .)
                0x20000ad0                        PROVIDE (_end = .)
                0x20000cd0                        . = (. + _Min_Heap_Size)
 *fill*         0x20000ad0      0x200 
                0x200010d0                        . = (. + _Min_Stack_Size)
 *fill*         0x20000cd0      0x400 
                0x200010d0                        . = ALIGN (0x8)

/DISCARD/
 libc.a(*)
 libm.a(*)
 libgcc.a(*)

.ARM.attributes
                0x00000000       0x2a
 *(.ARM.attributes)
 .ARM.attributes
                0x00000000       0x1e /home/guanhuai/st/stm32cubeclt_1.16.0/GNU-tools-for-STM32/bin/../lib/gcc/arm-none-eabi/12.3.1/thumb/v7e-m/nofp/crti.o
 .ARM.attributes
                0x0000001e       0x2e /home/guanhuai/st/stm32cubeclt_1.16.0/GNU-tools-for-STM32/bin/../lib/gcc/arm-none-eabi/12.3.1/thumb/v7e-m/nofp/crtbegin.o
 .ARM.attributes
                0x0000004c       0x2e CMakeFiles/Project3_UART.elf.dir/Core/Src/callback.c.obj
 .ARM.attributes
                0x0000007a       0x2e CMakeFiles/Project3_UART.elf.dir/Core/Src/gpio.c.obj
 .ARM.attributes
                0x000000a8       0x2e CMakeFiles/Project3_UART.elf.dir/Core/Src/main.c.obj
 .ARM.attributes
                0x000000d6       0x2e CMakeFiles/Project3_UART.elf.dir/Core/Src/stm32f4xx_hal_msp.c.obj
 .ARM.attributes
                0x00000104       0x2e CMakeFiles/Project3_UART.elf.dir/Core/Src/stm32f4xx_it.c.obj
 .ARM.attributes
                0x00000132       0x2e CMakeFiles/Project3_UART.elf.dir/Core/Src/syscalls.c.obj
 .ARM.attributes
                0x00000160       0x2e CMakeFiles/Project3_UART.elf.dir/Core/Src/sysmem.c.obj
 .ARM.attributes
                0x0000018e       0x2e CMakeFiles/Project3_UART.elf.dir/Core/Src/system_stm32f4xx.c.obj
 .ARM.attributes
                0x000001bc       0x2e CMakeFiles/Project3_UART.elf.dir/Core/Src/tim.c.obj
 .ARM.attributes
                0x000001ea       0x2e CMakeFiles/Project3_UART.elf.dir/Core/Src/usart.c.obj
 .ARM.attributes
                0x00000218       0x21 CMakeFiles/Project3_UART.elf.dir/Core/Startup/startup_stm32f407ighx.s.obj
 .ARM.attributes
                0x00000239       0x2e CMakeFiles/Project3_UART.elf.dir/Drivers/STM32F4xx_HAL_Driver/Src/stm32f4xx_hal.c.obj
 .ARM.attributes
                0x00000267       0x2e CMakeFiles/Project3_UART.elf.dir/Drivers/STM32F4xx_HAL_Driver/Src/stm32f4xx_hal_cortex.c.obj
 .ARM.attributes
                0x00000295       0x2e CMakeFiles/Project3_UART.elf.dir/Drivers/STM32F4xx_HAL_Driver/Src/stm32f4xx_hal_dma.c.obj
 .ARM.attributes
                0x000002c3       0x2e CMakeFiles/Project3_UART.elf.dir/Drivers/STM32F4xx_HAL_Driver/Src/stm32f4xx_hal_gpio.c.obj
 .ARM.attributes
                0x000002f1       0x2e CMakeFiles/Project3_UART.elf.dir/Drivers/STM32F4xx_HAL_Driver/Src/stm32f4xx_hal_rcc.c.obj
 .ARM.attributes
                0x0000031f       0x2e CMakeFiles/Project3_UART.elf.dir/Drivers/STM32F4xx_HAL_Driver/Src/stm32f4xx_hal_tim.c.obj
 .ARM.attributes
                0x0000034d       0x2e CMakeFiles/Project3_UART.elf.dir/Drivers/STM32F4xx_HAL_Driver/Src/stm32f4xx_hal_tim_ex.c.obj
 .ARM.attributes
                0x0000037b       0x2e CMakeFiles/Project3_UART.elf.dir/Drivers/STM32F4xx_HAL_Driver/Src/stm32f4xx_hal_uart.c.obj
 .ARM.attributes
                0x000003a9       0x1e /home/guanhuai/st/stm32cubeclt_1.16.0/GNU-tools-for-STM32/bin/../lib/gcc/arm-none-eabi/12.3.1/thumb/v7e-m/nofp/libgcc.a(_aeabi_uldivmod.o)
 .ARM.attributes
                0x000003c7       0x2e /home/guanhuai/st/stm32cubeclt_1.16.0/GNU-tools-for-STM32/bin/../lib/gcc/arm-none-eabi/12.3.1/thumb/v7e-m/nofp/libgcc.a(_udivmoddi4.o)
 .ARM.attributes
                0x000003f5       0x1e /home/guanhuai/st/stm32cubeclt_1.16.0/GNU-tools-for-STM32/bin/../lib/gcc/arm-none-eabi/12.3.1/thumb/v7e-m/nofp/libgcc.a(_dvmd_tls.o)
 .ARM.attributes
                0x00000413       0x2e /home/guanhuai/st/stm32cubeclt_1.16.0/GNU-tools-for-STM32/bin/../lib/gcc/arm-none-eabi/12.3.1/../../../../arm-none-eabi/lib/thumb/v7e-m/nofp/libg.a(libc_a-findfp.o)
 .ARM.attributes
                0x00000441       0x2e /home/guanhuai/st/stm32cubeclt_1.16.0/GNU-tools-for-STM32/bin/../lib/gcc/arm-none-eabi/12.3.1/../../../../arm-none-eabi/lib/thumb/v7e-m/nofp/libg.a(libc_a-fwalk.o)
 .ARM.attributes
                0x0000046f       0x2e /home/guanhuai/st/stm32cubeclt_1.16.0/GNU-tools-for-STM32/bin/../lib/gcc/arm-none-eabi/12.3.1/../../../../arm-none-eabi/lib/thumb/v7e-m/nofp/libg.a(libc_a-printf.o)
 .ARM.attributes
                0x0000049d       0x2e /home/guanhuai/st/stm32cubeclt_1.16.0/GNU-tools-for-STM32/bin/../lib/gcc/arm-none-eabi/12.3.1/../../../../arm-none-eabi/lib/thumb/v7e-m/nofp/libg.a(libc_a-puts.o)
 .ARM.attributes
                0x000004cb       0x2e /home/guanhuai/st/stm32cubeclt_1.16.0/GNU-tools-for-STM32/bin/../lib/gcc/arm-none-eabi/12.3.1/../../../../arm-none-eabi/lib/thumb/v7e-m/nofp/libg.a(libc_a-stdio.o)
 .ARM.attributes
                0x000004f9       0x2e /home/guanhuai/st/stm32cubeclt_1.16.0/GNU-tools-for-STM32/bin/../lib/gcc/arm-none-eabi/12.3.1/../../../../arm-none-eabi/lib/thumb/v7e-m/nofp/libg.a(libc_a-memset.o)
 .ARM.attributes
                0x00000527       0x2e /home/guanhuai/st/stm32cubeclt_1.16.0/GNU-tools-for-STM32/bin/../lib/gcc/arm-none-eabi/12.3.1/../../../../arm-none-eabi/lib/thumb/v7e-m/nofp/libg.a(libc_a-closer.o)
 .ARM.attributes
                0x00000555       0x2e /home/guanhuai/st/stm32cubeclt_1.16.0/GNU-tools-for-STM32/bin/../lib/gcc/arm-none-eabi/12.3.1/../../../../arm-none-eabi/lib/thumb/v7e-m/nofp/libg.a(libc_a-reent.o)
 .ARM.attributes
                0x00000583       0x2e /home/guanhuai/st/stm32cubeclt_1.16.0/GNU-tools-for-STM32/bin/../lib/gcc/arm-none-eabi/12.3.1/../../../../arm-none-eabi/lib/thumb/v7e-m/nofp/libg.a(libc_a-impure.o)
 .ARM.attributes
                0x000005b1       0x2e /home/guanhuai/st/stm32cubeclt_1.16.0/GNU-tools-for-STM32/bin/../lib/gcc/arm-none-eabi/12.3.1/../../../../arm-none-eabi/lib/thumb/v7e-m/nofp/libg.a(libc_a-lseekr.o)
 .ARM.attributes
                0x000005df       0x2e /home/guanhuai/st/stm32cubeclt_1.16.0/GNU-tools-for-STM32/bin/../lib/gcc/arm-none-eabi/12.3.1/../../../../arm-none-eabi/lib/thumb/v7e-m/nofp/libg.a(libc_a-readr.o)
 .ARM.attributes
                0x0000060d       0x2e /home/guanhuai/st/stm32cubeclt_1.16.0/GNU-tools-for-STM32/bin/../lib/gcc/arm-none-eabi/12.3.1/../../../../arm-none-eabi/lib/thumb/v7e-m/nofp/libg.a(libc_a-writer.o)
 .ARM.attributes
                0x0000063b       0x2e /home/guanhuai/st/stm32cubeclt_1.16.0/GNU-tools-for-STM32/bin/../lib/gcc/arm-none-eabi/12.3.1/../../../../arm-none-eabi/lib/thumb/v7e-m/nofp/libg.a(libc_a-errno.o)
 .ARM.attributes
                0x00000669       0x2e /home/guanhuai/st/stm32cubeclt_1.16.0/GNU-tools-for-STM32/bin/../lib/gcc/arm-none-eabi/12.3.1/../../../../arm-none-eabi/lib/thumb/v7e-m/nofp/libg.a(libc_a-init.o)
 .ARM.attributes
                0x00000697       0x2e /home/guanhuai/st/stm32cubeclt_1.16.0/GNU-tools-for-STM32/bin/../lib/gcc/arm-none-eabi/12.3.1/../../../../arm-none-eabi/lib/thumb/v7e-m/nofp/libg.a(libc_a-lock.o)
 .ARM.attributes
                0x000006c5       0x17 /home/guanhuai/st/stm32cubeclt_1.16.0/GNU-tools-for-STM32/bin/../lib/gcc/arm-none-eabi/12.3.1/../../../../arm-none-eabi/lib/thumb/v7e-m/nofp/libg.a(libc_a-strlen.o)
 .ARM.attributes
                0x000006dc       0x2e /home/guanhuai/st/stm32cubeclt_1.16.0/GNU-tools-for-STM32/bin/../lib/gcc/arm-none-eabi/12.3.1/../../../../arm-none-eabi/lib/thumb/v7e-m/nofp/libg.a(libc_a-__call_atexit.o)
 .ARM.attributes
                0x0000070a       0x2e /home/guanhuai/st/stm32cubeclt_1.16.0/GNU-tools-for-STM32/bin/../lib/gcc/arm-none-eabi/12.3.1/../../../../arm-none-eabi/lib/thumb/v7e-m/nofp/libg.a(libc_a-atexit.o)
 .ARM.attributes
                0x00000738       0x2e /home/guanhuai/st/stm32cubeclt_1.16.0/GNU-tools-for-STM32/bin/../lib/gcc/arm-none-eabi/12.3.1/../../../../arm-none-eabi/lib/thumb/v7e-m/nofp/libg.a(libc_a-freer.o)
 .ARM.attributes
                0x00000766       0x2e /home/guanhuai/st/stm32cubeclt_1.16.0/GNU-tools-for-STM32/bin/../lib/gcc/arm-none-eabi/12.3.1/../../../../arm-none-eabi/lib/thumb/v7e-m/nofp/libg.a(libc_a-mallocr.o)
 .ARM.attributes
                0x00000794       0x2e /home/guanhuai/st/stm32cubeclt_1.16.0/GNU-tools-for-STM32/bin/../lib/gcc/arm-none-eabi/12.3.1/../../../../arm-none-eabi/lib/thumb/v7e-m/nofp/libg.a(libc_a-mlock.o)
 .ARM.attributes
                0x000007c2       0x2e /home/guanhuai/st/stm32cubeclt_1.16.0/GNU-tools-for-STM32/bin/../lib/gcc/arm-none-eabi/12.3.1/../../../../arm-none-eabi/lib/thumb/v7e-m/nofp/libg.a(libc_a-vfprintf.o)
 .ARM.attributes
                0x000007f0       0x2e /home/guanhuai/st/stm32cubeclt_1.16.0/GNU-tools-for-STM32/bin/../lib/gcc/arm-none-eabi/12.3.1/../../../../arm-none-eabi/lib/thumb/v7e-m/nofp/libg.a(libc_a-vfiprintf.o)
 .ARM.attributes
                0x0000081e       0x2e /home/guanhuai/st/stm32cubeclt_1.16.0/GNU-tools-for-STM32/bin/../lib/gcc/arm-none-eabi/12.3.1/../../../../arm-none-eabi/lib/thumb/v7e-m/nofp/libg.a(libc_a-fclose.o)
 .ARM.attributes
                0x0000084c       0x2e /home/guanhuai/st/stm32cubeclt_1.16.0/GNU-tools-for-STM32/bin/../lib/gcc/arm-none-eabi/12.3.1/../../../../arm-none-eabi/lib/thumb/v7e-m/nofp/libg.a(libc_a-fflush.o)
 .ARM.attributes
                0x0000087a       0x2e /home/guanhuai/st/stm32cubeclt_1.16.0/GNU-tools-for-STM32/bin/../lib/gcc/arm-none-eabi/12.3.1/../../../../arm-none-eabi/lib/thumb/v7e-m/nofp/libg.a(libc_a-fvwrite.o)
 .ARM.attributes
                0x000008a8       0x2e /home/guanhuai/st/stm32cubeclt_1.16.0/GNU-tools-for-STM32/bin/../lib/gcc/arm-none-eabi/12.3.1/../../../../arm-none-eabi/lib/thumb/v7e-m/nofp/libg.a(libc_a-wsetup.o)
 .ARM.attributes
                0x000008d6       0x2e /home/guanhuai/st/stm32cubeclt_1.16.0/GNU-tools-for-STM32/bin/../lib/gcc/arm-none-eabi/12.3.1/../../../../arm-none-eabi/lib/thumb/v7e-m/nofp/libg.a(libc_a-fputwc.o)
 .ARM.attributes
                0x00000904       0x2e /home/guanhuai/st/stm32cubeclt_1.16.0/GNU-tools-for-STM32/bin/../lib/gcc/arm-none-eabi/12.3.1/../../../../arm-none-eabi/lib/thumb/v7e-m/nofp/libg.a(libc_a-memmove.o)
 .ARM.attributes
                0x00000932       0x2e /home/guanhuai/st/stm32cubeclt_1.16.0/GNU-tools-for-STM32/bin/../lib/gcc/arm-none-eabi/12.3.1/../../../../arm-none-eabi/lib/thumb/v7e-m/nofp/libg.a(libc_a-strncpy.o)
 .ARM.attributes
                0x00000960       0x2e /home/guanhuai/st/stm32cubeclt_1.16.0/GNU-tools-for-STM32/bin/../lib/gcc/arm-none-eabi/12.3.1/../../../../arm-none-eabi/lib/thumb/v7e-m/nofp/libg.a(libc_a-locale.o)
 .ARM.attributes
                0x0000098e       0x2e /home/guanhuai/st/stm32cubeclt_1.16.0/GNU-tools-for-STM32/bin/../lib/gcc/arm-none-eabi/12.3.1/../../../../arm-none-eabi/lib/thumb/v7e-m/nofp/libg.a(libc_a-localeconv.o)
 .ARM.attributes
                0x000009bc       0x2e /home/guanhuai/st/stm32cubeclt_1.16.0/GNU-tools-for-STM32/bin/../lib/gcc/arm-none-eabi/12.3.1/../../../../arm-none-eabi/lib/thumb/v7e-m/nofp/libg.a(libc_a-sbrkr.o)
 .ARM.attributes
                0x000009ea       0x2e /home/guanhuai/st/stm32cubeclt_1.16.0/GNU-tools-for-STM32/bin/../lib/gcc/arm-none-eabi/12.3.1/../../../../arm-none-eabi/lib/thumb/v7e-m/nofp/libg.a(libc_a-fini.o)
 .ARM.attributes
                0x00000a18       0x2e /home/guanhuai/st/stm32cubeclt_1.16.0/GNU-tools-for-STM32/bin/../lib/gcc/arm-none-eabi/12.3.1/../../../../arm-none-eabi/lib/thumb/v7e-m/nofp/libg.a(libc_a-sysconf.o)
 .ARM.attributes
                0x00000a46       0x1c /home/guanhuai/st/stm32cubeclt_1.16.0/GNU-tools-for-STM32/bin/../lib/gcc/arm-none-eabi/12.3.1/../../../../arm-none-eabi/lib/thumb/v7e-m/nofp/libg.a(libc_a-memchr.o)
 .ARM.attributes
                0x00000a62       0x2e /home/guanhuai/st/stm32cubeclt_1.16.0/GNU-tools-for-STM32/bin/../lib/gcc/arm-none-eabi/12.3.1/../../../../arm-none-eabi/lib/thumb/v7e-m/nofp/libg.a(libc_a-memcpy-stub.o)
 .ARM.attributes
                0x00000a90       0x2e /home/guanhuai/st/stm32cubeclt_1.16.0/GNU-tools-for-STM32/bin/../lib/gcc/arm-none-eabi/12.3.1/../../../../arm-none-eabi/lib/thumb/v7e-m/nofp/libg.a(libm_a-s_frexp.o)
 .ARM.attributes
                0x00000abe       0x2e /home/guanhuai/st/stm32cubeclt_1.16.0/GNU-tools-for-STM32/bin/../lib/gcc/arm-none-eabi/12.3.1/../../../../arm-none-eabi/lib/thumb/v7e-m/nofp/libg.a(libc_a-__atexit.o)
 .ARM.attributes
                0x00000aec       0x2e /home/guanhuai/st/stm32cubeclt_1.16.0/GNU-tools-for-STM32/bin/../lib/gcc/arm-none-eabi/12.3.1/../../../../arm-none-eabi/lib/thumb/v7e-m/nofp/libg.a(libc_a-dtoa.o)
 .ARM.attributes
                0x00000b1a       0x2e /home/guanhuai/st/stm32cubeclt_1.16.0/GNU-tools-for-STM32/bin/../lib/gcc/arm-none-eabi/12.3.1/../../../../arm-none-eabi/lib/thumb/v7e-m/nofp/libg.a(libc_a-mbtowc_r.o)
 .ARM.attributes
                0x00000b48       0x2e /home/guanhuai/st/stm32cubeclt_1.16.0/GNU-tools-for-STM32/bin/../lib/gcc/arm-none-eabi/12.3.1/../../../../arm-none-eabi/lib/thumb/v7e-m/nofp/libg.a(libc_a-mprec.o)
 .ARM.attributes
                0x00000b76       0x2e /home/guanhuai/st/stm32cubeclt_1.16.0/GNU-tools-for-STM32/bin/../lib/gcc/arm-none-eabi/12.3.1/../../../../arm-none-eabi/lib/thumb/v7e-m/nofp/libg.a(libc_a-reallocr.o)
 .ARM.attributes
                0x00000ba4       0x2e /home/guanhuai/st/stm32cubeclt_1.16.0/GNU-tools-for-STM32/bin/../lib/gcc/arm-none-eabi/12.3.1/../../../../arm-none-eabi/lib/thumb/v7e-m/nofp/libg.a(libc_a-wctomb_r.o)
 .ARM.attributes
                0x00000bd2       0x2e /home/guanhuai/st/stm32cubeclt_1.16.0/GNU-tools-for-STM32/bin/../lib/gcc/arm-none-eabi/12.3.1/../../../../arm-none-eabi/lib/thumb/v7e-m/nofp/libg.a(libc_a-wcrtomb.o)
 .ARM.attributes
                0x00000c00       0x2e /home/guanhuai/st/stm32cubeclt_1.16.0/GNU-tools-for-STM32/bin/../lib/gcc/arm-none-eabi/12.3.1/../../../../arm-none-eabi/lib/thumb/v7e-m/nofp/libg.a(libc_a-ctype_.o)
 .ARM.attributes
                0x00000c2e       0x2e /home/guanhuai/st/stm32cubeclt_1.16.0/GNU-tools-for-STM32/bin/../lib/gcc/arm-none-eabi/12.3.1/../../../../arm-none-eabi/lib/thumb/v7e-m/nofp/libg.a(libc_a-makebuf.o)
 .ARM.attributes
                0x00000c5c       0x2e /home/guanhuai/st/stm32cubeclt_1.16.0/GNU-tools-for-STM32/bin/../lib/gcc/arm-none-eabi/12.3.1/../../../../arm-none-eabi/lib/thumb/v7e-m/nofp/libg.a(libc_a-wbuf.o)
 .ARM.attributes
                0x00000c8a       0x2e /home/guanhuai/st/stm32cubeclt_1.16.0/GNU-tools-for-STM32/bin/../lib/gcc/arm-none-eabi/12.3.1/../../../../arm-none-eabi/lib/thumb/v7e-m/nofp/libg.a(libc_a-fstatr.o)
 .ARM.attributes
                0x00000cb8       0x2e /home/guanhuai/st/stm32cubeclt_1.16.0/GNU-tools-for-STM32/bin/../lib/gcc/arm-none-eabi/12.3.1/../../../../arm-none-eabi/lib/thumb/v7e-m/nofp/libg.a(libc_a-isattyr.o)
 .ARM.attributes
                0x00000ce6       0x2e /home/guanhuai/st/stm32cubeclt_1.16.0/GNU-tools-for-STM32/bin/../lib/gcc/arm-none-eabi/12.3.1/../../../../arm-none-eabi/lib/thumb/v7e-m/nofp/libg.a(libc_a-assert.o)
 .ARM.attributes
                0x00000d14       0x2e /home/guanhuai/st/stm32cubeclt_1.16.0/GNU-tools-for-STM32/bin/../lib/gcc/arm-none-eabi/12.3.1/../../../../arm-none-eabi/lib/thumb/v7e-m/nofp/libg.a(libc_a-callocr.o)
 .ARM.attributes
                0x00000d42       0x2e /home/guanhuai/st/stm32cubeclt_1.16.0/GNU-tools-for-STM32/bin/../lib/gcc/arm-none-eabi/12.3.1/../../../../arm-none-eabi/lib/thumb/v7e-m/nofp/libg.a(libc_a-fiprintf.o)
 .ARM.attributes
                0x00000d70       0x2e /home/guanhuai/st/stm32cubeclt_1.16.0/GNU-tools-for-STM32/bin/../lib/gcc/arm-none-eabi/12.3.1/../../../../arm-none-eabi/lib/thumb/v7e-m/nofp/libg.a(libc_a-abort.o)
 .ARM.attributes
                0x00000d9e       0x2e /home/guanhuai/st/stm32cubeclt_1.16.0/GNU-tools-for-STM32/bin/../lib/gcc/arm-none-eabi/12.3.1/../../../../arm-none-eabi/lib/thumb/v7e-m/nofp/libg.a(libc_a-signal.o)
 .ARM.attributes
                0x00000dcc       0x2e /home/guanhuai/st/stm32cubeclt_1.16.0/GNU-tools-for-STM32/bin/../lib/gcc/arm-none-eabi/12.3.1/../../../../arm-none-eabi/lib/thumb/v7e-m/nofp/libg.a(libc_a-signalr.o)
 .ARM.attributes
                0x00000dfa       0x1e /home/guanhuai/st/stm32cubeclt_1.16.0/GNU-tools-for-STM32/bin/../lib/gcc/arm-none-eabi/12.3.1/thumb/v7e-m/nofp/libgcc.a(_arm_addsubdf3.o)
 .ARM.attributes
                0x00000e18       0x1e /home/guanhuai/st/stm32cubeclt_1.16.0/GNU-tools-for-STM32/bin/../lib/gcc/arm-none-eabi/12.3.1/thumb/v7e-m/nofp/libgcc.a(_arm_muldivdf3.o)
 .ARM.attributes
                0x00000e36       0x1e /home/guanhuai/st/stm32cubeclt_1.16.0/GNU-tools-for-STM32/bin/../lib/gcc/arm-none-eabi/12.3.1/thumb/v7e-m/nofp/libgcc.a(_arm_cmpdf2.o)
 .ARM.attributes
                0x00000e54       0x1e /home/guanhuai/st/stm32cubeclt_1.16.0/GNU-tools-for-STM32/bin/../lib/gcc/arm-none-eabi/12.3.1/thumb/v7e-m/nofp/libgcc.a(_arm_unorddf2.o)
 .ARM.attributes
                0x00000e72       0x1e /home/guanhuai/st/stm32cubeclt_1.16.0/GNU-tools-for-STM32/bin/../lib/gcc/arm-none-eabi/12.3.1/thumb/v7e-m/nofp/libgcc.a(_arm_fixdfsi.o)
 .ARM.attributes
                0x00000e90       0x1e /home/guanhuai/st/stm32cubeclt_1.16.0/GNU-tools-for-STM32/bin/../lib/gcc/arm-none-eabi/12.3.1/thumb/v7e-m/nofp/crtn.o
OUTPUT(Project3_UART.elf elf32-littlearm)
LOAD linker stubs
LOAD /home/guanhuai/st/stm32cubeclt_1.16.0/GNU-tools-for-STM32/bin/../lib/gcc/arm-none-eabi/12.3.1/../../../../arm-none-eabi/lib/thumb/v7e-m/nofp/libc.a
LOAD /home/guanhuai/st/stm32cubeclt_1.16.0/GNU-tools-for-STM32/bin/../lib/gcc/arm-none-eabi/12.3.1/../../../../arm-none-eabi/lib/thumb/v7e-m/nofp/libm.a
LOAD /home/guanhuai/st/stm32cubeclt_1.16.0/GNU-tools-for-STM32/bin/../lib/gcc/arm-none-eabi/12.3.1/thumb/v7e-m/nofp/libgcc.a

.debug_info     0x00000000    0x2ecad
 .debug_info    0x00000000      0xa65 CMakeFiles/Project3_UART.elf.dir/Core/Src/callback.c.obj
 .debug_info    0x00000a65      0x654 CMakeFiles/Project3_UART.elf.dir/Core/Src/gpio.c.obj
 .debug_info    0x000010b9      0xf92 CMakeFiles/Project3_UART.elf.dir/Core/Src/main.c.obj
 .debug_info    0x0000204b      0x265 CMakeFiles/Project3_UART.elf.dir/Core/Src/stm32f4xx_hal_msp.c.obj
 .debug_info    0x000022b0      0xa10 CMakeFiles/Project3_UART.elf.dir/Core/Src/stm32f4xx_it.c.obj
 .debug_info    0x00002cc0      0x783 CMakeFiles/Project3_UART.elf.dir/Core/Src/syscalls.c.obj
 .debug_info    0x00003443      0x171 CMakeFiles/Project3_UART.elf.dir/Core/Src/sysmem.c.obj
 .debug_info    0x000035b4      0x334 CMakeFiles/Project3_UART.elf.dir/Core/Src/system_stm32f4xx.c.obj
 .debug_info    0x000038e8     0x10bf CMakeFiles/Project3_UART.elf.dir/Core/Src/tim.c.obj
 .debug_info    0x000049a7      0xc89 CMakeFiles/Project3_UART.elf.dir/Core/Src/usart.c.obj
 .debug_info    0x00005630       0x30 CMakeFiles/Project3_UART.elf.dir/Core/Startup/startup_stm32f407ighx.s.obj
 .debug_info    0x00005660      0x9e2 CMakeFiles/Project3_UART.elf.dir/Drivers/STM32F4xx_HAL_Driver/Src/stm32f4xx_hal.c.obj
 .debug_info    0x00006042      0xfbb CMakeFiles/Project3_UART.elf.dir/Drivers/STM32F4xx_HAL_Driver/Src/stm32f4xx_hal_cortex.c.obj
 .debug_info    0x00006ffd      0xad9 CMakeFiles/Project3_UART.elf.dir/Drivers/STM32F4xx_HAL_Driver/Src/stm32f4xx_hal_dma.c.obj
 .debug_info    0x00007ad6      0x704 CMakeFiles/Project3_UART.elf.dir/Drivers/STM32F4xx_HAL_Driver/Src/stm32f4xx_hal_gpio.c.obj
 .debug_info    0x000081da      0xa6d CMakeFiles/Project3_UART.elf.dir/Drivers/STM32F4xx_HAL_Driver/Src/stm32f4xx_hal_rcc.c.obj